clock-rk3399.c:292:15:rkclk_pll_get_rate	64	static
clock-rk3399.c:196:13:rkclk_pll_set_mode	0	static
clock-rk3399.c:680:13:rkclk_aplll_cb	0	static
clock-rk3399.c:686:13:rkclk_ppll_cb	0	static
clock-rk3399.c:635:13:rkclk_gpll_cb	0	static
clock-rk3399.c:176:13:rkclk_pll_wait_lock	16	static
clock-rk3399.c:221:12:rkclk_pll_set_rate	48	static
clock-rk3399.c:903:6:rkclk_pll_mode	32	static
clock-rk3399.c:930:6:rkclk_set_pll_rate_by_id	0	static
clock-rk3399.c:948:6:rkclk_set_pll	16	static
clock-rk3399.c:962:8:rkclk_get_pll_rate_by_id	0	static
clock-rk3399.c:971:6:rkclk_get_pll	32	static
clock-rk3399.c:456:5:rkclk_pll_set_any_freq	80	static
clock-rk3399.c:1018:6:rkclk_dump_pll	16	static
clock-rk3399.c:1228:5:rkclk_lcdc_dclk_pll_sel	0	static
clock-rk3399.c:1258:5:rkclk_lcdc_clk_set	64	static
clock-rk3399.c:1282:8:rkclk_get_sdhci_emmc_clk	32	static
clock-rk3399.c:1306:8:rkclk_set_sdhci_emmc_clk	0	static
clock-rk3399.c:1426:6:rkclk_set_mmc_clk_src	0	static
clock-rk3399.c:1442:8:rkclk_get_mmc_clk	0	static
clock-rk3399.c:1464:8:rkclk_get_mmc_freq_from_gpll	32	static
clock-rk3399.c:1478:5:rkclk_set_mmc_clk_div	0	static
clock-rk3399.c:1498:7:rkclk_set_mmc_clk_freq	64	static
clock-rk3399.c:1552:5:rkclk_set_mmc_tuning	0	static
clock-rk3399.c:1560:5:rkclk_disable_mmc_tuning	0	static
clock-rk3399.c:1572:14:rkclk_get_pwm_clk	32	static
clock-rk3399.c:1612:14:rkclk_get_i2c_clk	32	static
clock-rk3399.c:1674:14:rkclk_get_spi_clk	0	static
clock-rk3399.c:1747:6:rkcru_cpu_soft_reset	16	static
clock-rk3399.c:1760:6:rkcru_mmc_soft_reset	32	static
clock-rk3399.c:1784:6:rkcru_i2c_soft_reset	16	static
clock-rk3399.c:1800:6:rkcru_pcie_soft_reset	0	static
