rk32_dp_reg.c:13:6:rk32_edp_enable_video_mute	0	static
rk32_dp_reg.c:28:6:rk32_edp_stop_video	0	static
rk32_dp_reg.c:37:6:rk32_edp_lane_swap	0	static
rk32_dp_reg.c:52:6:rk32_edp_init_refclk	0	static
rk32_dp_reg.c:137:6:rk32_edp_init_interrupt	0	static
rk32_dp_reg.c:158:6:rk32_edp_reset	32	static
rk32_dp_reg.c:203:6:rk32_edp_config_interrupt	0	static
rk32_dp_reg.c:220:5:rk32_edp_get_pll_lock_status	0	static
rk32_dp_reg.c:232:6:rk32_edp_analog_power_ctr	32	static
rk32_dp_reg.c:250:6:rk32_edp_init_analog_func	32	static
rk32_dp_reg.c:281:6:rk32_edp_init_hpd	0	static
rk32_dp_reg.c:296:6:rk32_edp_reset_aux	0	static
rk32_dp_reg.c:306:6:rk32_edp_init_aux	32	static
rk32_dp_reg.c:331:5:rk32_edp_get_plug_in_status	0	static
rk32_dp_reg.c:342:6:rk32_edp_enable_sw_function	0	static
rk32_dp_reg.c:350:5:rk32_edp_start_aux_transaction	48	static
rk32_dp_reg.c:407:5:rk32_edp_write_byte_to_dpcd	96	static
rk32_dp_reg.c:451:5:rk32_edp_read_byte_from_dpcd	96	static
rk32_dp_reg.c:495:5:rk32_edp_write_bytes_to_dpcd	128	static
rk32_dp_reg.c:558:5:rk32_edp_read_bytes_from_dpcd	128	static
rk32_dp_reg.c:623:5:rk32_edp_select_i2c_device	32	static
rk32_dp_reg.c:656:5:rk32_edp_read_byte_from_i2c	96	static
rk32_dp_reg.c:700:5:rk32_edp_read_bytes_from_i2c	112	static
rk32_dp_reg.c:767:6:rk32_edp_set_link_bandwidth	0	static
rk32_dp_reg.c:776:6:rk32_edp_get_link_bandwidth	0	static
rk32_dp_reg.c:784:6:rk32_edp_hw_link_training_en	0	static
rk32_dp_reg.c:791:5:rk32_edp_wait_hw_lt_done	0	static
rk32_dp_reg.c:808:5:rk32_edp_get_hw_lt_status	0	static
rk32_dp_reg.c:814:6:rk32_edp_set_lane_count	0	static
rk32_dp_reg.c:822:6:rk32_edp_get_lane_count	0	static
rk32_dp_reg.c:830:6:rk32_edp_enable_enhanced_mode	0	static
rk32_dp_reg.c:845:6:rk32_edp_set_training_pattern	0	static
rk32_dp_reg.c:878:6:rk32_edp_set_lane0_pre_emphasis	0	static
rk32_dp_reg.c:886:6:rk32_edp_set_lane1_pre_emphasis	0	static
rk32_dp_reg.c:894:6:rk32_edp_set_lane2_pre_emphasis	0	static
rk32_dp_reg.c:902:6:rk32_edp_set_lane3_pre_emphasis	0	static
rk32_dp_reg.c:910:6:rk32_edp_set_lane0_link_training	0	static
rk32_dp_reg.c:919:6:rk32_edp_set_lane1_link_training	0	static
rk32_dp_reg.c:928:6:rk32_edp_set_lane2_link_training	0	static
rk32_dp_reg.c:937:6:rk32_edp_set_lane3_link_training	0	static
rk32_dp_reg.c:946:5:rk32_edp_get_lane0_link_training	0	static
rk32_dp_reg.c:954:5:rk32_edp_get_lane1_link_training	0	static
rk32_dp_reg.c:962:5:rk32_edp_get_lane2_link_training	0	static
rk32_dp_reg.c:970:5:rk32_edp_get_lane3_link_training	0	static
rk32_dp_reg.c:978:6:rk32_edp_reset_macro	0	static
rk32_dp_reg.c:993:5:rk32_edp_init_video	0	static
rk32_dp_reg.c:1015:6:rk32_edp_set_video_color_format	0	static
rk32_dp_reg.c:1039:5:rk32_edp_is_slave_video_stream_clock_on	16	static
rk32_dp_reg.c:1066:6:rk32_edp_set_video_cr_mn	0	static
rk32_dp_reg.c:1101:6:rk32_edp_set_video_timing_mode	0	static
rk32_dp_reg.c:1186:6:rk32_edp_enable_video_master	0	static
rk32_dp_reg.c:1203:6:rk32_edp_start_video	0	static
rk32_dp_reg.c:1212:5:rk32_edp_is_video_stream_on	0	static
rk32_dp_reg.c:1228:6:rk32_edp_config_video_slave_mode	0	static
rk32_dp_reg.c:1256:6:rk32_edp_enable_scrambling	0	static
rk32_dp_reg.c:1265:6:rk32_edp_disable_scrambling	0	static
rk32_dp_reg.c:1274:18:rk32_edp_get_irq_type	0	static
rk32_dp_reg.c:1292:6:rk32_edp_clear_hotplug_interrupts	0	static
