rockchip_analogix_dp_reg.c:36:6:analogix_dp_enable_video_mute	0	static
rockchip_analogix_dp_reg.c:51:6:analogix_dp_stop_video	0	static
rockchip_analogix_dp_reg.c:60:6:analogix_dp_lane_swap	0	static
rockchip_analogix_dp_reg.c:74:6:analogix_dp_init_analog_param	0	static
rockchip_analogix_dp_reg.c:109:6:analogix_dp_init_interrupt	0	static
rockchip_analogix_dp_reg.c:129:6:analogix_dp_reset	32	static
rockchip_analogix_dp_reg.c:174:6:analogix_dp_swreset	0	static
rockchip_analogix_dp_reg.c:179:6:analogix_dp_config_interrupt	0	static
rockchip_analogix_dp_reg.c:200:6:analogix_dp_mute_hpd_interrupt	0	static
rockchip_analogix_dp_reg.c:214:6:analogix_dp_unmute_hpd_interrupt	0	static
rockchip_analogix_dp_reg.c:226:17:analogix_dp_get_pll_lock_status	0	static
rockchip_analogix_dp_reg.c:237:6:analogix_dp_set_pll_power_down	0	static
rockchip_analogix_dp_reg.c:252:6:analogix_dp_set_analog_power_down	0	static
rockchip_analogix_dp_reg.c:343:6:analogix_dp_init_analog_func	32	static
rockchip_analogix_dp_reg.c:378:6:analogix_dp_clear_hotplug_interrupts	0	static
rockchip_analogix_dp_reg.c:392:6:analogix_dp_init_hpd	32	static
rockchip_analogix_dp_reg.c:406:6:analogix_dp_force_hpd	0	static
rockchip_analogix_dp_reg.c:415:18:analogix_dp_get_irq_type	16	static
rockchip_analogix_dp_reg.c:442:6:analogix_dp_reset_aux	0	static
rockchip_analogix_dp_reg.c:452:6:analogix_dp_init_aux	32	static
rockchip_analogix_dp_reg.c:483:5:analogix_dp_get_plug_in_status	16	static
rockchip_analogix_dp_reg.c:499:6:analogix_dp_enable_sw_function	0	static
rockchip_analogix_dp_reg.c:508:5:analogix_dp_start_aux_transaction	48	static
rockchip_analogix_dp_reg.c:552:5:analogix_dp_write_byte_to_dpcd	80	static
rockchip_analogix_dp_reg.c:596:5:analogix_dp_read_byte_from_dpcd	96	static
rockchip_analogix_dp_reg.c:640:5:analogix_dp_write_bytes_to_dpcd	128	static
rockchip_analogix_dp_reg.c:705:5:analogix_dp_read_bytes_from_dpcd	128	static
rockchip_analogix_dp_reg.c:771:5:analogix_dp_select_i2c_device	0	static
rockchip_analogix_dp_reg.c:804:5:analogix_dp_read_byte_from_i2c	80	static
rockchip_analogix_dp_reg.c:848:5:analogix_dp_read_bytes_from_i2c	112	static
rockchip_analogix_dp_reg.c:920:6:analogix_dp_set_link_bandwidth	0	static
rockchip_analogix_dp_reg.c:929:6:analogix_dp_get_link_bandwidth	0	static
rockchip_analogix_dp_reg.c:937:6:analogix_dp_set_lane_count	0	static
rockchip_analogix_dp_reg.c:945:6:analogix_dp_get_lane_count	0	static
rockchip_analogix_dp_reg.c:953:6:analogix_dp_enable_enhanced_mode	0	static
rockchip_analogix_dp_reg.c:969:6:analogix_dp_set_training_pattern	0	static
rockchip_analogix_dp_reg.c:1002:6:analogix_dp_set_lane0_pre_emphasis	0	static
rockchip_analogix_dp_reg.c:1013:6:analogix_dp_set_lane1_pre_emphasis	0	static
rockchip_analogix_dp_reg.c:1024:6:analogix_dp_set_lane2_pre_emphasis	0	static
rockchip_analogix_dp_reg.c:1035:6:analogix_dp_set_lane3_pre_emphasis	0	static
rockchip_analogix_dp_reg.c:1046:6:analogix_dp_set_lane0_link_training	0	static
rockchip_analogix_dp_reg.c:1055:6:analogix_dp_set_lane1_link_training	0	static
rockchip_analogix_dp_reg.c:1064:6:analogix_dp_set_lane2_link_training	0	static
rockchip_analogix_dp_reg.c:1073:6:analogix_dp_set_lane3_link_training	0	static
rockchip_analogix_dp_reg.c:1082:5:analogix_dp_get_lane0_link_training	0	static
rockchip_analogix_dp_reg.c:1090:5:analogix_dp_get_lane1_link_training	0	static
rockchip_analogix_dp_reg.c:1098:5:analogix_dp_get_lane2_link_training	0	static
rockchip_analogix_dp_reg.c:1106:5:analogix_dp_get_lane3_link_training	0	static
rockchip_analogix_dp_reg.c:1114:6:analogix_dp_reset_macro	32	static
rockchip_analogix_dp_reg.c:1129:6:analogix_dp_init_video	0	static
rockchip_analogix_dp_reg.c:1149:6:analogix_dp_set_video_color_format	0	static
rockchip_analogix_dp_reg.c:1169:5:analogix_dp_is_slave_video_stream_clock_on	0	static
rockchip_analogix_dp_reg.c:1197:6:analogix_dp_set_video_cr_mn	0	static
rockchip_analogix_dp_reg.c:1231:6:analogix_dp_set_video_timing_mode	0	static
rockchip_analogix_dp_reg.c:1246:6:analogix_dp_enable_video_master	0	static
rockchip_analogix_dp_reg.c:1263:6:analogix_dp_start_video	0	static
rockchip_analogix_dp_reg.c:1272:5:analogix_dp_is_video_stream_on	0	static
rockchip_analogix_dp_reg.c:1288:6:analogix_dp_config_video_slave_mode	0	static
rockchip_analogix_dp_reg.c:1316:6:analogix_dp_enable_scrambling	0	static
rockchip_analogix_dp_reg.c:1325:6:analogix_dp_disable_scrambling	0	static
