
Discarded input sections

 .data          0x0000000000000000        0x0 arch/arm/cpu/armv8/start.o
 .bss           0x0000000000000000        0x0 arch/arm/cpu/armv8/start.o
 .text.set_pgtable_section
                0x0000000000000000       0x14 arch/arm/cpu/armv8/built-in.o
 .text.dcache_status
                0x0000000000000000       0x34 arch/arm/cpu/armv8/built-in.o
 .text.icache_status
                0x0000000000000000       0x34 arch/arm/cpu/armv8/built-in.o
 .text.enable_caches
                0x0000000000000000       0x14 arch/arm/cpu/armv8/built-in.o
 .data          0x0000000000000000        0x0 arch/arm/cpu/armv8/built-in.o
 .bss           0x0000000000000000        0x0 arch/arm/cpu/armv8/built-in.o
 .text          0x0000000000000000        0x0 arch/arm/cpu/armv8/rk33xx/built-in.o
 .text.get_usec_timer
                0x0000000000000000       0xb8 arch/arm/cpu/armv8/rk33xx/built-in.o
 .text.get_tbclk
                0x0000000000000000        0x8 arch/arm/cpu/armv8/rk33xx/built-in.o
 .text.rkclk_set_pll_rate_by_id
                0x0000000000000000       0x28 arch/arm/cpu/armv8/rk33xx/built-in.o
 .text.rkclk_get_pll_rate_by_id
                0x0000000000000000        0x4 arch/arm/cpu/armv8/rk33xx/built-in.o
 .text.rkclk_get_sdhci_emmc_clk
                0x0000000000000000       0x84 arch/arm/cpu/armv8/rk33xx/built-in.o
 .text.rkclk_set_mmc_clk_freq
                0x0000000000000000      0x1a4 arch/arm/cpu/armv8/rk33xx/built-in.o
 .text.rkclk_set_mmc_tuning
                0x0000000000000000        0x8 arch/arm/cpu/armv8/rk33xx/built-in.o
 .text.rkclk_get_spi_clk
                0x0000000000000000       0x80 arch/arm/cpu/armv8/rk33xx/built-in.o
 .text.rkcru_pcie_soft_reset
                0x0000000000000000       0x8c arch/arm/cpu/armv8/rk33xx/built-in.o
 .text.gic_set_irq_type
                0x0000000000000000       0xa8 arch/arm/cpu/armv8/rk33xx/built-in.o
 .text.gpio_irq_set_type
                0x0000000000000000      0x124 arch/arm/cpu/armv8/rk33xx/built-in.o
 .text.irq_set_irq_type
                0x0000000000000000       0x38 arch/arm/cpu/armv8/rk33xx/built-in.o
 .rodata.__func__.5376
                0x0000000000000000       0x18 arch/arm/cpu/armv8/rk33xx/built-in.o
 .rodata.gic_set_irq_type
                0x0000000000000000        0x8 arch/arm/cpu/armv8/rk33xx/built-in.o
 .rodata.gpio_irq_set_type
                0x0000000000000000        0x8 arch/arm/cpu/armv8/rk33xx/built-in.o
 .data          0x0000000000000000        0x0 arch/arm/cpu/armv8/rk33xx/built-in.o
 .bss           0x0000000000000000        0x0 arch/arm/cpu/armv8/rk33xx/built-in.o
 .text.flush_cache
                0x0000000000000000        0x4 arch/arm/lib/built-in.o
 .text.flush_dcache_all
                0x0000000000000000        0xc arch/arm/lib/built-in.o
 .text.enable_caches
                0x0000000000000000        0xc arch/arm/lib/built-in.o
 .data          0x0000000000000000        0x0 arch/arm/lib/built-in.o
 .__secure_start
                0x0000000000000000        0x0 arch/arm/lib/built-in.o
 .__end         0x0000000000000000        0x0 arch/arm/lib/built-in.o
 .__secure_end  0x0000000000000000        0x0 arch/arm/lib/built-in.o
 .bss           0x0000000000000000        0x0 arch/arm/lib/built-in.o
 .text          0x0000000000000000        0x0 board/rockchip/common/built-in.o
 .text.P_RC4_ext
                0x0000000000000000      0x108 board/rockchip/common/built-in.o
 .text.DRVDelayMs
                0x0000000000000000       0x10 board/rockchip/common/built-in.o
 .text.EmmcPowerEn
                0x0000000000000000       0x44 board/rockchip/common/built-in.o
 .text.SCUSetSDClkFreq
                0x0000000000000000        0x8 board/rockchip/common/built-in.o
 .text.SCUSetTuning
                0x0000000000000000        0x8 board/rockchip/common/built-in.o
 .text.dump_disk_partitions
                0x0000000000000000       0x7c board/rockchip/common/built-in.o
 .text.rkidb_get_rc4_flag
                0x0000000000000000       0x54 board/rockchip/common/built-in.o
 .text.rkidb_get_mac_address
                0x0000000000000000       0x98 board/rockchip/common/built-in.o
 .text.rkidb_erase_drm_key
                0x0000000000000000       0x50 board/rockchip/common/built-in.o
 .text.rkkey_power_state
                0x0000000000000000       0x48 board/rockchip/common/built-in.o
 .text.rkkey_get_powerkey
                0x0000000000000000       0x18 board/rockchip/common/built-in.o
 .text.powerOff
                0x0000000000000000       0x28 board/rockchip/common/built-in.o
 .text.get_exit_uboot_charge_level
                0x0000000000000000       0x64 board/rockchip/common/built-in.o
 .text.board_fbt_exit_uboot_charge
                0x0000000000000000       0xf8 board/rockchip/common/built-in.o
 .text._MMCDoTuning.part.0
                0x0000000000000000       0xec board/rockchip/common/built-in.o
 .text.MMC_GetMID
                0x0000000000000000       0x4c board/rockchip/common/built-in.o
[...]
Memory Configuration

Name             Origin             Length             Attributes
*default*        0x0000000000000000 0xffffffffffffffff

Linker script and memory map

Address of section .text set to 0x200000
                0x0000000000000000                . = 0x0
                0x0000000000000000                . = ALIGN (0x8)

.text           0x0000000000200000    0x4f1dc
 *(.__image_copy_start)
 .__image_copy_start
                0x0000000000200000        0x0 arch/arm/lib/built-in.o
                0x0000000000200000                __image_copy_start
 arch/arm/cpu/armv8/start.o(.text*)
 .text          0x0000000000200000      0x3a8 arch/arm/cpu/armv8/start.o
                0x0000000000200000                _start
                0x0000000000200008                RSA_KEY_TAG
                0x000000000020000c                RSA_KEY_LENGTH
                0x0000000000200010                RSA_KEY_DATA
                0x0000000000200208                LoaderTagCheck
                0x0000000000200220                _TEXT_BASE
                0x0000000000200228                _end_ofs
                0x0000000000200230                _bss_start_ofs
                0x0000000000200238                _bss_end_ofs
                0x00000000002002c8                apply_core_errata
                0x00000000002002ec                lowlevel_init
                0x0000000000200334                smp_kick_all_cpus
                0x0000000000200348                c_runtime_cpu_setup
 *(.text*)
 *fill*         0x00000000002003a8      0x458 
 .text          0x0000000000200800     0x1264 arch/arm/cpu/armv8/built-in.o
                0x0000000000200800                vectors
                0x0000000000201800                __asm_flush_dcache_level
                0x0000000000201864                __asm_dcache_all
                0x00000000002018c4                __asm_flush_dcache_all
                0x00000000002018d8                __asm_invalidate_dcache_all
                0x00000000002018ec                __asm_flush_dcache_range
                0x0000000000201920                __asm_invalidate_icache_all
                0x000000000020192c                __asm_invalidate_tlb_all
                0x0000000000201978                armv8_switch_to_el2
                0x00000000002019d8                armv8_switch_to_el1
 .text.cleanup_before_linux
                0x0000000000201a64       0x24 arch/arm/cpu/armv8/built-in.o
                0x0000000000201a64                cleanup_before_linux
 .text.invalidate_dcache_all
                0x0000000000201a88        0x4 arch/arm/cpu/armv8/built-in.o
                0x0000000000201a88                invalidate_dcache_all
 .text.flush_l3_cache
                0x0000000000201a8c        0x4 arch/arm/cpu/armv8/built-in.o
                0x0000000000201a8c                flush_l3_cache
 .text.flush_dcache_all
                0x0000000000201a90       0x14 arch/arm/cpu/armv8/built-in.o
                0x0000000000201a90                flush_dcache_all
 .text.invalidate_dcache_range
                0x0000000000201aa4        0x4 arch/arm/cpu/armv8/built-in.o
                0x0000000000201aa4                invalidate_dcache_range
 .text.flush_dcache_range
                0x0000000000201aa8        0x4 arch/arm/cpu/armv8/built-in.o
                0x0000000000201aa8                flush_dcache_range
 .text.dcache_enable
                0x0000000000201aac      0x248 arch/arm/cpu/armv8/built-in.o
                0x0000000000201aac                dcache_enable
 .text.dcache_disable
                0x0000000000201cf4       0x88 arch/arm/cpu/armv8/built-in.o
                0x0000000000201cf4                dcache_disable
 .text.icache_enable
                0x0000000000201d7c       0x74 arch/arm/cpu/armv8/built-in.o
                0x0000000000201d7c                icache_enable
 .text.icache_disable
                0x0000000000201df0       0x64 arch/arm/cpu/armv8/built-in.o
                0x0000000000201df0                icache_disable
 .text.invalidate_icache_all
                0x0000000000201e54        0x4 arch/arm/cpu/armv8/built-in.o
                0x0000000000201e54                invalidate_icache_all
 .text.flush_cache
                0x0000000000201e58        0x8 arch/arm/cpu/armv8/built-in.o
                0x0000000000201e58                flush_cache
 .text.enable_caches
                0x0000000000201e60       0x14 arch/arm/cpu/armv8/rk33xx/built-in.o
                0x0000000000201e60                enable_caches
 .text.rk_get_bootrom_chip_version
                0x0000000000201e74       0x2c arch/arm/cpu/armv8/rk33xx/built-in.o
                0x0000000000201e74                rk_get_bootrom_chip_version
 .text.rk_get_chiptype
                0x0000000000201ea0       0x24 arch/arm/cpu/armv8/rk33xx/built-in.o
                0x0000000000201ea0                rk_get_chiptype
 .text.rk_get_cpu_version
                0x0000000000201ec4        0x8 arch/arm/cpu/armv8/rk33xx/built-in.o
                0x0000000000201ec4                rk_get_cpu_version
 .text.arch_cpu_init
                0x0000000000201ecc       0x50 arch/arm/cpu/armv8/rk33xx/built-in.o
                0x0000000000201ecc                arch_cpu_init
 .text.print_cpuinfo
                0x0000000000201f1c       0x58 arch/arm/cpu/armv8/rk33xx/built-in.o
                0x0000000000201f1c                print_cpuinfo
 .text.reset_timer_masked
                0x0000000000201f74       0x1c arch/arm/cpu/armv8/rk33xx/built-in.o
                0x0000000000201f74                reset_timer_masked
 .text.timer_init
                0x0000000000201f90       0x34 arch/arm/cpu/armv8/rk33xx/built-in.o
                0x0000000000201f90                timer_init
 .text.__udelay
                0x0000000000201fc4       0xa0 arch/arm/cpu/armv8/rk33xx/built-in.o
                0x0000000000201fc4                __udelay
 .text.get_timer_masked
                0x0000000000202064       0xa4 arch/arm/cpu/armv8/rk33xx/built-in.o
                0x0000000000202064                get_timer_masked
 .text.get_timer
                0x0000000000202108       0x24 arch/arm/cpu/armv8/rk33xx/built-in.o
                0x0000000000202108                get_timer
 .text.get_ticks
                0x000000000020212c        0x4 arch/arm/cpu/armv8/rk33xx/built-in.o
                0x000000000020212c                get_ticks
 .text.rkclk_pll_get_rate
                0x0000000000202130      0x188 arch/arm/cpu/armv8/rk33xx/built-in.o
 .text.rkclk_pll_set_mode
                0x00000000002022b8       0x9c arch/arm/cpu/armv8/rk33xx/built-in.o
 .text.rkclk_aplll_cb
                0x0000000000202354       0x74 arch/arm/cpu/armv8/rk33xx/built-in.o
 .text.rkclk_ppll_cb
                0x00000000002023c8       0x18 arch/arm/cpu/armv8/rk33xx/built-in.o
 .text.rkclk_gpll_cb
                0x00000000002023e0       0x40 arch/arm/cpu/armv8/rk33xx/built-in.o
 .text.rkclk_pll_wait_lock
                0x0000000000202420       0x90 arch/arm/cpu/armv8/rk33xx/built-in.o
 .text.rkclk_pll_set_rate
                0x00000000002024b0      0x17c arch/arm/cpu/armv8/rk33xx/built-in.o
 .text.rkclk_pll_mode
                0x000000000020262c       0xc4 arch/arm/cpu/armv8/rk33xx/built-in.o
                0x000000000020262c                rkclk_pll_mode
 .text.rkclk_set_pll
                0x00000000002026f0      0x228 arch/arm/cpu/armv8/rk33xx/built-in.o
                0x00000000002026f0                rkclk_set_pll
 .text.rkclk_get_pll
                0x0000000000202918      0x168 arch/arm/cpu/armv8/rk33xx/built-in.o
                0x0000000000202918                rkclk_get_pll
 .text.rkclk_pll_set_any_freq
                0x0000000000202a80      0x3e4 arch/arm/cpu/armv8/rk33xx/built-in.o
                0x0000000000202a80                rkclk_pll_set_any_freq
 .text.rkclk_dump_pll
                0x0000000000202e64       0xfc arch/arm/cpu/armv8/rk33xx/built-in.o
                0x0000000000202e64                rkclk_dump_pll
 .text.rkclk_lcdc_dclk_pll_sel
                0x0000000000202f60       0x4c arch/arm/cpu/armv8/rk33xx/built-in.o
                0x0000000000202f60                rkclk_lcdc_dclk_pll_sel
 .text.rkclk_lcdc_clk_set
                0x0000000000202fac      0x1cc arch/arm/cpu/armv8/rk33xx/built-in.o
                0x0000000000202fac                rkclk_lcdc_clk_set
 .text.rkclk_set_sdhci_emmc_clk
                0x0000000000203178       0x88 arch/arm/cpu/armv8/rk33xx/built-in.o
                0x0000000000203178                rkclk_set_sdhci_emmc_clk
 .text.rkclk_set_mmc_clk_src
                0x0000000000203200       0x4c arch/arm/cpu/armv8/rk33xx/built-in.o
                0x0000000000203200                rkclk_set_mmc_clk_src
 .text.rkclk_get_mmc_clk
                0x000000000020324c       0x64 arch/arm/cpu/armv8/rk33xx/built-in.o
                0x000000000020324c                rkclk_get_mmc_clk
 .text.rkclk_get_mmc_freq_from_gpll
                0x00000000002032b0       0x30 arch/arm/cpu/armv8/rk33xx/built-in.o
                0x00000000002032b0                rkclk_get_mmc_freq_from_gpll
 .text.rkclk_set_mmc_clk_div
                0x00000000002032e0       0x48 arch/arm/cpu/armv8/rk33xx/built-in.o
                0x00000000002032e0                rkclk_set_mmc_clk_div
 .text.rkclk_disable_mmc_tuning
                0x0000000000203328        0x8 arch/arm/cpu/armv8/rk33xx/built-in.o
                0x0000000000203328                rkclk_disable_mmc_tuning
 .text.rkclk_get_pwm_clk
                0x0000000000203330       0xa8 arch/arm/cpu/armv8/rk33xx/built-in.o
                0x0000000000203330                rkclk_get_pwm_clk
 .text.rkclk_get_i2c_clk
                0x00000000002033d8      0x118 arch/arm/cpu/armv8/rk33xx/built-in.o
                0x00000000002033d8                rkclk_get_i2c_clk
 .text.rkcru_cpu_soft_reset
                0x00000000002034f0       0x28 arch/arm/cpu/armv8/rk33xx/built-in.o
                0x00000000002034f0                rkcru_cpu_soft_reset
 .text.rkcru_mmc_soft_reset
                0x0000000000203518       0x60 arch/arm/cpu/armv8/rk33xx/built-in.o
                0x0000000000203518                rkcru_mmc_soft_reset
 .text.rkcru_i2c_soft_reset
                0x0000000000203578       0x60 arch/arm/cpu/armv8/rk33xx/built-in.o
                0x0000000000203578                rkcru_i2c_soft_reset
 .text.gic_handler_enable
                0x00000000002035d8       0x4c arch/arm/cpu/armv8/rk33xx/built-in.o
 .text.gic_handler_disable
                0x0000000000203624       0x4c arch/arm/cpu/armv8/rk33xx/built-in.o
 .text.gpio_irq_disable
                0x0000000000203670       0x5c arch/arm/cpu/armv8/rk33xx/built-in.o
 .text.gpio_irq_enable
                0x00000000002036cc       0x5c arch/arm/cpu/armv8/rk33xx/built-in.o
 .text.gpio_irq_handler
                0x0000000000203728      0x138 arch/arm/cpu/armv8/rk33xx/built-in.o
 .text.irq_handler_enable
                0x0000000000203860       0x38 arch/arm/cpu/armv8/rk33xx/built-in.o
                0x0000000000203860                irq_handler_enable
 .text.irq_handler_disable
                0x0000000000203898       0x38 arch/arm/cpu/armv8/rk33xx/built-in.o
                0x0000000000203898                irq_handler_disable
 .text.irq_install_handler
                0x00000000002038d0       0x48 arch/arm/cpu/armv8/rk33xx/built-in.o
                0x00000000002038d0                irq_install_handler
 .text.irq_uninstall_handler
                0x0000000000203918       0x18 arch/arm/cpu/armv8/rk33xx/built-in.o
                0x0000000000203918                irq_uninstall_handler
 .text.enable_interrupts
                0x0000000000203930        0x8 arch/arm/cpu/armv8/rk33xx/built-in.o
                0x0000000000203930                enable_interrupts
 .text.disable_interrupts
                0x0000000000203938        0xc arch/arm/cpu/armv8/rk33xx/built-in.o
                0x0000000000203938                disable_interrupts
 .text.do_irq   0x0000000000203944       0x4c arch/arm/cpu/armv8/rk33xx/built-in.o
                0x0000000000203944                do_irq
 .text.arch_interrupt_init
                0x0000000000203990       0xf4 arch/arm/cpu/armv8/rk33xx/built-in.o
                0x0000000000203990                arch_interrupt_init
 .text.interrupt_init
                0x0000000000203a84        0x4 arch/arm/cpu/armv8/rk33xx/built-in.o
                0x0000000000203a84                interrupt_init
 .text.dram_bank_reserve
                0x0000000000203a88      0x1e0 arch/arm/cpu/armv8/rk33xx/built-in.o
 .text.dram_init
                0x0000000000203c68       0xb8 arch/arm/cpu/armv8/rk33xx/built-in.o
                0x0000000000203c68                dram_init
 .text.dram_init_banksize
                0x0000000000203d20      0x274 arch/arm/cpu/armv8/rk33xx/built-in.o
                0x0000000000203d20                dram_init_banksize
 .text.rk_iomux_sdcard_save
                0x0000000000203f94       0x60 arch/arm/cpu/armv8/rk33xx/built-in.o
                0x0000000000203f94                rk_iomux_sdcard_save
 .text.rk_iomux_sdcard_restore
                0x0000000000203ff4       0x4c arch/arm/cpu/armv8/rk33xx/built-in.o
                0x0000000000203ff4                rk_iomux_sdcard_restore
 .text.rk_iomux_config
                0x0000000000204040      0x2a0 arch/arm/cpu/armv8/rk33xx/built-in.o
                0x0000000000204040                rk_iomux_config
 .text.rk_module_deinit
                0x00000000002042e0       0x18 arch/arm/cpu/armv8/rk33xx/built-in.o
                0x00000000002042e0                rk_module_deinit
 .text.reset_cpu
                0x00000000002042f8       0x28 arch/arm/cpu/armv8/rk33xx/built-in.o
                0x00000000002042f8                reset_cpu
 .text          0x0000000000204320      0x290 arch/arm/lib/built-in.o
                0x0000000000204320                _main
                0x00000000002043a0                relocate_code
                0x0000000000204478                gic_init_secure
                0x00000000002044ac                gic_init_secure_percpu
                0x000000000020458c                gic_kick_secondary_cpus
                0x000000000020459c                gic_wait_for_interrupt
 .text.arch_fixup_fdt
                0x00000000002045b0      0x104 arch/arm/lib/built-in.o
                0x00000000002045b0                arch_fixup_fdt
 .text.boot_jump_linux
                0x00000000002046b4       0x9c arch/arm/lib/built-in.o
 .text.arch_lmb_reserve
                0x0000000000204750       0x50 arch/arm/lib/built-in.o
                0x0000000000204750                arch_lmb_reserve
 .text.setup_board_tags
                0x00000000002047a0        0x4 arch/arm/lib/built-in.o
                0x00000000002047a0                setup_board_tags
 .text.boot_prep_linux
                0x00000000002047a4      0x198 arch/arm/lib/built-in.o
 .text.do_bootm_linux
                0x000000000020493c       0x84 arch/arm/lib/built-in.o
                0x000000000020493c                do_bootm_linux
 .text.arch_reserve_stacks
                0x00000000002049c0       0x10 arch/arm/lib/built-in.o
                0x00000000002049c0                arch_reserve_stacks
 .text.show_regs
                0x00000000002049d0       0x84 arch/arm/lib/built-in.o
                0x00000000002049d0                show_regs
 .text.do_bad_sync
                0x0000000000204a54       0x30 arch/arm/lib/built-in.o
                0x0000000000204a54                do_bad_sync
 .text.do_bad_irq
                0x0000000000204a84       0x30 arch/arm/lib/built-in.o
                0x0000000000204a84                do_bad_irq
 .text.do_bad_fiq
                0x0000000000204ab4       0x30 arch/arm/lib/built-in.o
                0x0000000000204ab4                do_bad_fiq
 .text.do_bad_error
                0x0000000000204ae4       0x30 arch/arm/lib/built-in.o
                0x0000000000204ae4                do_bad_error
 .text.do_sync  0x0000000000204b14       0x30 arch/arm/lib/built-in.o
                0x0000000000204b14                do_sync
 .text.do_fiq   0x0000000000204b44       0x30 arch/arm/lib/built-in.o
                0x0000000000204b44                do_fiq
 .text.do_error
                0x0000000000204b74       0x30 arch/arm/lib/built-in.o
                0x0000000000204b74                do_error
 .text.reset_misc
                0x0000000000204ba4        0x4 arch/arm/lib/built-in.o
                0x0000000000204ba4                reset_misc
 .text.do_reset
                0x0000000000204ba8       0x38 arch/arm/lib/built-in.o
                0x0000000000204ba8                do_reset
 .text.CRC_32CheckBuffer
                0x0000000000204be0       0x84 board/rockchip/common/built-in.o
                0x0000000000204be0                CRC_32CheckBuffer
 .text.dmult    0x0000000000204c64       0x60 board/rockchip/common/built-in.o
 .text.NN_Cmp   0x0000000000204cc4       0x44 board/rockchip/common/built-in.o
                0x0000000000204cc4                NN_Cmp
 .text.NN_Assign
                0x0000000000204d08       0x20 board/rockchip/common/built-in.o
                0x0000000000204d08                NN_Assign
 .text.NN_Digits
                0x0000000000204d28       0x34 board/rockchip/common/built-in.o
                0x0000000000204d28                NN_Digits
 .text.NN_AssignZero
                0x0000000000204d5c       0x1c board/rockchip/common/built-in.o
                0x0000000000204d5c                NN_AssignZero
 .text.NN_Sub   0x0000000000204d78       0x50 board/rockchip/common/built-in.o
                0x0000000000204d78                NN_Sub
 .text.NN_Mult  0x0000000000204dc8      0x128 board/rockchip/common/built-in.o
                0x0000000000204dc8                NN_Mult
 .text.NN_LShift
                0x0000000000204ef0       0x54 board/rockchip/common/built-in.o
                0x0000000000204ef0                NN_LShift
 .text.NN_RShift
                0x0000000000204f44       0x50 board/rockchip/common/built-in.o
                0x0000000000204f44                NN_RShift
 .text.NN_Div   0x0000000000204f94      0x3b0 board/rockchip/common/built-in.o
                0x0000000000204f94                NN_Div
 .text.NN_Mod   0x0000000000205344       0x3c board/rockchip/common/built-in.o
                0x0000000000205344                NN_Mod
 .text.NN_ModMult
                0x0000000000205380       0x48 board/rockchip/common/built-in.o
                0x0000000000205380                NN_ModMult
 .text.NN_ModExp
                0x00000000002053c8      0x188 board/rockchip/common/built-in.o
                0x00000000002053c8                NN_ModExp
 .text.NN_Decode
                0x0000000000205550       0x74 board/rockchip/common/built-in.o
                0x0000000000205550                NN_Decode
 .text.NN_Encode
                0x00000000002055c4       0x78 board/rockchip/common/built-in.o
                0x00000000002055c4                NN_Encode
 .text.rsapublicfunc.constprop.7
                0x000000000020563c      0x134 board/rockchip/common/built-in.o
 .text.rsaDecodeHash
                0x0000000000205770       0x6c board/rockchip/common/built-in.o
                0x0000000000205770                rsaDecodeHash
 .text.rsaCheckMD5
                0x00000000002057dc       0x8c board/rockchip/common/built-in.o
                0x00000000002057dc                rsaCheckMD5
 .text.blk_SHA1_Block
                0x0000000000205868     0x13e8 board/rockchip/common/built-in.o
 .text.SHA_init
                0x0000000000206c50       0x44 board/rockchip/common/built-in.o
                0x0000000000206c50                SHA_init
 .text.SHA_update
                0x0000000000206c94       0xdc board/rockchip/common/built-in.o
                0x0000000000206c94                SHA_update
 .text.SHA_final
                0x0000000000206d70       0xe0 board/rockchip/common/built-in.o
                0x0000000000206d70                SHA_final
 .text.P_RC4    0x0000000000206e50      0x118 board/rockchip/common/built-in.o
                0x0000000000206e50                P_RC4
 .text.ftl_memset
                0x0000000000206f68        0x8 board/rockchip/common/built-in.o
                0x0000000000206f68                ftl_memset
 .text.ftl_memcpy
                0x0000000000206f70       0x40 board/rockchip/common/built-in.o
                0x0000000000206f70                ftl_memcpy
 .text.ftl_memcmp
                0x0000000000206fb0        0x8 board/rockchip/common/built-in.o
                0x0000000000206fb0                ftl_memcmp
 .text.DRVDelayUs
                0x0000000000206fb8        0x8 board/rockchip/common/built-in.o
                0x0000000000206fb8                DRVDelayUs
 .text.CacheFlushDRegion
                0x0000000000206fc0        0xc board/rockchip/common/built-in.o
                0x0000000000206fc0                CacheFlushDRegion
 .text.CacheInvalidateDRegion
                0x0000000000206fcc        0xc board/rockchip/common/built-in.o
                0x0000000000206fcc                CacheInvalidateDRegion
 .text.IReadLoaderFlag
                0x0000000000206fd8       0x10 board/rockchip/common/built-in.o
                0x0000000000206fd8                IReadLoaderFlag
 .text.ISetLoaderFlag
                0x0000000000206fe8       0x10 board/rockchip/common/built-in.o
                0x0000000000206fe8                ISetLoaderFlag
 .text.GetMmcCLK
                0x0000000000206ff8       0x44 board/rockchip/common/built-in.o
                0x0000000000206ff8                GetMmcCLK
 .text.SDCReset
                0x000000000020703c       0x44 board/rockchip/common/built-in.o
                0x000000000020703c                SDCReset
 .text.SCUSelSDClk
                0x0000000000207080       0x3c board/rockchip/common/built-in.o
                0x0000000000207080                SCUSelSDClk
 .text.sdmmcGpioInit
                0x00000000002070bc       0x10 board/rockchip/common/built-in.o
                0x00000000002070bc                sdmmcGpioInit
 .text.FW_NandDeInit
                0x00000000002070cc       0x20 board/rockchip/common/built-in.o
                0x00000000002070cc                FW_NandDeInit
 .text.rkplat_uart2UsbEn
                0x00000000002070ec        0x4 board/rockchip/common/built-in.o
                0x00000000002070ec                rkplat_uart2UsbEn
 .text.ParseAtoi
                0x00000000002070f0       0xa8 board/rockchip/common/built-in.o
 .text.memparse
                0x0000000000207198       0x70 board/rockchip/common/built-in.o
 .text.get_part
                0x0000000000207208      0x1e0 board/rockchip/common/built-in.o
 .text.find_mtd_part
                0x00000000002073e8       0x64 board/rockchip/common/built-in.o
 .text.CheckParam
                0x000000000020744c       0x84 board/rockchip/common/built-in.o
                0x000000000020744c                CheckParam
 .text.GetParam
                0x00000000002074d0       0x88 board/rockchip/common/built-in.o
                0x00000000002074d0                GetParam
 .text.ParseParam
                0x0000000000207558      0x6d4 board/rockchip/common/built-in.o
                0x0000000000207558                ParseParam
 .text.get_disk_partition
                0x0000000000207c2c       0x64 board/rockchip/common/built-in.o
                0x0000000000207c2c                get_disk_partition
 .text.load_disk_partitions
                0x0000000000207c90       0xdc board/rockchip/common/built-in.o
                0x0000000000207c90                load_disk_partitions
 .text.FindIDBlock.constprop.3
                0x0000000000207d6c      0x154 board/rockchip/common/built-in.o
 .text.rkidb_update_loader
                0x0000000000207ec0      0x8ec board/rockchip/common/built-in.o
                0x0000000000207ec0                rkidb_update_loader
 .text.rkidb_setup_space
                0x00000000002087ac       0x48 board/rockchip/common/built-in.o
                0x00000000002087ac                rkidb_setup_space
 .text.rkidb_get_idblk_data
                0x00000000002087f4       0x34 board/rockchip/common/built-in.o
                0x00000000002087f4                rkidb_get_idblk_data
 .text.rkidb_get_bootloader_ver
                0x0000000000208828       0x88 board/rockchip/common/built-in.o
                0x0000000000208828                rkidb_get_bootloader_ver
 .text.rkidb_get_sn
                0x00000000002088b0       0x70 board/rockchip/common/built-in.o
                0x00000000002088b0                rkidb_get_sn
 .text.rkidb_get_hdcp_key
                0x0000000000208920       0x54 board/rockchip/common/built-in.o
                0x0000000000208920                rkidb_get_hdcp_key
 .text.rkloader_CopyFlash2Memory
                0x0000000000208974       0xac board/rockchip/common/built-in.o
                0x0000000000208974                rkloader_CopyFlash2Memory
 .text.rkloader_CopyMemory2Flash
                0x0000000000208a20       0x78 board/rockchip/common/built-in.o
                0x0000000000208a20                rkloader_CopyMemory2Flash
 .text.rkloader_change_cmd_for_recovery
                0x0000000000208a98      0x114 board/rockchip/common/built-in.o
                0x0000000000208a98                rkloader_change_cmd_for_recovery
 .text.rkloader_run_misc_cmd
                0x0000000000208bac      0x248 board/rockchip/common/built-in.o
                0x0000000000208bac                rkloader_run_misc_cmd
 .text.rkloader_fixInitrd
                0x0000000000208df4       0xdc board/rockchip/common/built-in.o
                0x0000000000208df4                rkloader_fixInitrd
 .text.rkloader_set_bootloader_msg
                0x0000000000208ed0       0x70 board/rockchip/common/built-in.o
                0x0000000000208ed0                rkloader_set_bootloader_msg
 .text.rkimg_load_image
                0x0000000000208f40       0xc0 board/rockchip/common/built-in.o
 .text.rkimg_handleDirectDownload
                0x0000000000209000       0x9c board/rockchip/common/built-in.o
 .text.rkimg_handleSparseDownload
                0x000000000020909c      0x1d4 board/rockchip/common/built-in.o
 .text.rkimage_load_image
                0x0000000000209270       0x84 board/rockchip/common/built-in.o
                0x0000000000209270                rkimage_load_image
 .text.rkimage_partition_erase
                0x00000000002092f4       0x20 board/rockchip/common/built-in.o
                0x00000000002092f4                rkimage_partition_erase
 .text.rkimage_store_image
                0x0000000000209314      0x700 board/rockchip/common/built-in.o
                0x0000000000209314                rkimage_store_image
 .text.rkimage_handleDownload
                0x0000000000209a14      0x1e0 board/rockchip/common/built-in.o
                0x0000000000209a14                rkimage_handleDownload
 .text.rkimage_load_fdt
                0x0000000000209bf4      0x158 board/rockchip/common/built-in.o
                0x0000000000209bf4                rkimage_load_fdt
 .text.rkimage_load_fdt_ram
                0x0000000000209d4c       0x90 board/rockchip/common/built-in.o
                0x0000000000209d4c                rkimage_load_fdt_ram
 .text.rkimage_prepare_fdt
                0x0000000000209ddc       0xa4 board/rockchip/common/built-in.o
                0x0000000000209ddc                rkimage_prepare_fdt
 .text.GetPortState
                0x0000000000209e80       0xd0 board/rockchip/common/built-in.o
 .text.checkKey
                0x0000000000209f50       0x90 board/rockchip/common/built-in.o
                0x0000000000209f50                checkKey
 .text.RemotectlInit
                0x0000000000209fe0       0x34 board/rockchip/common/built-in.o
                0x0000000000209fe0                RemotectlInit
 .text.RemotectlDeInit
                0x000000000020a014       0x24 board/rockchip/common/built-in.o
                0x000000000020a014                RemotectlDeInit
 .text.key_init
                0x000000000020a038      0x250 board/rockchip/common/built-in.o
                0x000000000020a038                key_init
 .text.powerOn  0x000000000020a288       0x20 board/rockchip/common/built-in.o
                0x000000000020a288                powerOn
 .text.remotectl_do_something_readtime
                0x000000000020a2a8       0x60 board/rockchip/common/built-in.o
                0x000000000020a2a8                remotectl_do_something_readtime
 .text.remotectl_do_something
                0x000000000020a308      0x19c board/rockchip/common/built-in.o
                0x000000000020a308                remotectl_do_something
 .text.remotectlInitInDriver
                0x000000000020a4a4      0x104 board/rockchip/common/built-in.o
                0x000000000020a4a4                remotectlInitInDriver
 .text.board_fbt_run_recovery
                0x000000000020a5a8       0x50 board/rockchip/common/built-in.o
 .text.board_fbt_request_start_fastboot
                0x000000000020a5f8       0x68 board/rockchip/common/built-in.o
 .text.board_fbt_set_reboot_type
                0x000000000020a660       0x8c board/rockchip/common/built-in.o
                0x000000000020a660                board_fbt_set_reboot_type
 .text.board_fbt_get_reboot_type
                0x000000000020a6ec      0x16c board/rockchip/common/built-in.o
                0x000000000020a6ec                board_fbt_get_reboot_type
 .text.board_fbt_key_pressed
                0x000000000020a858      0x128 board/rockchip/common/built-in.o
                0x000000000020a858                board_fbt_key_pressed
 .text.board_fbt_finalize_bootargs
                0x000000000020a980       0x78 board/rockchip/common/built-in.o
                0x000000000020a980                board_fbt_finalize_bootargs
 .text.board_fbt_boot_failed
                0x000000000020a9f8       0xe8 board/rockchip/common/built-in.o
                0x000000000020a9f8                board_fbt_boot_failed
 .text.board_fbt_oem
                0x000000000020aae0        0x8 board/rockchip/common/built-in.o
                0x000000000020aae0                board_fbt_oem
 .text.board_fbt_handle_erase
                0x000000000020aae8        0x4 board/rockchip/common/built-in.o
                0x000000000020aae8                board_fbt_handle_erase
 .text.board_fbt_handle_flash
                0x000000000020aaec        0x4 board/rockchip/common/built-in.o
                0x000000000020aaec                board_fbt_handle_flash
 .text.board_fbt_handle_download
                0x000000000020aaf0        0x4 board/rockchip/common/built-in.o
                0x000000000020aaf0                board_fbt_handle_download
 .text.board_fbt_load_partition_table
                0x000000000020aaf4        0x4 board/rockchip/common/built-in.o
                0x000000000020aaf4                board_fbt_load_partition_table
 .text.board_fbt_get_partition
                0x000000000020aaf8        0x4 board/rockchip/common/built-in.o
                0x000000000020aaf8                board_fbt_get_partition
 .text.board_fbt_run_recovery_wipe_data
                0x000000000020aafc       0x80 board/rockchip/common/built-in.o
                0x000000000020aafc                board_fbt_run_recovery_wipe_data
 .text.board_fbt_preboot
                0x000000000020ab7c      0x274 board/rockchip/common/built-in.o
                0x000000000020ab7c                board_fbt_preboot
 .text.MMC_AccessBootPartition
                0x000000000020adf0       0x6c board/rockchip/common/built-in.o
                0x000000000020adf0                MMC_AccessBootPartition
 .text.MMC_SetBootBusWidth
                0x000000000020ae5c       0x70 board/rockchip/common/built-in.o
                0x000000000020ae5c                MMC_SetBootBusWidth
 .text.MMC_SwitchBoot
                0x000000000020aecc       0x74 board/rockchip/common/built-in.o
                0x000000000020aecc                MMC_SwitchBoot
 .text.MMC_Init
                0x000000000020af40      0x6d4 board/rockchip/common/built-in.o
                0x000000000020af40                MMC_Init
 .text._SD_DecodeCID
                0x000000000020b614       0x84 board/rockchip/common/built-in.o
 .text._SD_DecodeCSD
                0x000000000020b698       0xf0 board/rockchip/common/built-in.o
 .text.unlikely._SD_SwitchFunction
                0x000000000020b788      0x3c0 board/rockchip/common/built-in.o
 .text.SD1X_Init
                0x000000000020bb48      0x200 board/rockchip/common/built-in.o
                0x000000000020bb48                SD1X_Init
 .text.SD20_Init
                0x000000000020bd48      0x23c board/rockchip/common/built-in.o
                0x000000000020bd48                SD20_Init
 .text.unlikely._ReadRemainData
                0x000000000020bf84       0xf4 board/rockchip/common/built-in.o
 .text._ControlClock
                0x000000000020c078       0xc0 board/rockchip/common/built-in.o
 .text._ChangeFreq
                0x000000000020c138      0x16c board/rockchip/common/built-in.o
 .text._WaitCardBusy
                0x000000000020c2a4       0x60 board/rockchip/common/built-in.o
 .text.eMMC_SetDataHigh
                0x000000000020c304       0x48 board/rockchip/common/built-in.o
                0x000000000020c304                eMMC_SetDataHigh
 .text.SDC_IsCardIdValid
                0x000000000020c34c        0xc board/rockchip/common/built-in.o
                0x000000000020c34c                SDC_IsCardIdValid
 .text.SDC_IsCardWriteProtected
                0x000000000020c358        0x8 board/rockchip/common/built-in.o
                0x000000000020c358                SDC_IsCardWriteProtected
 .text.SDC_GetHostBusWidth
                0x000000000020c360       0x24 board/rockchip/common/built-in.o
                0x000000000020c360                SDC_GetHostBusWidth
 .text.SDC_SetHostBusWidth
                0x000000000020c384       0x74 board/rockchip/common/built-in.o
                0x000000000020c384                SDC_SetHostBusWidth
 .text.SDC_ResetController
                0x000000000020c3f8      0x14c board/rockchip/common/built-in.o
                0x000000000020c3f8                SDC_ResetController
 .text.SDC_Init
                0x000000000020c544      0x130 board/rockchip/common/built-in.o
                0x000000000020c544                SDC_Init
 .text.SDC_UpdateCardFreq
                0x000000000020c674       0x40 board/rockchip/common/built-in.o
                0x000000000020c674                SDC_UpdateCardFreq
 .text.SDC_ControlPower
                0x000000000020c6b4       0x34 board/rockchip/common/built-in.o
                0x000000000020c6b4                SDC_ControlPower
 .text.SDC_BusRequest
                0x000000000020c6e8      0xa34 board/rockchip/common/built-in.o
                0x000000000020c6e8                SDC_BusRequest
 .text._ResponseTimeoutHandle
                0x000000000020d11c       0xd4 board/rockchip/common/built-in.o
 .text._DataErrorHandle
                0x000000000020d1f0       0xc4 board/rockchip/common/built-in.o
 .text._SDMMC_Write
                0x000000000020d2b4      0x18c board/rockchip/common/built-in.o
 .text._SDMMC_Read
                0x000000000020d440      0x1e8 board/rockchip/common/built-in.o
 .text._GenerateRCA
                0x000000000020d628       0x3c board/rockchip/common/built-in.o
                0x000000000020d628                _GenerateRCA
 .text._IsRCAUsable
                0x000000000020d664       0x38 board/rockchip/common/built-in.o
                0x000000000020d664                _IsRCAUsable
 .text._Identify_SendCmd
                0x000000000020d69c        0x4 board/rockchip/common/built-in.o
                0x000000000020d69c                _Identify_SendCmd
 .text._Identify_SendAppCmd
                0x000000000020d6a0       0x94 board/rockchip/common/built-in.o
                0x000000000020d6a0                _Identify_SendAppCmd
 .text.SDM_Init
                0x000000000020d734       0x60 board/rockchip/common/built-in.o
                0x000000000020d734                SDM_Init
 .text.SDM_Open
                0x000000000020d794       0x68 board/rockchip/common/built-in.o
                0x000000000020d794                SDM_Open
 .text.SDM_Read
                0x000000000020d7fc      0x168 board/rockchip/common/built-in.o
                0x000000000020d7fc                SDM_Read
 .text.SDM_Write
                0x000000000020d964      0x170 board/rockchip/common/built-in.o
                0x000000000020d964                SDM_Write
 .text.SDM_IOCtrl
                0x000000000020dad4      0x508 board/rockchip/common/built-in.o
                0x000000000020dad4                SDM_IOCtrl
 .text.SDOAM_Delay
                0x000000000020dfdc        0x4 board/rockchip/common/built-in.o
                0x000000000020dfdc                SDOAM_Delay
 .text.SDOAM_SendMsg
                0x000000000020dfe0        0x4 board/rockchip/common/built-in.o
                0x000000000020dfe0                SDOAM_SendMsg
 .text.SDOAM_CreateMutex
                0x000000000020dfe4       0x38 board/rockchip/common/built-in.o
                0x000000000020dfe4                SDOAM_CreateMutex
 .text.SDOAM_RequestMutex
                0x000000000020e01c        0x4 board/rockchip/common/built-in.o
                0x000000000020e01c                SDOAM_RequestMutex
 .text.SDOAM_ReleaseMutex
                0x000000000020e020        0x4 board/rockchip/common/built-in.o
                0x000000000020e020                SDOAM_ReleaseMutex
 .text.SDOAM_CreateEvent
                0x000000000020e024       0x34 board/rockchip/common/built-in.o
                0x000000000020e024                SDOAM_CreateEvent
 .text.SDPAM_FlushCache
                0x000000000020e058        0x4 board/rockchip/common/built-in.o
                0x000000000020e058                SDPAM_FlushCache
 .text.SDPAM_CleanCache
                0x000000000020e05c        0x4 board/rockchip/common/built-in.o
                0x000000000020e05c                SDPAM_CleanCache
 .text.SDPAM_InvalidateCache
                0x000000000020e060        0x4 board/rockchip/common/built-in.o
                0x000000000020e060                SDPAM_InvalidateCache
 .text.SDPAM_GetAHBFreq
                0x000000000020e064        0x4 board/rockchip/common/built-in.o
                0x000000000020e064                SDPAM_GetAHBFreq
 .text.SDPAM_SDCClkEnable
                0x000000000020e068        0x4 board/rockchip/common/built-in.o
                0x000000000020e068                SDPAM_SDCClkEnable
 .text.SDPAM_SDCReset
                0x000000000020e06c       0x14 board/rockchip/common/built-in.o
                0x000000000020e06c                SDPAM_SDCReset
 .text.SDPAM_SetMmcClkDiv
                0x000000000020e080       0x14 board/rockchip/common/built-in.o
                0x000000000020e080                SDPAM_SetMmcClkDiv
 .text.SDPAM_IOMUX_SetSDPort
                0x000000000020e094        0x8 board/rockchip/common/built-in.o
                0x000000000020e094                SDPAM_IOMUX_SetSDPort
 .text.SDPAM_ControlPower
                0x000000000020e09c        0x4 board/rockchip/common/built-in.o
                0x000000000020e09c                SDPAM_ControlPower
 .text.extract_uint32_bits
                0x000000000020e0a0       0x60 board/rockchip/common/built-in.o
 .text.mmc_set_clock
                0x000000000020e100       0x34 board/rockchip/common/built-in.o
 .text.mmc_send_cmd
                0x000000000020e134      0x200 board/rockchip/common/built-in.o
 .text.mmc_send_ext_csd
                0x000000000020e334      0x11c board/rockchip/common/built-in.o
 .text.mmc_go_idle.constprop.12
                0x000000000020e450       0x70 board/rockchip/common/built-in.o
 .text.mmc_send_status.constprop.15
                0x000000000020e4c0       0xd4 board/rockchip/common/built-in.o
 .text.mmc_switch.isra.2
                0x000000000020e594       0x90 board/rockchip/common/built-in.o
 .text.mmc_set_timing
                0x000000000020e624       0x1c board/rockchip/common/built-in.o
                0x000000000020e624                mmc_set_timing
 .text.mmc_startup.constprop.5
                0x000000000020e640      0xac0 board/rockchip/common/built-in.o
 .text.mmc_hs400_to_hs200
                0x000000000020f100       0xc8 board/rockchip/common/built-in.o
                0x000000000020f100                mmc_hs400_to_hs200
 .text.mmc_retune
                0x000000000020f1c8      0x180 board/rockchip/common/built-in.o
                0x000000000020f1c8                mmc_retune
 .text.mmc_setup_media
                0x000000000020f348      0x21c board/rockchip/common/built-in.o
                0x000000000020f348                mmc_setup_media
 .text.block_mmc_read
                0x000000000020f564      0x1c0 board/rockchip/common/built-in.o
                0x000000000020f564                block_mmc_read
 .text.block_mmc_write
                0x000000000020f724      0x188 board/rockchip/common/built-in.o
                0x000000000020f724                block_mmc_write
 .text.new_mem_sdhci_host
                0x000000000020f8ac       0xe4 board/rockchip/common/built-in.o
                0x000000000020f8ac                new_mem_sdhci_host
 .text.mmc_get_capacity
                0x000000000020f990       0x14 board/rockchip/common/built-in.o
                0x000000000020f990                mmc_get_capacity
 .text.mmc_init
                0x000000000020f9a4       0x58 board/rockchip/common/built-in.o
                0x000000000020f9a4                mmc_init
 .text.sdhci_enhanced_strobe
                0x000000000020f9fc       0x24 board/rockchip/common/built-in.o
 .text.sdhci_reset.constprop.18
                0x000000000020fa20       0x7c board/rockchip/common/built-in.o
 .text.sdhci_pre_init.constprop.11
                0x000000000020fa9c      0x224 board/rockchip/common/built-in.o
 .text.sdhci_cmd_done.constprop.17
                0x000000000020fcc0       0x68 board/rockchip/common/built-in.o
 .text.sdhci_init.part.7.constprop.22
                0x000000000020fd28      0x160 board/rockchip/common/built-in.o
 .text.sdhci_update
                0x000000000020fe88       0xf0 board/rockchip/common/built-in.o
 .text.timer_us
                0x000000000020ff78       0x40 board/rockchip/common/built-in.o
                0x000000000020ff78                timer_us
 .text.sdhci_send_command
                0x000000000020ffb8      0x684 board/rockchip/common/built-in.o
 .text.sdhci_execute_tuning
                0x000000000021063c      0x174 board/rockchip/common/built-in.o
 .text.sdhci_config_phy
                0x00000000002107b0      0x110 board/rockchip/common/built-in.o
                0x00000000002107b0                sdhci_config_phy
 .text.sdhci_set_clock.part.9.constprop.19
                0x00000000002108c0      0x12c board/rockchip/common/built-in.o
 .text.sdhci_set_uhs_signaling
                0x00000000002109ec       0xec board/rockchip/common/built-in.o
                0x00000000002109ec                sdhci_set_uhs_signaling
 .text.sdhci_set_ios
                0x0000000000210ad8      0x1f0 board/rockchip/common/built-in.o
 .text.add_sdhci
                0x0000000000210cc8       0x50 board/rockchip/common/built-in.o
                0x0000000000210cc8                add_sdhci
 .text.SdmmcReinit
                0x0000000000210d18       0x9c board/rockchip/common/built-in.o
                0x0000000000210d18                SdmmcReinit
 .text.SdmmcInit
                0x0000000000210db4      0x184 board/rockchip/common/built-in.o
                0x0000000000210db4                SdmmcInit
 .text.SdmmcDeInit
                0x0000000000210f38        0x8 board/rockchip/common/built-in.o
                0x0000000000210f38                SdmmcDeInit
 .text.SdmmcBootWritePBA
                0x0000000000210f40      0x104 board/rockchip/common/built-in.o
                0x0000000000210f40                SdmmcBootWritePBA
 .text.SdmmcBootReadPBA
                0x0000000000211044      0x104 board/rockchip/common/built-in.o
                0x0000000000211044                SdmmcBootReadPBA
 .text.SdmmcBootReadLBA
                0x0000000000211148       0xb8 board/rockchip/common/built-in.o
                0x0000000000211148                SdmmcBootReadLBA
 .text.SdmmcBootWriteLBA
                0x0000000000211200       0x40 board/rockchip/common/built-in.o
                0x0000000000211200                SdmmcBootWriteLBA
 .text.SdmmcReadID
                0x0000000000211240       0x28 board/rockchip/common/built-in.o
                0x0000000000211240                SdmmcReadID
 .text.SdmmcReadFlashInfo
                0x0000000000211268       0xa0 board/rockchip/common/built-in.o
                0x0000000000211268                SdmmcReadFlashInfo
 .text.SdmmcGetCapacity
                0x0000000000211308       0x24 board/rockchip/common/built-in.o
                0x0000000000211308                SdmmcGetCapacity
 .text.SdmmcSysDataLoad
                0x000000000021132c       0x40 board/rockchip/common/built-in.o
                0x000000000021132c                SdmmcSysDataLoad
 .text.SdmmcSysDataStore
                0x000000000021136c       0x40 board/rockchip/common/built-in.o
                0x000000000021136c                SdmmcSysDataStore
 .text.SdmmcGetFwOffset
                0x00000000002113ac       0x28 board/rockchip/common/built-in.o
                0x00000000002113ac                SdmmcGetFwOffset
 .text.SdmmcGetSysOffset
                0x00000000002113d4       0x28 board/rockchip/common/built-in.o
                0x00000000002113d4                SdmmcGetSysOffset
 .text.SdmmcBootErase
                0x00000000002113fc        0x8 board/rockchip/common/built-in.o
                0x00000000002113fc                SdmmcBootErase
 .text.SdmmcGetSDCardBootMode
                0x0000000000211404        0xc board/rockchip/common/built-in.o
                0x0000000000211404                SdmmcGetSDCardBootMode
 .text.sdhci_block_read
                0x0000000000211410       0x38 board/rockchip/common/built-in.o
                0x0000000000211410                sdhci_block_read
 .text.sdhci_block_write
                0x0000000000211448       0x38 board/rockchip/common/built-in.o
                0x0000000000211448                sdhci_block_write
 .text.SdhciInit
                0x0000000000211480       0x80 board/rockchip/common/built-in.o
                0x0000000000211480                SdhciInit
 .text.SdhciBootWritePBA
                0x0000000000211500       0xd4 board/rockchip/common/built-in.o
                0x0000000000211500                SdhciBootWritePBA
 .text.SdhciBootReadPBA
                0x00000000002115d4       0xd4 board/rockchip/common/built-in.o
                0x00000000002115d4                SdhciBootReadPBA
 .text.SdhciBootWriteLBA
                0x00000000002116a8        0xc board/rockchip/common/built-in.o
                0x00000000002116a8                SdhciBootWriteLBA
 .text.SdhciBootReadLBA
                0x00000000002116b4        0xc board/rockchip/common/built-in.o
                0x00000000002116b4                SdhciBootReadLBA
 .text.SdhciReadID
                0x00000000002116c0       0x28 board/rockchip/common/built-in.o
                0x00000000002116c0                SdhciReadID
 .text.SdhciReadFlashInfo
                0x00000000002116e8       0x54 board/rockchip/common/built-in.o
                0x00000000002116e8                SdhciReadFlashInfo
 .text.SdhciGetCapacity
                0x000000000021173c       0x10 board/rockchip/common/built-in.o
                0x000000000021173c                SdhciGetCapacity
 .text.SdhciSysDataLoad
                0x000000000021174c       0x10 board/rockchip/common/built-in.o
                0x000000000021174c                SdhciSysDataLoad
 .text.SdhciSysDataStore
                0x000000000021175c       0x10 board/rockchip/common/built-in.o
                0x000000000021175c                SdhciSysDataStore
 .text.SdhciBootErase
                0x000000000021176c        0x8 board/rockchip/common/built-in.o
                0x000000000021176c                SdhciBootErase
 .text.SecureBootCheck
                0x0000000000211774       0x58 board/rockchip/common/built-in.o
                0x0000000000211774                SecureBootCheck
 .text.SecureBootUnlock
                0x00000000002117cc       0x54 board/rockchip/common/built-in.o
                0x00000000002117cc                SecureBootUnlock
 .text.SecureBootUnlockCheck
                0x0000000000211820       0x10 board/rockchip/common/built-in.o
                0x0000000000211820                SecureBootUnlockCheck
 .text.SecureBootLockLoader
                0x0000000000211830        0x4 board/rockchip/common/built-in.o
                0x0000000000211830                SecureBootLockLoader
 .text.SecureBootSetSysData2Kernel
                0x0000000000211834       0x98 board/rockchip/common/built-in.o
                0x0000000000211834                SecureBootSetSysData2Kernel
 .text.SecureBootImageCheck
                0x00000000002118cc       0x18 board/rockchip/common/built-in.o
                0x00000000002118cc                SecureBootImageCheck
 .text.SecureBootSecureState2Kernel
                0x00000000002118e4       0x30 board/rockchip/common/built-in.o
                0x00000000002118e4                SecureBootSecureState2Kernel
 .text.SecureNSModeVerifyLoader
                0x0000000000211914       0x80 board/rockchip/common/built-in.o
 .text.SecureNSModeSignCheck
                0x0000000000211994       0x5c board/rockchip/common/built-in.o
 .text.SecureModeVerifyLoader
                0x00000000002119f0        0x4 board/rockchip/common/built-in.o
                0x00000000002119f0                SecureModeVerifyLoader
 .text.SecureModeVerifyUbootImage
                0x00000000002119f4      0x148 board/rockchip/common/built-in.o
                0x00000000002119f4                SecureModeVerifyUbootImage
 .text.SecureModeVerifyBootImage
                0x0000000000211b3c      0x1e8 board/rockchip/common/built-in.o
                0x0000000000211b3c                SecureModeVerifyBootImage
 .text.SecureModeBootImageCheck
                0x0000000000211d24       0xa0 board/rockchip/common/built-in.o
                0x0000000000211d24                SecureModeBootImageCheck
 .text.SecureModeRSAKeyCheck
                0x0000000000211dc4       0x2c board/rockchip/common/built-in.o
                0x0000000000211dc4                SecureModeRSAKeyCheck
 .text.SecureModeLockLoader
                0x0000000000211df0       0x38 board/rockchip/common/built-in.o
                0x0000000000211df0                SecureModeLockLoader
 .text.SecureModeInit
                0x0000000000211e28      0x218 board/rockchip/common/built-in.o
                0x0000000000211e28                SecureModeInit
 .text.FW_ReIntForUpdate
                0x0000000000212040       0x40 board/rockchip/common/built-in.o
                0x0000000000212040                FW_ReIntForUpdate
 .text.FW_SorageLowFormatEn
                0x0000000000212080        0xc board/rockchip/common/built-in.o
                0x0000000000212080                FW_SorageLowFormatEn
 .text.FW_SorageLowFormat
                0x000000000021208c       0x5c board/rockchip/common/built-in.o
                0x000000000021208c                FW_SorageLowFormat
 .text.FW_StorageGetValid
                0x00000000002120e8       0x10 board/rockchip/common/built-in.o
                0x00000000002120e8                FW_StorageGetValid
 .text.FW_GetCurEraseBlock
                0x00000000002120f8       0x28 board/rockchip/common/built-in.o
                0x00000000002120f8                FW_GetCurEraseBlock
 .text.FW_GetTotleBlk
                0x0000000000212120       0x28 board/rockchip/common/built-in.o
                0x0000000000212120                FW_GetTotleBlk
 .text.StorageReadPba
                0x0000000000212148       0x3c board/rockchip/common/built-in.o
                0x0000000000212148                StorageReadPba
 .text.StorageWritePba
                0x0000000000212184       0x3c board/rockchip/common/built-in.o
                0x0000000000212184                StorageWritePba
 .text.StorageReadLba
                0x00000000002121c0       0x3c board/rockchip/common/built-in.o
                0x00000000002121c0                StorageReadLba
 .text.StorageWriteLba
                0x00000000002121fc       0x40 board/rockchip/common/built-in.o
                0x00000000002121fc                StorageWriteLba
 .text.StorageGetCapacity
                0x000000000021223c       0x2c board/rockchip/common/built-in.o
                0x000000000021223c                StorageGetCapacity
 .text.StorageSysDataLoad
                0x0000000000212268       0x54 board/rockchip/common/built-in.o
                0x0000000000212268                StorageSysDataLoad
 .text.StorageSysDataStore
                0x00000000002122bc       0x38 board/rockchip/common/built-in.o
                0x00000000002122bc                StorageSysDataStore
 .text.StorageUbootSysDataLoad
                0x00000000002122f4        0x8 board/rockchip/common/built-in.o
                0x00000000002122f4                StorageUbootSysDataLoad
 .text.StorageUbootSysDataStore
                0x00000000002122fc        0x8 board/rockchip/common/built-in.o
                0x00000000002122fc                StorageUbootSysDataStore
 .text.StorageVendorSysDataLoad
                0x0000000000212304       0x70 board/rockchip/common/built-in.o
                0x0000000000212304                StorageVendorSysDataLoad
 .text.StorageVendorSysDataStore
                0x0000000000212374       0x6c board/rockchip/common/built-in.o
                0x0000000000212374                StorageVendorSysDataStore
 .text.StorageReadFlashInfo
                0x00000000002123e0       0x30 board/rockchip/common/built-in.o
                0x00000000002123e0                StorageReadFlashInfo
 .text.StorageEraseBlock
                0x0000000000212410       0x48 board/rockchip/common/built-in.o
                0x0000000000212410                StorageEraseBlock
 .text.StorageGetBootMedia
                0x0000000000212458       0x10 board/rockchip/common/built-in.o
                0x0000000000212458                StorageGetBootMedia
 .text.StorageGetSDFwOffset
                0x0000000000212468       0x24 board/rockchip/common/built-in.o
                0x0000000000212468                StorageGetSDFwOffset
 .text.StorageGetSDSysOffset
                0x000000000021248c       0x24 board/rockchip/common/built-in.o
                0x000000000021248c                StorageGetSDSysOffset
 .text.StorageReadId
                0x00000000002124b0       0x34 board/rockchip/common/built-in.o
                0x00000000002124b0                StorageReadId
 .text.StorageSDCardUpdateMode
                0x00000000002124e4       0x34 board/rockchip/common/built-in.o
                0x00000000002124e4                StorageSDCardUpdateMode
 .text.vendor_storage_init
                0x0000000000212518      0x174 board/rockchip/common/built-in.o
                0x0000000000212518                vendor_storage_init
 .text.StorageInit
                0x000000000021268c       0xa4 board/rockchip/common/built-in.o
                0x000000000021268c                StorageInit
 .text.vendor_storage_read
                0x0000000000212730       0x80 board/rockchip/common/built-in.o
                0x0000000000212730                vendor_storage_read
 .text.vendor_storage_write
                0x00000000002127b0      0x1a8 board/rockchip/common/built-in.o
                0x00000000002127b0                vendor_storage_write
 .text.rkclk_set_apll_high
                0x0000000000212958        0x4 board/rockchip/rk33xx/built-in.o
                0x0000000000212958                rkclk_set_apll_high
 .text.board_lmb_reserve
                0x000000000021295c       0x64 board/rockchip/rk33xx/built-in.o
                0x000000000021295c                board_lmb_reserve
 .text.board_storage_init
                0x00000000002129c0       0x48 board/rockchip/rk33xx/built-in.o
                0x00000000002129c0                board_storage_init
 .text.board_init
                0x0000000000212a08       0x24 board/rockchip/rk33xx/built-in.o
                0x0000000000212a08                board_init
 .text.checkboard
                0x0000000000212a2c       0x2c board/rockchip/rk33xx/built-in.o
                0x0000000000212a2c                checkboard
 .text.arch_early_init_r
                0x0000000000212a58       0x28 board/rockchip/rk33xx/built-in.o
                0x0000000000212a58                arch_early_init_r
 .text.board_late_init
                0x0000000000212a80      0x268 board/rockchip/rk33xx/built-in.o
                0x0000000000212a80                board_late_init
 .text.ft_board_setup
                0x0000000000212ce8       0x58 board/rockchip/rk33xx/built-in.o
                0x0000000000212ce8                ft_board_setup
 .text.show_boot_progress
                0x0000000000212d40        0x4 common/built-in.o
                0x0000000000212d40                show_boot_progress
 .text.main_loop
                0x0000000000212d44       0x4c common/built-in.o
                0x0000000000212d44                main_loop
 .text.find_cmd_tbl
                0x0000000000212d90       0xc0 common/built-in.o
                0x0000000000212d90                find_cmd_tbl
 .text.find_cmd
                0x0000000000212e50       0x24 common/built-in.o
                0x0000000000212e50                find_cmd
 .text.cmd_usage
                0x0000000000212e74       0x68 common/built-in.o
                0x0000000000212e74                cmd_usage
 .text._do_help
                0x0000000000212edc      0x1a0 common/built-in.o
                0x0000000000212edc                _do_help
 .text.cmd_process
                0x000000000021307c      0x110 common/built-in.o
                0x000000000021307c                cmd_process
 .text.dummy    0x000000000021318c        0x4 common/built-in.o
 .text.get_version
                0x0000000000213190        0x8 common/built-in.o
                0x0000000000213190                get_version
 .text.jumptable_init
                0x0000000000213198      0x1a0 common/built-in.o
                0x0000000000213198                jumptable_init
 .text.b_reset  0x0000000000213338       0x18 common/built-in.o
 .text.static_get
                0x0000000000213350       0x1c common/built-in.o
 .text.static_peek
                0x000000000021336c        0xc common/built-in.o
 .text.file_peek
                0x0000000000213378        0xc common/built-in.o
 .text.syntax_err
                0x0000000000213384        0xc common/built-in.o
 .text.free_pipe_list
                0x0000000000213390       0xf8 common/built-in.o
 .text.xmalloc  0x0000000000213488       0x28 common/built-in.o
 .text.xrealloc
                0x00000000002134b0       0x28 common/built-in.o
 .text.done_command
                0x00000000002134d8       0x94 common/built-in.o
 .text.done_pipe
                0x000000000021356c       0x70 common/built-in.o
 .text.do_showvar
                0x00000000002135dc      0x12c common/built-in.o
 .text.file_get
                0x0000000000213708      0x1fc common/built-in.o
 .text.b_addchr
                0x0000000000213904       0x90 common/built-in.o
 .text.b_addqchr
                0x0000000000213994       0x58 common/built-in.o
 .text.done_word
                0x00000000002139ec      0x2c4 common/built-in.o
 .text.get_local_var
                0x0000000000213cb0       0x90 common/built-in.o
                0x0000000000213cb0                get_local_var
 .text.set_local_var
                0x0000000000213d40      0x1b8 common/built-in.o
                0x0000000000213d40                set_local_var
 .text.insert_var_value_sub
                0x0000000000213ef8      0x2bc common/built-in.o
 .text.parse_string_outer
                0x00000000002141b4       0xf4 common/built-in.o
                0x00000000002141b4                parse_string_outer
 .text.run_list_real
                0x00000000002142a8      0x7d4 common/built-in.o
 .text.parse_stream_outer
                0x0000000000214a7c      0x734 common/built-in.o
 .text.parse_file_outer
                0x00000000002151b0       0x44 common/built-in.o
                0x00000000002151b0                parse_file_outer
 .text.u_boot_hush_start
                0x00000000002151f4       0x5c common/built-in.o
                0x00000000002151f4                u_boot_hush_start
 .text.run_command
                0x0000000000215250        0x8 common/built-in.o
                0x0000000000215250                run_command
 .text.run_command_list
                0x0000000000215258       0x7c common/built-in.o
                0x0000000000215258                run_command_list
 .text.cli_loop
                0x00000000002152d4       0x10 common/built-in.o
                0x00000000002152d4                cli_loop
 .text.cli_init
                0x00000000002152e4        0x4 common/built-in.o
                0x00000000002152e4                cli_init
 .text.delete_char.part.0
                0x00000000002152e8       0xfc common/built-in.o
 .text.cli_readline_into_buffer
                0x00000000002153e4      0x1f0 common/built-in.o
                0x00000000002153e4                cli_readline_into_buffer
 .text.cli_readline
                0x00000000002155d4       0x14 common/built-in.o
                0x00000000002155d4                cli_readline
 .text.bootdelay_process
                0x00000000002155e8       0x68 common/built-in.o
                0x00000000002155e8                bootdelay_process
 .text.autoboot_command
                0x0000000000215650      0x108 common/built-in.o
                0x0000000000215650                autoboot_command
 .text.setup_mon_len
                0x0000000000215758       0x20 common/built-in.o
 .text.setup_fdt
                0x0000000000215778        0x8 common/built-in.o
 .text.reserve_round_4k
                0x0000000000215780       0x14 common/built-in.o
 .text.reserve_trace
                0x0000000000215794        0x8 common/built-in.o
 .text.setup_machine
                0x000000000021579c        0x8 common/built-in.o
 .text.initf_malloc
                0x00000000002157a4        0x8 common/built-in.o
 .text.initf_dm
                0x00000000002157ac        0x8 common/built-in.o
 .text.reloc_fdt
                0x00000000002157b4       0x34 common/built-in.o
 .text.setup_reloc
                0x00000000002157e8       0x58 common/built-in.o
 .text.display_new_sp
                0x0000000000215840       0x24 common/built-in.o
 .text.reserve_fdt
                0x0000000000215864       0x68 common/built-in.o
 .text.reserve_global_data
                0x00000000002158cc       0x3c common/built-in.o
 .text.reserve_malloc
                0x0000000000215908       0x38 common/built-in.o
 .text.reserve_uboot
                0x0000000000215940       0x50 common/built-in.o
 .text.reserve_global_buffers
                0x0000000000215990       0xa4 common/built-in.o
 .text.reserve_lcd
                0x0000000000215a34       0x3c common/built-in.o
 .text.reserve_mmu
                0x0000000000215a70       0x5c common/built-in.o
 .text.display_text_info
                0x0000000000215acc       0x34 common/built-in.o
 .text.announce_dram_init
                0x0000000000215b00       0x20 common/built-in.o
 .text.init_baud_rate
                0x0000000000215b20       0x3c common/built-in.o
 .text.mark_bootstage
                0x0000000000215b5c       0x1c common/built-in.o
 .text.reserve_board
                0x0000000000215b78       0x50 common/built-in.o
 .text.board_add_ram_info
                0x0000000000215bc8        0x4 common/built-in.o
                0x0000000000215bc8                board_add_ram_info
 .text.show_dram_config
                0x0000000000215bcc       0x88 common/built-in.o
 .text.setup_dram_config
                0x0000000000215c54       0x18 common/built-in.o
 .text.board_get_usable_ram_top
                0x0000000000215c6c        0x8 common/built-in.o
                0x0000000000215c6c                board_get_usable_ram_top
 .text.setup_dest_addr
                0x0000000000215c74       0x78 common/built-in.o
 .text.reserve_stacks
                0x0000000000215cec       0x1c common/built-in.o
 .text.board_init_f
                0x0000000000215d08       0x4c common/built-in.o
                0x0000000000215d08                board_init_f
 .text.bootstage_relocate
                0x0000000000215d54        0x8 common/built-in.o
 .text.initr_trace
                0x0000000000215d5c        0x8 common/built-in.o
 .text.initr_reloc_global_data
                0x0000000000215d64       0x24 common/built-in.o
 .text.initr_barrier
                0x0000000000215d88        0x8 common/built-in.o
 .text.power_init_board
                0x0000000000215d90        0x8 common/built-in.o
                0x0000000000215d90                power_init_board
 .text.run_main_loop
                0x0000000000215d98       0x10 common/built-in.o
 .text.initr_enable_interrupts
                0x0000000000215da8       0x18 common/built-in.o
 .text.initr_jumptable
                0x0000000000215dc0       0x18 common/built-in.o
 .text.initr_env
                0x0000000000215dd8       0x3c common/built-in.o
 .text.initr_rk_storage
                0x0000000000215e14       0x18 common/built-in.o
 .text.initr_announce
                0x0000000000215e2c       0x24 common/built-in.o
 .text.initr_serial
                0x0000000000215e50       0x18 common/built-in.o
 .text.initr_malloc
                0x0000000000215e68       0x2c common/built-in.o
 .text.initr_caches
                0x0000000000215e94       0x18 common/built-in.o
 .text.initr_reloc
                0x0000000000215eac       0x28 common/built-in.o
 .text.cpu_secondary_init_r
                0x0000000000215ed4        0x4 common/built-in.o
                0x0000000000215ed4                cpu_secondary_init_r
 .text.initr_secondary_cpu
                0x0000000000215ed8       0x18 common/built-in.o
 .text.board_init_r
                0x0000000000215ef0       0x18 common/built-in.o
                0x0000000000215ef0                board_init_r
 .text.show_board_info
                0x0000000000215f08        0x4 common/built-in.o
                0x0000000000215f08                show_board_info
 .text.do_go_exec
                0x0000000000215f0c       0x20 common/built-in.o
                0x0000000000215f0c                do_go_exec
 .text.do_go    0x0000000000215f2c       0x84 common/built-in.o
                0x0000000000215f2c                do_go
 .text.do_bootm
                0x0000000000215fb0      0x118 common/built-in.o
                0x0000000000215fb0                do_bootm
 .text.bootm_find_ramdisk_fdt
                0x00000000002160c8       0xb8 common/built-in.o
                0x00000000002160c8                bootm_find_ramdisk_fdt
 .text.do_bootm_states
                0x0000000000216180      0x734 common/built-in.o
                0x0000000000216180                do_bootm_states
 .text.do_bootm_standalone
                0x00000000002168b4       0x74 common/built-in.o
 .text.arch_preboot_os
                0x0000000000216928        0x4 common/built-in.o
                0x0000000000216928                arch_preboot_os
 .text.boot_selected_os
                0x000000000021692c       0x84 common/built-in.o
                0x000000000021692c                boot_selected_os
 .text.bootm_os_get_boot_func
                0x00000000002169b0       0x10 common/built-in.o
                0x00000000002169b0                bootm_os_get_boot_func
 .text.do_help  0x00000000002169c0       0x3c common/built-in.o
 *fill*         0x00000000002169fc        0x4 
 .text.do_version
                0x0000000000216a00       0x48 common/built-in.o
 .text.env_attr_walk
                0x0000000000216a48      0x128 common/built-in.o
                0x0000000000216a48                env_attr_walk
 .text.env_attr_lookup
                0x0000000000216b70      0x1a8 common/built-in.o
                0x0000000000216b70                env_attr_lookup
 .text.clear_callback
                0x0000000000216d18        0xc common/built-in.o
 .text.on_callbacks
                0x0000000000216d24       0x58 common/built-in.o
 .text.set_callback
                0x0000000000216d7c       0xe0 common/built-in.o
 .text.env_callback_init
                0x0000000000216e5c      0x104 common/built-in.o
                0x0000000000216e5c                env_callback_init
 .text.clear_flags
                0x0000000000216f60        0xc common/built-in.o
 .text.on_flags
                0x0000000000216f6c       0x58 common/built-in.o
 .text.env_flags_parse_vartype
                0x0000000000216fc4       0x64 common/built-in.o
                0x0000000000216fc4                env_flags_parse_vartype
 .text.env_flags_parse_varaccess
                0x0000000000217028       0x6c common/built-in.o
                0x0000000000217028                env_flags_parse_varaccess
 .text.set_flags
                0x0000000000217094       0xac common/built-in.o
 .text.env_flags_init
                0x0000000000217140       0xc8 common/built-in.o
                0x0000000000217140                env_flags_init
 .text.env_flags_validate
                0x0000000000217208      0x254 common/built-in.o
                0x0000000000217208                env_flags_validate
 .text.env_init
                0x000000000021745c       0x1c common/built-in.o
                0x000000000021745c                env_init
 .text.saveenv  0x0000000000217478       0xec common/built-in.o
                0x0000000000217478                saveenv
 .text.env_relocate_spec
                0x0000000000217564       0xcc common/built-in.o
                0x0000000000217564                env_relocate_spec
 .text.do_bmp   0x0000000000217630       0x68 common/built-in.o
 .text.do_bmp_info
                0x0000000000217698      0x108 common/built-in.o
 .text.bmp_display
                0x00000000002177a0       0x40 common/built-in.o
                0x00000000002177a0                bmp_display
 .text.do_bmp_display
                0x00000000002177e0       0xc0 common/built-in.o
 .text.do_exit  0x00000000002178a0       0x34 common/built-in.o
 .text.fdt_valid
                0x00000000002178d4       0xcc common/built-in.o
 .text.is_printable_string.part.1
                0x00000000002179a0       0x84 common/built-in.o
 .text.print_data
                0x0000000000217a24      0x1ec common/built-in.o
 .text.set_working_fdt_addr
                0x0000000000217c10       0x18 common/built-in.o
                0x0000000000217c10                set_working_fdt_addr
 .text.do_fdt   0x0000000000217c28      0xea8 common/built-in.o
 .text.get_cells_len
                0x0000000000218ad0       0x44 common/built-in.o
 .text.fdt_pack_reg
                0x0000000000218b14       0xcc common/built-in.o
 .text.fdt_find_or_add_subnode.constprop.5
                0x0000000000218be0       0x80 common/built-in.o
 .text.fdt_getprop_u32_default_node
                0x0000000000218c60       0x54 common/built-in.o
                0x0000000000218c60                fdt_getprop_u32_default_node
 .text.fdt_find_and_setprop
                0x0000000000218cb4       0x94 common/built-in.o
                0x0000000000218cb4                fdt_find_and_setprop
 .text.fdt_initrd
                0x0000000000218d48      0x1d0 common/built-in.o
                0x0000000000218d48                fdt_initrd
 .text.fdt_chosen
                0x0000000000218f18      0x12c common/built-in.o
                0x0000000000218f18                fdt_chosen
 .text.do_fixup_by_path
                0x0000000000219044       0xd8 common/built-in.o
                0x0000000000219044                do_fixup_by_path
 .text.do_fixup_by_path_u32
                0x000000000021911c       0x28 common/built-in.o
                0x000000000021911c                do_fixup_by_path_u32
 .text.fdt_fixup_memory_banks
                0x0000000000219144      0x15c common/built-in.o
                0x0000000000219144                fdt_fixup_memory_banks
 .text.fdt_fixup_memory
                0x00000000002192a0       0x28 common/built-in.o
                0x00000000002192a0                fdt_fixup_memory
 .text.fdt_update_reserved_memory
                0x00000000002192c8       0xb4 common/built-in.o
                0x00000000002192c8                fdt_update_reserved_memory
 .text.fdt_fixup_ethernet
                0x000000000021937c      0x1a8 common/built-in.o
                0x000000000021937c                fdt_fixup_ethernet
 .text.fdt_shrink_to_minimum
                0x0000000000219524       0xc8 common/built-in.o
                0x0000000000219524                fdt_shrink_to_minimum
 .text.fbt_dwc3_rx_handler
                0x00000000002195ec       0x30 common/built-in.o
                0x00000000002195ec                fbt_dwc3_rx_handler
 .text.fbt_dwc3_tx_handler
                0x000000000021961c       0x30 common/built-in.o
                0x000000000021961c                fbt_dwc3_tx_handler
 .text.getvar_version
                0x000000000021964c        0xc common/built-in.o
 .text.getvar_version_baseband
                0x0000000000219658        0xc common/built-in.o
 .text.getvar_version_bootloader
                0x0000000000219664        0xc common/built-in.o
 .text.getvar_unlocked
                0x0000000000219670       0x24 common/built-in.o
 .text.getvar_secure
                0x0000000000219694       0x24 common/built-in.o
 .text.getvar_product
                0x00000000002196b8        0xc common/built-in.o
 .text.getvar_serialno
                0x00000000002196c4        0xc common/built-in.o
 .text.str2wide
                0x00000000002196d0       0x98 common/built-in.o
 .text.getvar_checksum
                0x0000000000219768      0x158 common/built-in.o
 .text.getvar_partition_offset
                0x00000000002198c0       0x60 common/built-in.o
 .text.getvar_partition_size
                0x0000000000219920       0x60 common/built-in.o
 .text.getvar_partition_type
                0x0000000000219980       0x84 common/built-in.o
 .text.fbt_handle_erase
                0x0000000000219a04       0xd8 common/built-in.o
 .text.fbt_write_bulk_ep
                0x0000000000219adc       0x1c common/built-in.o
                0x0000000000219adc                fbt_write_bulk_ep
 .text.fbt_handle_response
                0x0000000000219af8       0x94 common/built-in.o
 .text.fbt_send_raw_info
                0x0000000000219b8c       0xf8 common/built-in.o
 .text.fbt_handle_reboot
                0x0000000000219c84       0xb8 common/built-in.o
 .text.fbt_read_bulk_ep
                0x0000000000219d3c       0x20 common/built-in.o
                0x0000000000219d3c                fbt_read_bulk_ep
 .text.fbt_event_handler_for_dwc3
                0x0000000000219d5c       0x5c common/built-in.o
                0x0000000000219d5c                fbt_event_handler_for_dwc3
 .text.fbt_init_dwc3_udc_instance
                0x0000000000219db8      0x1c4 common/built-in.o
                0x0000000000219db8                fbt_init_dwc3_udc_instance
 .text.do_fastboot
                0x0000000000219f7c      0xa6c common/built-in.o
 .text.fbt_fastboot_init
                0x000000000021a9e8      0x148 common/built-in.o
                0x000000000021a9e8                fbt_fastboot_init
 .text.do_bootrk
                0x000000000021ab30      0xa18 common/built-in.o
                0x000000000021ab30                do_bootrk
 .text.dwc3_rx_handler
                0x000000000021b548       0x28 common/built-in.o
                0x000000000021b548                dwc3_rx_handler
 .text.dwc3_tx_handler
                0x000000000021b570       0x28 common/built-in.o
                0x000000000021b570                dwc3_tx_handler
 .text.rkusb_write_bulk_ep
                0x000000000021b598       0x18 common/built-in.o
                0x000000000021b598                rkusb_write_bulk_ep
 .text.rkusb_read_bulk_ep
                0x000000000021b5b0       0x1c common/built-in.o
                0x000000000021b5b0                rkusb_read_bulk_ep
 .text.rkusb_event_handler_for_dwc3
                0x000000000021b5cc       0xe0 common/built-in.o
                0x000000000021b5cc                rkusb_event_handler_for_dwc3
 .text.rkusb_send_csw
                0x000000000021b6ac       0xac common/built-in.o
 .text.init_dwc3_udc_instance
                0x000000000021b758      0x1e0 common/built-in.o
                0x000000000021b758                init_dwc3_udc_instance
 .text.do_rockusb_cmd
                0x000000000021b938      0x4a8 common/built-in.o
                0x000000000021b938                do_rockusb_cmd
 .text.rkusb_handle_datarx
                0x000000000021bde0      0x204 common/built-in.o
                0x000000000021bde0                rkusb_handle_datarx
 .text.rkusb_handle_datatx
                0x000000000021bfe4      0x258 common/built-in.o
                0x000000000021bfe4                rkusb_handle_datatx
 .text.do_rockusb
                0x000000000021c23c      0x224 common/built-in.o
                0x000000000021c23c                do_rockusb
 .text.get_entry_ram
                0x000000000021c460      0x180 common/built-in.o
 .text.get_content_ram
                0x000000000021c5e0       0x94 common/built-in.o
                0x000000000021c5e0                get_content_ram
 .text.get_content
                0x000000000021c674      0x288 common/built-in.o
                0x000000000021c674                get_content
 .text.free_content
                0x000000000021c8fc       0x38 common/built-in.o
                0x000000000021c8fc                free_content
 .text.load_content_data
                0x000000000021c934       0x34 common/built-in.o
                0x000000000021c934                load_content_data
 .text.load_content
                0x000000000021c968       0x9c common/built-in.o
                0x000000000021c968                load_content
 .text.get_bmp_header
                0x000000000021ca04       0xc4 common/built-in.o
                0x000000000021ca04                get_bmp_header
 .text.load_bmp_content
                0x000000000021cac8       0xbc common/built-in.o
                0x000000000021cac8                load_bmp_content
 .text._show_resource_image
                0x000000000021cb84      0x19c common/built-in.o
                0x000000000021cb84                _show_resource_image
 .text.show_resource_image
                0x000000000021cd20       0x14 common/built-in.o
                0x000000000021cd20                show_resource_image
 .text.snip     0x000000000021cd34       0x78 common/built-in.o
 .text.edid_check_info
                0x000000000021cdac       0x5c common/built-in.o
                0x000000000021cdac                edid_check_info
 .text.edid_get_timing
                0x000000000021ce08      0x284 common/built-in.o
                0x000000000021ce08                edid_get_timing
 .text.edid_print_info
                0x000000000021d08c      0x620 common/built-in.o
                0x000000000021d08c                edid_print_info
 .text.lcd_get_size
                0x000000000021d6ac       0x2c common/built-in.o
                0x000000000021d6ac                lcd_get_size
 .text.lcd_sync
                0x000000000021d6d8       0x40 common/built-in.o
                0x000000000021d6d8                lcd_sync
 .text.lcd_get_buffer
                0x000000000021d718       0x30 common/built-in.o
                0x000000000021d718                lcd_get_buffer
 .text.lcd_enable_logo
                0x000000000021d748        0xc common/built-in.o
                0x000000000021d748                lcd_enable_logo
 .text.rk_bitmap_from_resource
                0x000000000021d754       0x28 common/built-in.o
                0x000000000021d754                rk_bitmap_from_resource
 .text.bitmap_plot
                0x000000000021d77c      0x134 common/built-in.o
                0x000000000021d77c                bitmap_plot
 .text.lcd_clear
                0x000000000021d8b0       0xb4 common/built-in.o
                0x000000000021d8b0                lcd_clear
 .text.drv_lcd_init
                0x000000000021d964       0xbc common/built-in.o
                0x000000000021d964                drv_lcd_init
 .text.do_lcd_clear
                0x000000000021da20       0x18 common/built-in.o
 .text.lcd_display_bitmap
                0x000000000021da38      0x6e8 common/built-in.o
                0x000000000021da38                lcd_display_bitmap
 .text.lcd_display_bitmap_center
                0x000000000021e120       0xa0 common/built-in.o
                0x000000000021e120                lcd_display_bitmap_center
 .text.do_env_delete
                0x000000000021e1c0       0xdc common/built-in.o
 .text.do_env_save
                0x000000000021e29c       0x30 common/built-in.o
                0x000000000021e29c                do_env_save
 .text.do_env   0x000000000021e2cc       0x78 common/built-in.o
 .text.env_print
                0x000000000021e344       0xd0 common/built-in.o
 .text.do_env_print
                0x000000000021e414       0xe4 common/built-in.o
 .text.do_env_import
                0x000000000021e4f8      0x270 common/built-in.o
 .text.do_env_default
                0x000000000021e768       0xdc common/built-in.o
 .text._do_env_set.isra.1
                0x000000000021e844      0x1f8 common/built-in.o
 .text.do_env_set
                0x000000000021ea3c       0x1c common/built-in.o
 .text.setenv   0x000000000021ea58       0x54 common/built-in.o
                0x000000000021ea58                setenv
 .text.setenv_ulong
                0x000000000021eaac       0x2c common/built-in.o
                0x000000000021eaac                setenv_ulong
 .text.setenv_hex
                0x000000000021ead8       0x3c common/built-in.o
                0x000000000021ead8                setenv_hex
 .text.do_env_export
                0x000000000021eb14      0x250 common/built-in.o
 .text.envmatch
                0x000000000021ed64       0x84 common/built-in.o
                0x000000000021ed64                envmatch
 .text.getenv_f
                0x000000000021ede8       0xec common/built-in.o
                0x000000000021ede8                getenv_f
 .text.getenv   0x000000000021eed4       0x84 common/built-in.o
                0x000000000021eed4                getenv
 .text.getenv_hex
                0x000000000021ef58       0x48 common/built-in.o
                0x000000000021ef58                getenv_hex
 .text.getenv_ulong
                0x000000000021efa0       0x40 common/built-in.o
                0x000000000021efa0                getenv_ulong
 .text.env_get_char_spec
                0x000000000021efe0        0xc common/built-in.o
                0x000000000021efe0                env_get_char_spec
 .text.env_get_addr
                0x000000000021efec       0x24 common/built-in.o
                0x000000000021efec                env_get_addr
 .text.env_get_char_memory
                0x000000000021f010       0x18 common/built-in.o
                0x000000000021f010                env_get_char_memory
 .text.env_get_char
                0x000000000021f028       0x28 common/built-in.o
                0x000000000021f028                env_get_char
 .text.getenv_yesno
                0x000000000021f050       0x4c common/built-in.o
                0x000000000021f050                getenv_yesno
 .text.getenv_default
                0x000000000021f09c       0x3c common/built-in.o
                0x000000000021f09c                getenv_default
 .text.set_default_env
                0x000000000021f0d8       0xc0 common/built-in.o
                0x000000000021f0d8                set_default_env
 .text.set_default_vars
                0x000000000021f198       0x2c common/built-in.o
                0x000000000021f198                set_default_vars
 .text.env_relocate
                0x000000000021f1c4       0x30 common/built-in.o
                0x000000000021f1c4                env_relocate
 .text.console_setfile
                0x000000000021f1f4       0xc0 common/built-in.o
 .text.serial_printf
                0x000000000021f2b4       0x90 common/built-in.o
                0x000000000021f2b4                serial_printf
 .text.puts     0x000000000021f344       0x40 common/built-in.o
                0x000000000021f344                puts
 .text.printf   0x000000000021f384       0x9c common/built-in.o
                0x000000000021f384                printf
 .text.putc     0x000000000021f420       0x44 common/built-in.o
                0x000000000021f420                putc
 .text.fgetc    0x000000000021f464       0x34 common/built-in.o
                0x000000000021f464                fgetc
 .text.getc     0x000000000021f498       0x20 common/built-in.o
                0x000000000021f498                getc
 .text.ftstc    0x000000000021f4b8       0x34 common/built-in.o
                0x000000000021f4b8                ftstc
 .text.tstc     0x000000000021f4ec       0x20 common/built-in.o
                0x000000000021f4ec                tstc
 .text.vprintf  0x000000000021f50c       0x54 common/built-in.o
                0x000000000021f50c                vprintf
 .text.ctrlc    0x000000000021f560       0x58 common/built-in.o
                0x000000000021f560                ctrlc
 .text.had_ctrlc
                0x000000000021f5b8        0xc common/built-in.o
                0x000000000021f5b8                had_ctrlc
 .text.clear_ctrlc
                0x000000000021f5c4        0xc common/built-in.o
                0x000000000021f5c4                clear_ctrlc
 .text.search_device
                0x000000000021f5d0       0x38 common/built-in.o
                0x000000000021f5d0                search_device
 .text.console_assign
                0x000000000021f608       0x60 common/built-in.o
                0x000000000021f608                console_assign
 .text.on_console
                0x000000000021f668       0xc4 common/built-in.o
 .text.console_init_f
                0x000000000021f72c       0x10 common/built-in.o
                0x000000000021f72c                console_init_f
 .text.console_init_r
                0x000000000021f73c      0x180 common/built-in.o
                0x000000000021f73c                console_init_r
 .text.do_check_chunk
                0x000000000021f8bc       0xfc common/built-in.o
 .text.do_check_free_chunk
                0x000000000021f9b8      0x1e4 common/built-in.o
 .text.do_check_inuse_chunk
                0x000000000021fb9c      0x14c common/built-in.o
 .text.do_check_malloced_chunk
                0x000000000021fce8      0x124 common/built-in.o
 .text.sbrk     0x000000000021fe0c       0x74 common/built-in.o
                0x000000000021fe0c                sbrk
 .text.mem_malloc_init
                0x000000000021fe80       0x58 common/built-in.o
                0x000000000021fe80                mem_malloc_init
 .text.malloc_trim
                0x000000000021fed8       0xe8 common/built-in.o
                0x000000000021fed8                malloc_trim
 .text.free     0x000000000021ffc0      0x27c common/built-in.o
                0x000000000021ffc0                free
 .text.malloc   0x000000000022023c      0x6d0 common/built-in.o
                0x000000000022023c                malloc
 .text.calloc   0x000000000022090c       0xd8 common/built-in.o
                0x000000000022090c                calloc
 .text.realloc  0x00000000002209e4      0x53c common/built-in.o
                0x00000000002209e4                realloc
 .text.memalign
                0x0000000000220f20      0x16c common/built-in.o
                0x0000000000220f20                memalign
 .text.on_loadaddr
                0x000000000022108c       0x38 common/built-in.o
 .text.image_check_hcrc
                0x00000000002210c4       0x50 common/built-in.o
                0x00000000002210c4                image_check_hcrc
 .text.image_check_dcrc
                0x0000000000221114       0x44 common/built-in.o
                0x0000000000221114                image_check_dcrc
 .text.image_multi_count
                0x0000000000221158       0x20 common/built-in.o
                0x0000000000221158                image_multi_count
 .text.image_multi_getimg
                0x0000000000221178       0xa0 common/built-in.o
                0x0000000000221178                image_multi_getimg
 .text.getenv_bootm_low
                0x0000000000221218       0x30 common/built-in.o
                0x0000000000221218                getenv_bootm_low
 .text.getenv_bootm_size
                0x0000000000221248       0x64 common/built-in.o
                0x0000000000221248                getenv_bootm_size
 .text.getenv_bootm_mapsize
                0x00000000002212ac       0x30 common/built-in.o
                0x00000000002212ac                getenv_bootm_mapsize
 .text.memmove_wd
                0x00000000002212dc       0x10 common/built-in.o
                0x00000000002212dc                memmove_wd
 .text.genimg_print_size
                0x00000000002212ec       0x38 common/built-in.o
                0x00000000002212ec                genimg_print_size
 .text.get_table_entry_name
                0x0000000000221324       0x28 common/built-in.o
                0x0000000000221324                get_table_entry_name
 .text.genimg_get_os_name
                0x000000000022134c       0x18 common/built-in.o
                0x000000000022134c                genimg_get_os_name
 .text.genimg_get_arch_name
                0x0000000000221364       0x18 common/built-in.o
                0x0000000000221364                genimg_get_arch_name
 .text.genimg_get_type_name
                0x000000000022137c       0x18 common/built-in.o
                0x000000000022137c                genimg_get_type_name
 .text.genimg_get_comp_name
                0x0000000000221394       0x18 common/built-in.o
                0x0000000000221394                genimg_get_comp_name
 .text.image_print_contents
                0x00000000002213ac      0x1a0 common/built-in.o
                0x00000000002213ac                image_print_contents
 .text.genimg_get_kernel_addr_fit
                0x000000000022154c       0x54 common/built-in.o
                0x000000000022154c                genimg_get_kernel_addr_fit
 .text.genimg_get_format
                0x00000000002215a0       0x40 common/built-in.o
                0x00000000002215a0                genimg_get_format
 .text.genimg_get_image
                0x00000000002215e0        0x4 common/built-in.o
                0x00000000002215e0                genimg_get_image
 .text.genimg_has_config
                0x00000000002215e4        0x8 common/built-in.o
                0x00000000002215e4                genimg_has_config
 .text.boot_get_ramdisk
                0x00000000002215ec      0x278 common/built-in.o
                0x00000000002215ec                boot_get_ramdisk
 .text.boot_ramdisk_high
                0x0000000000221864      0x164 common/built-in.o
                0x0000000000221864                boot_ramdisk_high
 .text.image_setup_linux
                0x00000000002219c8       0x80 common/built-in.o
                0x00000000002219c8                image_setup_linux
 .text.fdt_error
                0x0000000000221a48       0x38 common/built-in.o
 .text.boot_fdt_add_mem_rsv_regions
                0x0000000000221a80       0x9c common/built-in.o
                0x0000000000221a80                boot_fdt_add_mem_rsv_regions
 .text.boot_relocate_fdt
                0x0000000000221b1c      0x1c8 common/built-in.o
                0x0000000000221b1c                boot_relocate_fdt
 .text.boot_get_fdt
                0x0000000000221ce4      0x2e8 common/built-in.o
                0x0000000000221ce4                boot_get_fdt
 .text.ft_verify_fdt
                0x0000000000221fcc        0x8 common/built-in.o
                0x0000000000221fcc                ft_verify_fdt
 .text.image_setup_libfdt
                0x0000000000221fd4       0xf4 common/built-in.o
                0x0000000000221fd4                image_setup_libfdt
 .text.get_ram_size
                0x00000000002220c8       0xe8 common/built-in.o
                0x00000000002220c8                get_ram_size
 .text.get_effective_memsize
                0x00000000002221b0        0x8 common/built-in.o
                0x00000000002221b0                get_effective_memsize
 .text.stdio_serial_tstc
                0x00000000002221b8        0x4 common/built-in.o
 .text.stdio_serial_getc
                0x00000000002221bc        0x4 common/built-in.o
 .text.stdio_serial_puts
                0x00000000002221c0        0x8 common/built-in.o
 .text.stdio_serial_putc
                0x00000000002221c8        0x8 common/built-in.o
 .text.stdio_get_by_name
                0x00000000002221d0       0x68 common/built-in.o
                0x00000000002221d0                stdio_get_by_name
 .text.stdio_clone
                0x0000000000222238       0x50 common/built-in.o
                0x0000000000222238                stdio_clone
 .text.stdio_register_dev
                0x0000000000222288       0x5c common/built-in.o
                0x0000000000222288                stdio_register_dev
 .text.stdio_register
                0x00000000002222e4        0x8 common/built-in.o
                0x00000000002222e4                stdio_register
 .text.stdio_init_tables
                0x00000000002222ec       0x1c common/built-in.o
                0x00000000002222ec                stdio_init_tables
 .text.stdio_add_devices
                0x0000000000222308       0x78 common/built-in.o
                0x0000000000222308                stdio_add_devices
 .text.get_panel_node.isra.1
                0x0000000000222380      0x11c drivers/built-in.o
 .text.display_init
                0x000000000022249c      0x54c drivers/built-in.o
 .text.connector_pclist_parse_dt
                0x00000000002229e8      0x1fc drivers/built-in.o