
Discarded input sections

 .data          0x0000000000000000        0x0 arch/arm/cpu/armv8/start.o
 .bss           0x0000000000000000        0x0 arch/arm/cpu/armv8/start.o
 .text.set_pgtable_section
                0x0000000000000000       0x14 arch/arm/cpu/armv8/built-in.o
 .text.dcache_status
                0x0000000000000000       0x34 arch/arm/cpu/armv8/built-in.o
 .text.icache_status
                0x0000000000000000       0x34 arch/arm/cpu/armv8/built-in.o
 .text.enable_caches
                0x0000000000000000       0x14 arch/arm/cpu/armv8/built-in.o
 .data          0x0000000000000000        0x0 arch/arm/cpu/armv8/built-in.o
 .bss           0x0000000000000000        0x0 arch/arm/cpu/armv8/built-in.o
 .text          0x0000000000000000        0x0 arch/arm/cpu/armv8/rk33xx/built-in.o
 .text.get_usec_timer
                0x0000000000000000       0xb8 arch/arm/cpu/armv8/rk33xx/built-in.o
 .text.get_tbclk
                0x0000000000000000        0x8 arch/arm/cpu/armv8/rk33xx/built-in.o
 .text.rkclk_set_pll_rate_by_id
                0x0000000000000000       0x28 arch/arm/cpu/armv8/rk33xx/built-in.o
 .text.rkclk_get_pll_rate_by_id
                0x0000000000000000        0x4 arch/arm/cpu/armv8/rk33xx/built-in.o
 .text.rkclk_get_sdhci_emmc_clk
                0x0000000000000000       0x84 arch/arm/cpu/armv8/rk33xx/built-in.o
 .text.rkclk_set_mmc_clk_freq
                0x0000000000000000      0x1b0 arch/arm/cpu/armv8/rk33xx/built-in.o
 .text.rkclk_set_mmc_tuning
                0x0000000000000000        0x8 arch/arm/cpu/armv8/rk33xx/built-in.o
 .text.rkclk_get_spi_clk
                0x0000000000000000       0x80 arch/arm/cpu/armv8/rk33xx/built-in.o
 .text.rkcru_pcie_soft_reset
                0x0000000000000000       0x8c arch/arm/cpu/armv8/rk33xx/built-in.o
 .text.gic_set_irq_type
                0x0000000000000000       0xa8 arch/arm/cpu/armv8/rk33xx/built-in.o
 .text.gpio_irq_set_type
                0x0000000000000000      0x124 arch/arm/cpu/armv8/rk33xx/built-in.o
 .text.irq_set_irq_type
                0x0000000000000000       0x38 arch/arm/cpu/armv8/rk33xx/built-in.o
 .rodata.__func__.5376
                0x0000000000000000       0x18 arch/arm/cpu/armv8/rk33xx/built-in.o
 .rodata.gic_set_irq_type
                0x0000000000000000        0x8 arch/arm/cpu/armv8/rk33xx/built-in.o
 .rodata.gpio_irq_set_type
                0x0000000000000000        0x8 arch/arm/cpu/armv8/rk33xx/built-in.o
 .data          0x0000000000000000        0x0 arch/arm/cpu/armv8/rk33xx/built-in.o
 .bss           0x0000000000000000        0x0 arch/arm/cpu/armv8/rk33xx/built-in.o
 .text.flush_cache
                0x0000000000000000        0x4 arch/arm/lib/built-in.o
 .text.flush_dcache_all
                0x0000000000000000        0xc arch/arm/lib/built-in.o
 .text.enable_caches
                0x0000000000000000        0xc arch/arm/lib/built-in.o
 .data          0x0000000000000000        0x0 arch/arm/lib/built-in.o
 .__secure_start
                0x0000000000000000        0x0 arch/arm/lib/built-in.o
 .__end         0x0000000000000000        0x0 arch/arm/lib/built-in.o
 .__secure_end  0x0000000000000000        0x0 arch/arm/lib/built-in.o
 .bss           0x0000000000000000        0x0 arch/arm/lib/built-in.o
 .text          0x0000000000000000        0x0 board/rockchip/common/built-in.o
 .text.P_RC4_ext
                0x0000000000000000      0x108 board/rockchip/common/built-in.o
 .text.DRVDelayMs
                0x0000000000000000       0x10 board/rockchip/common/built-in.o
 .text.EmmcPowerEn
                0x0000000000000000       0x44 board/rockchip/common/built-in.o
 .text.SCUSetSDClkFreq
                0x0000000000000000        0x8 board/rockchip/common/built-in.o
 .text.SCUSetTuning
                0x0000000000000000        0x8 board/rockchip/common/built-in.o
 .text.dump_disk_partitions
                0x0000000000000000       0x7c board/rockchip/common/built-in.o
 .text.rkidb_get_rc4_flag
                0x0000000000000000       0x54 board/rockchip/common/built-in.o
 .text.rkidb_get_mac_address
                0x0000000000000000       0x98 board/rockchip/common/built-in.o
 .text.rkidb_erase_drm_key
                0x0000000000000000       0x50 board/rockchip/common/built-in.o
 .text.rkkey_power_state
                0x0000000000000000       0x48 board/rockchip/common/built-in.o
 .text.rkkey_get_powerkey
                0x0000000000000000       0x18 board/rockchip/common/built-in.o
 .text.powerOff
                0x0000000000000000       0x28 board/rockchip/common/built-in.o
 .text.get_exit_uboot_charge_level
                0x0000000000000000       0x64 board/rockchip/common/built-in.o
 .text.board_fbt_exit_uboot_charge
                0x0000000000000000       0xf8 board/rockchip/common/built-in.o
 .text._MMCDoTuning.part.0
                0x0000000000000000       0xd8 board/rockchip/common/built-in.o
 .text.MMC_GetMID
                0x0000000000000000       0x4c board/rockchip/common/built-in.o
[...]
Memory Configuration

Name             Origin             Length             Attributes
*default*        0x0000000000000000 0xffffffffffffffff

Linker script and memory map

Address of section .text set to 0x200000
                0x0000000000000000                . = 0x0
                0x0000000000000000                . = ALIGN (0x8)

.text           0x0000000000200000    0x4a454
 *(.__image_copy_start)
 .__image_copy_start
                0x0000000000200000        0x0 arch/arm/lib/built-in.o
                0x0000000000200000                __image_copy_start
 arch/arm/cpu/armv8/start.o(.text*)
 .text          0x0000000000200000      0x3a8 arch/arm/cpu/armv8/start.o
                0x0000000000200000                _start
                0x0000000000200008                RSA_KEY_TAG
                0x000000000020000c                RSA_KEY_LENGTH
                0x0000000000200010                RSA_KEY_DATA
                0x0000000000200208                LoaderTagCheck
                0x0000000000200220                _TEXT_BASE
                0x0000000000200228                _end_ofs
                0x0000000000200230                _bss_start_ofs
                0x0000000000200238                _bss_end_ofs
                0x00000000002002c8                apply_core_errata
                0x00000000002002ec                lowlevel_init
                0x0000000000200334                smp_kick_all_cpus
                0x0000000000200348                c_runtime_cpu_setup
 *(.text*)
 *fill*         0x00000000002003a8      0x458 
 .text          0x0000000000200800     0x1264 arch/arm/cpu/armv8/built-in.o
                0x0000000000200800                vectors
                0x0000000000201800                __asm_flush_dcache_level
                0x0000000000201864                __asm_dcache_all
                0x00000000002018c4                __asm_flush_dcache_all
                0x00000000002018d8                __asm_invalidate_dcache_all
                0x00000000002018ec                __asm_flush_dcache_range
                0x0000000000201920                __asm_invalidate_icache_all
                0x000000000020192c                __asm_invalidate_tlb_all
                0x0000000000201978                armv8_switch_to_el2
                0x00000000002019d8                armv8_switch_to_el1
 .text.cleanup_before_linux
                0x0000000000201a64       0x24 arch/arm/cpu/armv8/built-in.o
                0x0000000000201a64                cleanup_before_linux
 .text.invalidate_dcache_all
                0x0000000000201a88        0x4 arch/arm/cpu/armv8/built-in.o
                0x0000000000201a88                invalidate_dcache_all
 .text.flush_l3_cache
                0x0000000000201a8c        0x4 arch/arm/cpu/armv8/built-in.o
                0x0000000000201a8c                flush_l3_cache
 .text.flush_dcache_all
                0x0000000000201a90       0x14 arch/arm/cpu/armv8/built-in.o
                0x0000000000201a90                flush_dcache_all
 .text.invalidate_dcache_range
                0x0000000000201aa4        0x4 arch/arm/cpu/armv8/built-in.o
                0x0000000000201aa4                invalidate_dcache_range
 .text.flush_dcache_range
                0x0000000000201aa8        0x4 arch/arm/cpu/armv8/built-in.o
                0x0000000000201aa8                flush_dcache_range
 .text.dcache_enable
                0x0000000000201aac      0x20c arch/arm/cpu/armv8/built-in.o
                0x0000000000201aac                dcache_enable
 .text.dcache_disable
                0x0000000000201cb8       0x88 arch/arm/cpu/armv8/built-in.o
                0x0000000000201cb8                dcache_disable
 .text.icache_enable
                0x0000000000201d40       0x74 arch/arm/cpu/armv8/built-in.o
                0x0000000000201d40                icache_enable
 .text.icache_disable
                0x0000000000201db4       0x64 arch/arm/cpu/armv8/built-in.o
                0x0000000000201db4                icache_disable
 .text.invalidate_icache_all
                0x0000000000201e18        0x4 arch/arm/cpu/armv8/built-in.o
                0x0000000000201e18                invalidate_icache_all
 .text.flush_cache
                0x0000000000201e1c        0x8 arch/arm/cpu/armv8/built-in.o
                0x0000000000201e1c                flush_cache
 .text.enable_caches
                0x0000000000201e24       0x14 arch/arm/cpu/armv8/rk33xx/built-in.o
                0x0000000000201e24                enable_caches
 .text.rk_get_bootrom_chip_version
                0x0000000000201e38       0x2c arch/arm/cpu/armv8/rk33xx/built-in.o
                0x0000000000201e38                rk_get_bootrom_chip_version
 .text.rk_get_chiptype
                0x0000000000201e64       0x24 arch/arm/cpu/armv8/rk33xx/built-in.o
                0x0000000000201e64                rk_get_chiptype
 .text.rk_get_cpu_version
                0x0000000000201e88        0x8 arch/arm/cpu/armv8/rk33xx/built-in.o
                0x0000000000201e88                rk_get_cpu_version
 .text.arch_cpu_init
                0x0000000000201e90       0x50 arch/arm/cpu/armv8/rk33xx/built-in.o
                0x0000000000201e90                arch_cpu_init
 .text.print_cpuinfo
                0x0000000000201ee0       0x58 arch/arm/cpu/armv8/rk33xx/built-in.o
                0x0000000000201ee0                print_cpuinfo
 .text.reset_timer_masked
                0x0000000000201f38       0x1c arch/arm/cpu/armv8/rk33xx/built-in.o
                0x0000000000201f38                reset_timer_masked
 .text.timer_init
                0x0000000000201f54       0x34 arch/arm/cpu/armv8/rk33xx/built-in.o
                0x0000000000201f54                timer_init
 .text.__udelay
                0x0000000000201f88       0xa0 arch/arm/cpu/armv8/rk33xx/built-in.o
                0x0000000000201f88                __udelay
 .text.get_timer_masked
                0x0000000000202028       0xa4 arch/arm/cpu/armv8/rk33xx/built-in.o
                0x0000000000202028                get_timer_masked
 .text.get_timer
                0x00000000002020cc       0x24 arch/arm/cpu/armv8/rk33xx/built-in.o
                0x00000000002020cc                get_timer
 .text.get_ticks
                0x00000000002020f0        0x4 arch/arm/cpu/armv8/rk33xx/built-in.o
                0x00000000002020f0                get_ticks
 .text.rkclk_pll_get_rate
                0x00000000002020f4      0x188 arch/arm/cpu/armv8/rk33xx/built-in.o
 .text.rkclk_pll_set_mode
                0x000000000020227c       0x9c arch/arm/cpu/armv8/rk33xx/built-in.o
 .text.rkclk_aplll_cb
                0x0000000000202318       0x74 arch/arm/cpu/armv8/rk33xx/built-in.o
 .text.rkclk_ppll_cb
                0x000000000020238c       0x18 arch/arm/cpu/armv8/rk33xx/built-in.o
 .text.rkclk_gpll_cb
                0x00000000002023a4       0x40 arch/arm/cpu/armv8/rk33xx/built-in.o
 .text.rkclk_pll_wait_lock
                0x00000000002023e4       0x90 arch/arm/cpu/armv8/rk33xx/built-in.o
 .text.rkclk_pll_set_rate
                0x0000000000202474      0x17c arch/arm/cpu/armv8/rk33xx/built-in.o
 .text.rkclk_pll_mode
                0x00000000002025f0       0xc4 arch/arm/cpu/armv8/rk33xx/built-in.o
                0x00000000002025f0                rkclk_pll_mode
 .text.rkclk_set_pll
                0x00000000002026b4      0x228 arch/arm/cpu/armv8/rk33xx/built-in.o
                0x00000000002026b4                rkclk_set_pll
 .text.rkclk_get_pll
                0x00000000002028dc      0x168 arch/arm/cpu/armv8/rk33xx/built-in.o
                0x00000000002028dc                rkclk_get_pll
 .text.rkclk_pll_set_any_freq
                0x0000000000202a44      0x334 arch/arm/cpu/armv8/rk33xx/built-in.o
                0x0000000000202a44                rkclk_pll_set_any_freq
 .text.rkclk_dump_pll
                0x0000000000202d78       0xfc arch/arm/cpu/armv8/rk33xx/built-in.o
                0x0000000000202d78                rkclk_dump_pll
 .text.rkclk_lcdc_dclk_pll_sel
                0x0000000000202e74       0x4c arch/arm/cpu/armv8/rk33xx/built-in.o
                0x0000000000202e74                rkclk_lcdc_dclk_pll_sel
 .text.rkclk_lcdc_clk_set
                0x0000000000202ec0      0x18c arch/arm/cpu/armv8/rk33xx/built-in.o
                0x0000000000202ec0                rkclk_lcdc_clk_set
 .text.rkclk_set_sdhci_emmc_clk
                0x000000000020304c       0x88 arch/arm/cpu/armv8/rk33xx/built-in.o
                0x000000000020304c                rkclk_set_sdhci_emmc_clk
 .text.rkclk_set_mmc_clk_src
                0x00000000002030d4       0x4c arch/arm/cpu/armv8/rk33xx/built-in.o
                0x00000000002030d4                rkclk_set_mmc_clk_src
 .text.rkclk_get_mmc_clk
                0x0000000000203120       0x64 arch/arm/cpu/armv8/rk33xx/built-in.o
                0x0000000000203120                rkclk_get_mmc_clk
 .text.rkclk_get_mmc_freq_from_gpll
                0x0000000000203184       0x30 arch/arm/cpu/armv8/rk33xx/built-in.o
                0x0000000000203184                rkclk_get_mmc_freq_from_gpll
 .text.rkclk_set_mmc_clk_div
                0x00000000002031b4       0x48 arch/arm/cpu/armv8/rk33xx/built-in.o
                0x00000000002031b4                rkclk_set_mmc_clk_div
 .text.rkclk_disable_mmc_tuning
                0x00000000002031fc        0x8 arch/arm/cpu/armv8/rk33xx/built-in.o
                0x00000000002031fc                rkclk_disable_mmc_tuning
 .text.rkclk_get_pwm_clk
                0x0000000000203204       0xa8 arch/arm/cpu/armv8/rk33xx/built-in.o
                0x0000000000203204                rkclk_get_pwm_clk
 .text.rkclk_get_i2c_clk
                0x00000000002032ac      0x118 arch/arm/cpu/armv8/rk33xx/built-in.o
                0x00000000002032ac                rkclk_get_i2c_clk
 .text.rkcru_cpu_soft_reset
                0x00000000002033c4       0x28 arch/arm/cpu/armv8/rk33xx/built-in.o
                0x00000000002033c4                rkcru_cpu_soft_reset
 .text.rkcru_mmc_soft_reset
                0x00000000002033ec       0x60 arch/arm/cpu/armv8/rk33xx/built-in.o
                0x00000000002033ec                rkcru_mmc_soft_reset
 .text.rkcru_i2c_soft_reset
                0x000000000020344c       0x60 arch/arm/cpu/armv8/rk33xx/built-in.o
                0x000000000020344c                rkcru_i2c_soft_reset
 .text.gic_handler_enable
                0x00000000002034ac       0x4c arch/arm/cpu/armv8/rk33xx/built-in.o
 .text.gic_handler_disable
                0x00000000002034f8       0x4c arch/arm/cpu/armv8/rk33xx/built-in.o
 .text.gpio_irq_disable
                0x0000000000203544       0x5c arch/arm/cpu/armv8/rk33xx/built-in.o
 .text.gpio_irq_enable
                0x00000000002035a0       0x5c arch/arm/cpu/armv8/rk33xx/built-in.o
 .text.gpio_irq_handler
                0x00000000002035fc      0x138 arch/arm/cpu/armv8/rk33xx/built-in.o
 .text.irq_handler_enable
                0x0000000000203734       0x38 arch/arm/cpu/armv8/rk33xx/built-in.o
                0x0000000000203734                irq_handler_enable
 .text.irq_handler_disable
                0x000000000020376c       0x38 arch/arm/cpu/armv8/rk33xx/built-in.o
                0x000000000020376c                irq_handler_disable
 .text.irq_install_handler
                0x00000000002037a4       0x48 arch/arm/cpu/armv8/rk33xx/built-in.o
                0x00000000002037a4                irq_install_handler
 .text.irq_uninstall_handler
                0x00000000002037ec       0x18 arch/arm/cpu/armv8/rk33xx/built-in.o
                0x00000000002037ec                irq_uninstall_handler
 .text.enable_interrupts
                0x0000000000203804        0x8 arch/arm/cpu/armv8/rk33xx/built-in.o
                0x0000000000203804                enable_interrupts
 .text.disable_interrupts
                0x000000000020380c        0xc arch/arm/cpu/armv8/rk33xx/built-in.o
                0x000000000020380c                disable_interrupts
 .text.do_irq   0x0000000000203818       0x4c arch/arm/cpu/armv8/rk33xx/built-in.o
                0x0000000000203818                do_irq
 .text.arch_interrupt_init
                0x0000000000203864       0xb8 arch/arm/cpu/armv8/rk33xx/built-in.o
                0x0000000000203864                arch_interrupt_init
 .text.interrupt_init
                0x000000000020391c        0x4 arch/arm/cpu/armv8/rk33xx/built-in.o
                0x000000000020391c                interrupt_init
 .text.dram_bank_reserve
                0x0000000000203920      0x1e0 arch/arm/cpu/armv8/rk33xx/built-in.o
 .text.dram_init
                0x0000000000203b00       0x9c arch/arm/cpu/armv8/rk33xx/built-in.o
                0x0000000000203b00                dram_init
 .text.dram_init_banksize
                0x0000000000203b9c      0x218 arch/arm/cpu/armv8/rk33xx/built-in.o
                0x0000000000203b9c                dram_init_banksize
 .text.rk_iomux_sdcard_save
                0x0000000000203db4       0x28 arch/arm/cpu/armv8/rk33xx/built-in.o
                0x0000000000203db4                rk_iomux_sdcard_save
 .text.rk_iomux_sdcard_restore
                0x0000000000203ddc       0x1c arch/arm/cpu/armv8/rk33xx/built-in.o
                0x0000000000203ddc                rk_iomux_sdcard_restore
 .text.rk_iomux_config
                0x0000000000203df8      0x268 arch/arm/cpu/armv8/rk33xx/built-in.o
                0x0000000000203df8                rk_iomux_config
 .text.rk_module_deinit
                0x0000000000204060       0x18 arch/arm/cpu/armv8/rk33xx/built-in.o
                0x0000000000204060                rk_module_deinit
 .text.reset_cpu
                0x0000000000204078       0x28 arch/arm/cpu/armv8/rk33xx/built-in.o
                0x0000000000204078                reset_cpu
 .text          0x00000000002040a0      0x290 arch/arm/lib/built-in.o
                0x00000000002040a0                _main
                0x0000000000204120                relocate_code
                0x00000000002041f8                gic_init_secure
                0x000000000020422c                gic_init_secure_percpu
                0x000000000020430c                gic_kick_secondary_cpus
                0x000000000020431c                gic_wait_for_interrupt
 .text.arch_fixup_fdt
                0x0000000000204330      0x104 arch/arm/lib/built-in.o
                0x0000000000204330                arch_fixup_fdt
 .text.boot_jump_linux
                0x0000000000204434       0x8c arch/arm/lib/built-in.o
 .text.arch_lmb_reserve
                0x00000000002044c0       0x24 arch/arm/lib/built-in.o
                0x00000000002044c0                arch_lmb_reserve
 .text.setup_board_tags
                0x00000000002044e4        0x4 arch/arm/lib/built-in.o
                0x00000000002044e4                setup_board_tags
 .text.boot_prep_linux
                0x00000000002044e8      0x184 arch/arm/lib/built-in.o
 .text.do_bootm_linux
                0x000000000020466c       0x84 arch/arm/lib/built-in.o
                0x000000000020466c                do_bootm_linux
 .text.arch_reserve_stacks
                0x00000000002046f0       0x10 arch/arm/lib/built-in.o
                0x00000000002046f0                arch_reserve_stacks
 .text.show_regs
                0x0000000000204700       0x84 arch/arm/lib/built-in.o
                0x0000000000204700                show_regs
 .text.do_bad_sync
                0x0000000000204784       0x30 arch/arm/lib/built-in.o
                0x0000000000204784                do_bad_sync
 .text.do_bad_irq
                0x00000000002047b4       0x30 arch/arm/lib/built-in.o
                0x00000000002047b4                do_bad_irq
 .text.do_bad_fiq
                0x00000000002047e4       0x30 arch/arm/lib/built-in.o
                0x00000000002047e4                do_bad_fiq
 .text.do_bad_error
                0x0000000000204814       0x30 arch/arm/lib/built-in.o
                0x0000000000204814                do_bad_error
 .text.do_sync  0x0000000000204844       0x30 arch/arm/lib/built-in.o
                0x0000000000204844                do_sync
 .text.do_fiq   0x0000000000204874       0x30 arch/arm/lib/built-in.o
                0x0000000000204874                do_fiq
 .text.do_error
                0x00000000002048a4       0x30 arch/arm/lib/built-in.o
                0x00000000002048a4                do_error
 .text.reset_misc
                0x00000000002048d4        0x4 arch/arm/lib/built-in.o
                0x00000000002048d4                reset_misc
 .text.do_reset
                0x00000000002048d8       0x38 arch/arm/lib/built-in.o
                0x00000000002048d8                do_reset
 .text.CRC_32CheckBuffer
                0x0000000000204910       0x6c board/rockchip/common/built-in.o
                0x0000000000204910                CRC_32CheckBuffer
 .text.dmult    0x000000000020497c       0x60 board/rockchip/common/built-in.o
 .text.NN_Cmp   0x00000000002049dc       0x44 board/rockchip/common/built-in.o
                0x00000000002049dc                NN_Cmp
 .text.NN_Assign
                0x0000000000204a20       0x20 board/rockchip/common/built-in.o
                0x0000000000204a20                NN_Assign
 .text.NN_Digits
                0x0000000000204a40       0x34 board/rockchip/common/built-in.o
                0x0000000000204a40                NN_Digits
 .text.NN_AssignZero
                0x0000000000204a74       0x1c board/rockchip/common/built-in.o
                0x0000000000204a74                NN_AssignZero
 .text.NN_Sub   0x0000000000204a90       0x50 board/rockchip/common/built-in.o
                0x0000000000204a90                NN_Sub
 .text.NN_Mult  0x0000000000204ae0      0x128 board/rockchip/common/built-in.o
                0x0000000000204ae0                NN_Mult
 .text.NN_LShift
                0x0000000000204c08       0x54 board/rockchip/common/built-in.o
                0x0000000000204c08                NN_LShift
 .text.NN_RShift
                0x0000000000204c5c       0x50 board/rockchip/common/built-in.o
                0x0000000000204c5c                NN_RShift
 .text.NN_Div   0x0000000000204cac      0x3b0 board/rockchip/common/built-in.o
                0x0000000000204cac                NN_Div
 .text.NN_Mod   0x000000000020505c       0x3c board/rockchip/common/built-in.o
                0x000000000020505c                NN_Mod
 .text.NN_ModMult
                0x0000000000205098       0x48 board/rockchip/common/built-in.o
                0x0000000000205098                NN_ModMult
 .text.NN_ModExp
                0x00000000002050e0      0x188 board/rockchip/common/built-in.o
                0x00000000002050e0                NN_ModExp
 .text.NN_Decode
                0x0000000000205268       0x74 board/rockchip/common/built-in.o
                0x0000000000205268                NN_Decode
 .text.NN_Encode
                0x00000000002052dc       0x78 board/rockchip/common/built-in.o
                0x00000000002052dc                NN_Encode
 .text.rsapublicfunc.constprop.7
                0x0000000000205354      0x134 board/rockchip/common/built-in.o
 .text.rsaDecodeHash
                0x0000000000205488       0x6c board/rockchip/common/built-in.o
                0x0000000000205488                rsaDecodeHash
 .text.rsaCheckMD5
                0x00000000002054f4       0x8c board/rockchip/common/built-in.o
                0x00000000002054f4                rsaCheckMD5
 .text.blk_SHA1_Block
                0x0000000000205580     0x13e8 board/rockchip/common/built-in.o
 .text.SHA_init
                0x0000000000206968       0x44 board/rockchip/common/built-in.o
                0x0000000000206968                SHA_init
 .text.SHA_update
                0x00000000002069ac       0xdc board/rockchip/common/built-in.o
                0x00000000002069ac                SHA_update
 .text.SHA_final
                0x0000000000206a88       0xe0 board/rockchip/common/built-in.o
                0x0000000000206a88                SHA_final
 .text.P_RC4    0x0000000000206b68      0x118 board/rockchip/common/built-in.o
                0x0000000000206b68                P_RC4
 .text.ftl_memset
                0x0000000000206c80        0x8 board/rockchip/common/built-in.o
                0x0000000000206c80                ftl_memset
 .text.ftl_memcpy
                0x0000000000206c88       0x40 board/rockchip/common/built-in.o
                0x0000000000206c88                ftl_memcpy
 .text.ftl_memcmp
                0x0000000000206cc8        0x8 board/rockchip/common/built-in.o
                0x0000000000206cc8                ftl_memcmp
 .text.DRVDelayUs
                0x0000000000206cd0        0x8 board/rockchip/common/built-in.o
                0x0000000000206cd0                DRVDelayUs
 .text.CacheFlushDRegion
                0x0000000000206cd8        0xc board/rockchip/common/built-in.o
                0x0000000000206cd8                CacheFlushDRegion
 .text.CacheInvalidateDRegion
                0x0000000000206ce4        0xc board/rockchip/common/built-in.o
                0x0000000000206ce4                CacheInvalidateDRegion
 .text.IReadLoaderFlag
                0x0000000000206cf0       0x10 board/rockchip/common/built-in.o
                0x0000000000206cf0                IReadLoaderFlag
 .text.ISetLoaderFlag
                0x0000000000206d00       0x10 board/rockchip/common/built-in.o
                0x0000000000206d00                ISetLoaderFlag
 .text.GetMmcCLK
                0x0000000000206d10       0x1c board/rockchip/common/built-in.o
                0x0000000000206d10                GetMmcCLK
 .text.SDCReset
                0x0000000000206d2c       0x44 board/rockchip/common/built-in.o
                0x0000000000206d2c                SDCReset
 .text.SCUSelSDClk
                0x0000000000206d70        0x4 board/rockchip/common/built-in.o
                0x0000000000206d70                SCUSelSDClk
 .text.sdmmcGpioInit
                0x0000000000206d74       0x10 board/rockchip/common/built-in.o
                0x0000000000206d74                sdmmcGpioInit
 .text.FW_NandDeInit
                0x0000000000206d84       0x20 board/rockchip/common/built-in.o
                0x0000000000206d84                FW_NandDeInit
 .text.rkplat_uart2UsbEn
                0x0000000000206da4        0x4 board/rockchip/common/built-in.o
                0x0000000000206da4                rkplat_uart2UsbEn
 .text.ParseAtoi
                0x0000000000206da8       0xa8 board/rockchip/common/built-in.o
 .text.memparse
                0x0000000000206e50       0x70 board/rockchip/common/built-in.o
 .text.get_part
                0x0000000000206ec0      0x1e0 board/rockchip/common/built-in.o
 .text.find_mtd_part
                0x00000000002070a0       0x64 board/rockchip/common/built-in.o
 .text.CheckParam
                0x0000000000207104       0x84 board/rockchip/common/built-in.o
                0x0000000000207104                CheckParam
 .text.GetParam
                0x0000000000207188       0x70 board/rockchip/common/built-in.o
                0x0000000000207188                GetParam
 .text.ParseParam
                0x00000000002071f8      0x6c0 board/rockchip/common/built-in.o
                0x00000000002071f8                ParseParam
 .text.get_disk_partition
                0x00000000002078b8       0x4c board/rockchip/common/built-in.o
                0x00000000002078b8                get_disk_partition
 .text.load_disk_partitions
                0x0000000000207904       0xb0 board/rockchip/common/built-in.o
                0x0000000000207904                load_disk_partitions
 .text.FindIDBlock.constprop.3
                0x00000000002079b4      0x154 board/rockchip/common/built-in.o
 .text.rkidb_update_loader
                0x0000000000207b08      0x8ec board/rockchip/common/built-in.o
                0x0000000000207b08                rkidb_update_loader
 .text.rkidb_setup_space
                0x00000000002083f4       0x48 board/rockchip/common/built-in.o
                0x00000000002083f4                rkidb_setup_space
 .text.rkidb_get_idblk_data
                0x000000000020843c       0x34 board/rockchip/common/built-in.o
                0x000000000020843c                rkidb_get_idblk_data
 .text.rkidb_get_bootloader_ver
                0x0000000000208470       0x88 board/rockchip/common/built-in.o
                0x0000000000208470                rkidb_get_bootloader_ver
 .text.rkidb_get_sn
                0x00000000002084f8       0x70 board/rockchip/common/built-in.o
                0x00000000002084f8                rkidb_get_sn
 .text.rkidb_get_hdcp_key
                0x0000000000208568       0x54 board/rockchip/common/built-in.o
                0x0000000000208568                rkidb_get_hdcp_key
 .text.rkloader_CopyFlash2Memory
                0x00000000002085bc       0xac board/rockchip/common/built-in.o
                0x00000000002085bc                rkloader_CopyFlash2Memory
 .text.rkloader_CopyMemory2Flash
                0x0000000000208668       0x78 board/rockchip/common/built-in.o
                0x0000000000208668                rkloader_CopyMemory2Flash
 .text.rkloader_change_cmd_for_recovery
                0x00000000002086e0      0x114 board/rockchip/common/built-in.o
                0x00000000002086e0                rkloader_change_cmd_for_recovery
 .text.rkloader_run_misc_cmd
                0x00000000002087f4      0x248 board/rockchip/common/built-in.o
                0x00000000002087f4                rkloader_run_misc_cmd
 .text.rkloader_fixInitrd
                0x0000000000208a3c       0xdc board/rockchip/common/built-in.o
                0x0000000000208a3c                rkloader_fixInitrd
 .text.rkloader_set_bootloader_msg
                0x0000000000208b18       0x70 board/rockchip/common/built-in.o
                0x0000000000208b18                rkloader_set_bootloader_msg
 .text.rkimg_load_image
                0x0000000000208b88       0xc0 board/rockchip/common/built-in.o
 .text.rkimg_handleDirectDownload
                0x0000000000208c48       0x9c board/rockchip/common/built-in.o
 .text.rkimg_handleSparseDownload
                0x0000000000208ce4      0x1d4 board/rockchip/common/built-in.o
 .text.rkimage_load_image
                0x0000000000208eb8       0x84 board/rockchip/common/built-in.o
                0x0000000000208eb8                rkimage_load_image
 .text.rkimage_partition_erase
                0x0000000000208f3c       0x20 board/rockchip/common/built-in.o
                0x0000000000208f3c                rkimage_partition_erase
 .text.rkimage_store_image
                0x0000000000208f5c      0x700 board/rockchip/common/built-in.o
                0x0000000000208f5c                rkimage_store_image
 .text.rkimage_handleDownload
                0x000000000020965c      0x1e0 board/rockchip/common/built-in.o
                0x000000000020965c                rkimage_handleDownload
 .text.rkimage_load_fdt
                0x000000000020983c      0x158 board/rockchip/common/built-in.o
                0x000000000020983c                rkimage_load_fdt
 .text.rkimage_load_fdt_ram
                0x0000000000209994       0x90 board/rockchip/common/built-in.o
                0x0000000000209994                rkimage_load_fdt_ram
 .text.rkimage_prepare_fdt
                0x0000000000209a24       0x84 board/rockchip/common/built-in.o
                0x0000000000209a24                rkimage_prepare_fdt
 .text.GetPortState
                0x0000000000209aa8       0xd0 board/rockchip/common/built-in.o
 .text.checkKey
                0x0000000000209b78       0x90 board/rockchip/common/built-in.o
                0x0000000000209b78                checkKey
 .text.RemotectlInit
                0x0000000000209c08       0x34 board/rockchip/common/built-in.o
                0x0000000000209c08                RemotectlInit
 .text.RemotectlDeInit
                0x0000000000209c3c       0x24 board/rockchip/common/built-in.o
                0x0000000000209c3c                RemotectlDeInit
 .text.key_init
                0x0000000000209c60      0x250 board/rockchip/common/built-in.o
                0x0000000000209c60                key_init
 .text.powerOn  0x0000000000209eb0       0x20 board/rockchip/common/built-in.o
                0x0000000000209eb0                powerOn
 .text.remotectl_do_something_readtime
                0x0000000000209ed0       0x60 board/rockchip/common/built-in.o
                0x0000000000209ed0                remotectl_do_something_readtime
 .text.remotectl_do_something
                0x0000000000209f30      0x19c board/rockchip/common/built-in.o
                0x0000000000209f30                remotectl_do_something
 .text.remotectlInitInDriver
                0x000000000020a0cc      0x104 board/rockchip/common/built-in.o
                0x000000000020a0cc                remotectlInitInDriver
 .text.board_fbt_run_recovery
                0x000000000020a1d0       0x50 board/rockchip/common/built-in.o
 .text.board_fbt_request_start_fastboot
                0x000000000020a220       0x68 board/rockchip/common/built-in.o
 .text.board_fbt_set_reboot_type
                0x000000000020a288       0x8c board/rockchip/common/built-in.o
                0x000000000020a288                board_fbt_set_reboot_type
 .text.board_fbt_get_reboot_type
                0x000000000020a314      0x16c board/rockchip/common/built-in.o
                0x000000000020a314                board_fbt_get_reboot_type
 .text.board_fbt_key_pressed
                0x000000000020a480      0x128 board/rockchip/common/built-in.o
                0x000000000020a480                board_fbt_key_pressed
 .text.board_fbt_finalize_bootargs
                0x000000000020a5a8       0x78 board/rockchip/common/built-in.o
                0x000000000020a5a8                board_fbt_finalize_bootargs
 .text.board_fbt_boot_failed
                0x000000000020a620       0xe8 board/rockchip/common/built-in.o
                0x000000000020a620                board_fbt_boot_failed
 .text.board_fbt_oem
                0x000000000020a708        0x8 board/rockchip/common/built-in.o
                0x000000000020a708                board_fbt_oem
 .text.board_fbt_handle_erase
                0x000000000020a710        0x4 board/rockchip/common/built-in.o
                0x000000000020a710                board_fbt_handle_erase
 .text.board_fbt_handle_flash
                0x000000000020a714        0x4 board/rockchip/common/built-in.o
                0x000000000020a714                board_fbt_handle_flash
 .text.board_fbt_handle_download
                0x000000000020a718        0x4 board/rockchip/common/built-in.o
                0x000000000020a718                board_fbt_handle_download
 .text.board_fbt_load_partition_table
                0x000000000020a71c        0x4 board/rockchip/common/built-in.o
                0x000000000020a71c                board_fbt_load_partition_table
 .text.board_fbt_get_partition
                0x000000000020a720        0x4 board/rockchip/common/built-in.o
                0x000000000020a720                board_fbt_get_partition
 .text.board_fbt_run_recovery_wipe_data
                0x000000000020a724       0x80 board/rockchip/common/built-in.o
                0x000000000020a724                board_fbt_run_recovery_wipe_data
 .text.board_fbt_preboot
                0x000000000020a7a4      0x274 board/rockchip/common/built-in.o
                0x000000000020a7a4                board_fbt_preboot
 .text.MMC_AccessBootPartition
                0x000000000020aa18       0x6c board/rockchip/common/built-in.o
                0x000000000020aa18                MMC_AccessBootPartition
 .text.MMC_SetBootBusWidth
                0x000000000020aa84       0x70 board/rockchip/common/built-in.o
                0x000000000020aa84                MMC_SetBootBusWidth
 .text.MMC_SwitchBoot
                0x000000000020aaf4       0x74 board/rockchip/common/built-in.o
                0x000000000020aaf4                MMC_SwitchBoot
 .text.MMC_Init
                0x000000000020ab68      0x6c4 board/rockchip/common/built-in.o
                0x000000000020ab68                MMC_Init
 .text._SD_DecodeCID
                0x000000000020b22c       0x84 board/rockchip/common/built-in.o
 .text._SD_DecodeCSD
                0x000000000020b2b0       0xf0 board/rockchip/common/built-in.o
 .text.unlikely._SD_SwitchFunction
                0x000000000020b3a0      0x3c0 board/rockchip/common/built-in.o
 .text.SD1X_Init
                0x000000000020b760      0x200 board/rockchip/common/built-in.o
                0x000000000020b760                SD1X_Init
 .text.SD20_Init
                0x000000000020b960      0x23c board/rockchip/common/built-in.o
                0x000000000020b960                SD20_Init
 .text.unlikely._ReadRemainData
                0x000000000020bb9c       0xf4 board/rockchip/common/built-in.o
 .text._ControlClock
                0x000000000020bc90       0xc0 board/rockchip/common/built-in.o
 .text._ChangeFreq
                0x000000000020bd50      0x16c board/rockchip/common/built-in.o
 .text._WaitCardBusy
                0x000000000020bebc       0x60 board/rockchip/common/built-in.o
 .text.eMMC_SetDataHigh
                0x000000000020bf1c       0x48 board/rockchip/common/built-in.o
                0x000000000020bf1c                eMMC_SetDataHigh
 .text.SDC_IsCardIdValid
                0x000000000020bf64        0xc board/rockchip/common/built-in.o
                0x000000000020bf64                SDC_IsCardIdValid
 .text.SDC_IsCardWriteProtected
                0x000000000020bf70        0x8 board/rockchip/common/built-in.o
                0x000000000020bf70                SDC_IsCardWriteProtected
 .text.SDC_GetHostBusWidth
                0x000000000020bf78       0x24 board/rockchip/common/built-in.o
                0x000000000020bf78                SDC_GetHostBusWidth
 .text.SDC_SetHostBusWidth
                0x000000000020bf9c       0x74 board/rockchip/common/built-in.o
                0x000000000020bf9c                SDC_SetHostBusWidth
 .text.SDC_ResetController
                0x000000000020c010      0x14c board/rockchip/common/built-in.o
                0x000000000020c010                SDC_ResetController
 .text.SDC_Init
                0x000000000020c15c      0x130 board/rockchip/common/built-in.o
                0x000000000020c15c                SDC_Init
 .text.SDC_UpdateCardFreq
                0x000000000020c28c       0x40 board/rockchip/common/built-in.o
                0x000000000020c28c                SDC_UpdateCardFreq
 .text.SDC_ControlPower
                0x000000000020c2cc       0x34 board/rockchip/common/built-in.o
                0x000000000020c2cc                SDC_ControlPower
 .text.SDC_BusRequest
                0x000000000020c300      0x9ec board/rockchip/common/built-in.o
                0x000000000020c300                SDC_BusRequest
 .text._ResponseTimeoutHandle
                0x000000000020ccec       0xd4 board/rockchip/common/built-in.o
 .text._DataErrorHandle
                0x000000000020cdc0       0xc4 board/rockchip/common/built-in.o
 .text._SDMMC_Write
                0x000000000020ce84      0x18c board/rockchip/common/built-in.o
 .text._SDMMC_Read
                0x000000000020d010      0x1e8 board/rockchip/common/built-in.o
 .text._GenerateRCA
                0x000000000020d1f8       0x3c board/rockchip/common/built-in.o
                0x000000000020d1f8                _GenerateRCA
 .text._IsRCAUsable
                0x000000000020d234       0x38 board/rockchip/common/built-in.o
                0x000000000020d234                _IsRCAUsable
 .text._Identify_SendCmd
                0x000000000020d26c        0x4 board/rockchip/common/built-in.o
                0x000000000020d26c                _Identify_SendCmd
 .text._Identify_SendAppCmd
                0x000000000020d270       0x94 board/rockchip/common/built-in.o
                0x000000000020d270                _Identify_SendAppCmd
 .text.SDM_Init
                0x000000000020d304       0x60 board/rockchip/common/built-in.o
                0x000000000020d304                SDM_Init
 .text.SDM_Open
                0x000000000020d364       0x68 board/rockchip/common/built-in.o
                0x000000000020d364                SDM_Open
 .text.SDM_Read
                0x000000000020d3cc      0x168 board/rockchip/common/built-in.o
                0x000000000020d3cc                SDM_Read
 .text.SDM_Write
                0x000000000020d534      0x170 board/rockchip/common/built-in.o
                0x000000000020d534                SDM_Write
 .text.SDM_IOCtrl
                0x000000000020d6a4      0x508 board/rockchip/common/built-in.o
                0x000000000020d6a4                SDM_IOCtrl
 .text.SDOAM_Delay
                0x000000000020dbac        0x4 board/rockchip/common/built-in.o
                0x000000000020dbac                SDOAM_Delay
 .text.SDOAM_SendMsg
                0x000000000020dbb0        0x4 board/rockchip/common/built-in.o
                0x000000000020dbb0                SDOAM_SendMsg
 .text.SDOAM_CreateMutex
                0x000000000020dbb4       0x38 board/rockchip/common/built-in.o
                0x000000000020dbb4                SDOAM_CreateMutex
 .text.SDOAM_RequestMutex
                0x000000000020dbec        0x4 board/rockchip/common/built-in.o
                0x000000000020dbec                SDOAM_RequestMutex
 .text.SDOAM_ReleaseMutex
                0x000000000020dbf0        0x4 board/rockchip/common/built-in.o
                0x000000000020dbf0                SDOAM_ReleaseMutex
 .text.SDOAM_CreateEvent
                0x000000000020dbf4       0x34 board/rockchip/common/built-in.o
                0x000000000020dbf4                SDOAM_CreateEvent
 .text.SDPAM_FlushCache
                0x000000000020dc28        0x4 board/rockchip/common/built-in.o
                0x000000000020dc28                SDPAM_FlushCache
 .text.SDPAM_CleanCache
                0x000000000020dc2c        0x4 board/rockchip/common/built-in.o
                0x000000000020dc2c                SDPAM_CleanCache
 .text.SDPAM_InvalidateCache
                0x000000000020dc30        0x4 board/rockchip/common/built-in.o
                0x000000000020dc30                SDPAM_InvalidateCache
 .text.SDPAM_GetAHBFreq
                0x000000000020dc34        0x4 board/rockchip/common/built-in.o
                0x000000000020dc34                SDPAM_GetAHBFreq
 .text.SDPAM_SDCClkEnable
                0x000000000020dc38        0x4 board/rockchip/common/built-in.o
                0x000000000020dc38                SDPAM_SDCClkEnable
 .text.SDPAM_SDCReset
                0x000000000020dc3c       0x14 board/rockchip/common/built-in.o
                0x000000000020dc3c                SDPAM_SDCReset
 .text.SDPAM_SetMmcClkDiv
                0x000000000020dc50       0x14 board/rockchip/common/built-in.o
                0x000000000020dc50                SDPAM_SetMmcClkDiv
 .text.SDPAM_IOMUX_SetSDPort
                0x000000000020dc64        0x8 board/rockchip/common/built-in.o
                0x000000000020dc64                SDPAM_IOMUX_SetSDPort
 .text.SDPAM_ControlPower
                0x000000000020dc6c        0x4 board/rockchip/common/built-in.o
                0x000000000020dc6c                SDPAM_ControlPower
 .text.extract_uint32_bits
                0x000000000020dc70       0x60 board/rockchip/common/built-in.o
 .text.mmc_set_clock
                0x000000000020dcd0       0x34 board/rockchip/common/built-in.o
 .text.mmc_send_cmd
                0x000000000020dd04      0x200 board/rockchip/common/built-in.o
 .text.mmc_send_ext_csd
                0x000000000020df04      0x11c board/rockchip/common/built-in.o
 .text.mmc_go_idle.constprop.12
                0x000000000020e020       0x70 board/rockchip/common/built-in.o
 .text.mmc_send_status.constprop.15
                0x000000000020e090       0xd4 board/rockchip/common/built-in.o
 .text.mmc_switch.isra.2
                0x000000000020e164       0x90 board/rockchip/common/built-in.o
 .text.mmc_set_timing
                0x000000000020e1f4       0x1c board/rockchip/common/built-in.o
                0x000000000020e1f4                mmc_set_timing
 .text.mmc_startup.constprop.5
                0x000000000020e210      0xac0 board/rockchip/common/built-in.o
 .text.mmc_hs400_to_hs200
                0x000000000020ecd0       0xc8 board/rockchip/common/built-in.o
                0x000000000020ecd0                mmc_hs400_to_hs200
 .text.mmc_retune
                0x000000000020ed98      0x180 board/rockchip/common/built-in.o
                0x000000000020ed98                mmc_retune
 .text.mmc_setup_media
                0x000000000020ef18      0x21c board/rockchip/common/built-in.o
                0x000000000020ef18                mmc_setup_media
 .text.block_mmc_read
                0x000000000020f134      0x1c0 board/rockchip/common/built-in.o
                0x000000000020f134                block_mmc_read
 .text.block_mmc_write
                0x000000000020f2f4      0x188 board/rockchip/common/built-in.o
                0x000000000020f2f4                block_mmc_write
 .text.new_mem_sdhci_host
                0x000000000020f47c       0xe4 board/rockchip/common/built-in.o
                0x000000000020f47c                new_mem_sdhci_host
 .text.mmc_get_capacity
                0x000000000020f560       0x14 board/rockchip/common/built-in.o
                0x000000000020f560                mmc_get_capacity
 .text.mmc_init
                0x000000000020f574       0x58 board/rockchip/common/built-in.o
                0x000000000020f574                mmc_init
 .text.sdhci_enhanced_strobe
                0x000000000020f5cc       0x24 board/rockchip/common/built-in.o
 .text.sdhci_reset.constprop.18
                0x000000000020f5f0       0x7c board/rockchip/common/built-in.o
 .text.sdhci_pre_init.constprop.11
                0x000000000020f66c      0x224 board/rockchip/common/built-in.o
 .text.sdhci_cmd_done.constprop.17
                0x000000000020f890       0x68 board/rockchip/common/built-in.o
 .text.sdhci_init.part.7.constprop.22
                0x000000000020f8f8      0x160 board/rockchip/common/built-in.o
 .text.sdhci_update
                0x000000000020fa58       0xf0 board/rockchip/common/built-in.o
 .text.timer_us
                0x000000000020fb48       0x40 board/rockchip/common/built-in.o
                0x000000000020fb48                timer_us
 .text.sdhci_send_command
                0x000000000020fb88      0x684 board/rockchip/common/built-in.o
 .text.sdhci_execute_tuning
                0x000000000021020c      0x174 board/rockchip/common/built-in.o
 .text.sdhci_config_phy
                0x0000000000210380      0x110 board/rockchip/common/built-in.o
                0x0000000000210380                sdhci_config_phy
 .text.sdhci_set_clock.part.9.constprop.19
                0x0000000000210490      0x12c board/rockchip/common/built-in.o
 .text.sdhci_set_uhs_signaling
                0x00000000002105bc       0xec board/rockchip/common/built-in.o
                0x00000000002105bc                sdhci_set_uhs_signaling
 .text.sdhci_set_ios
                0x00000000002106a8      0x1f0 board/rockchip/common/built-in.o
 .text.add_sdhci
                0x0000000000210898       0x50 board/rockchip/common/built-in.o
                0x0000000000210898                add_sdhci
 .text.SdmmcReinit
                0x00000000002108e8       0x9c board/rockchip/common/built-in.o
                0x00000000002108e8                SdmmcReinit
 .text.SdmmcInit
                0x0000000000210984      0x184 board/rockchip/common/built-in.o
                0x0000000000210984                SdmmcInit
 .text.SdmmcDeInit
                0x0000000000210b08        0x8 board/rockchip/common/built-in.o
                0x0000000000210b08                SdmmcDeInit
 .text.SdmmcBootWritePBA
                0x0000000000210b10      0x104 board/rockchip/common/built-in.o
                0x0000000000210b10                SdmmcBootWritePBA
 .text.SdmmcBootReadPBA
                0x0000000000210c14      0x104 board/rockchip/common/built-in.o
                0x0000000000210c14                SdmmcBootReadPBA
 .text.SdmmcBootReadLBA
                0x0000000000210d18       0xb8 board/rockchip/common/built-in.o
                0x0000000000210d18                SdmmcBootReadLBA
 .text.SdmmcBootWriteLBA
                0x0000000000210dd0       0x40 board/rockchip/common/built-in.o
                0x0000000000210dd0                SdmmcBootWriteLBA
 .text.SdmmcReadID
                0x0000000000210e10       0x28 board/rockchip/common/built-in.o
                0x0000000000210e10                SdmmcReadID
 .text.SdmmcReadFlashInfo
                0x0000000000210e38       0xa0 board/rockchip/common/built-in.o
                0x0000000000210e38                SdmmcReadFlashInfo
 .text.SdmmcGetCapacity
                0x0000000000210ed8       0x24 board/rockchip/common/built-in.o
                0x0000000000210ed8                SdmmcGetCapacity
 .text.SdmmcSysDataLoad
                0x0000000000210efc       0x40 board/rockchip/common/built-in.o
                0x0000000000210efc                SdmmcSysDataLoad
 .text.SdmmcSysDataStore
                0x0000000000210f3c       0x40 board/rockchip/common/built-in.o
                0x0000000000210f3c                SdmmcSysDataStore
 .text.SdmmcGetFwOffset
                0x0000000000210f7c       0x28 board/rockchip/common/built-in.o
                0x0000000000210f7c                SdmmcGetFwOffset
 .text.SdmmcGetSysOffset
                0x0000000000210fa4       0x28 board/rockchip/common/built-in.o
                0x0000000000210fa4                SdmmcGetSysOffset
 .text.SdmmcBootErase
                0x0000000000210fcc        0x8 board/rockchip/common/built-in.o
                0x0000000000210fcc                SdmmcBootErase
 .text.SdmmcGetSDCardBootMode
                0x0000000000210fd4        0xc board/rockchip/common/built-in.o
                0x0000000000210fd4                SdmmcGetSDCardBootMode
 .text.sdhci_block_read
                0x0000000000210fe0       0x38 board/rockchip/common/built-in.o
                0x0000000000210fe0                sdhci_block_read
 .text.sdhci_block_write
                0x0000000000211018       0x38 board/rockchip/common/built-in.o
                0x0000000000211018                sdhci_block_write
 .text.SdhciInit
                0x0000000000211050       0x6c board/rockchip/common/built-in.o
                0x0000000000211050                SdhciInit
 .text.SdhciBootWritePBA
                0x00000000002110bc       0xd4 board/rockchip/common/built-in.o
                0x00000000002110bc                SdhciBootWritePBA
 .text.SdhciBootReadPBA
                0x0000000000211190       0xd4 board/rockchip/common/built-in.o
                0x0000000000211190                SdhciBootReadPBA
 .text.SdhciBootWriteLBA
                0x0000000000211264        0xc board/rockchip/common/built-in.o
                0x0000000000211264                SdhciBootWriteLBA
 .text.SdhciBootReadLBA
                0x0000000000211270        0xc board/rockchip/common/built-in.o
                0x0000000000211270                SdhciBootReadLBA
 .text.SdhciReadID
                0x000000000021127c       0x28 board/rockchip/common/built-in.o
                0x000000000021127c                SdhciReadID
 .text.SdhciReadFlashInfo
                0x00000000002112a4       0x54 board/rockchip/common/built-in.o
                0x00000000002112a4                SdhciReadFlashInfo
 .text.SdhciGetCapacity
                0x00000000002112f8       0x10 board/rockchip/common/built-in.o
                0x00000000002112f8                SdhciGetCapacity
 .text.SdhciSysDataLoad
                0x0000000000211308       0x10 board/rockchip/common/built-in.o
                0x0000000000211308                SdhciSysDataLoad
 .text.SdhciSysDataStore
                0x0000000000211318       0x10 board/rockchip/common/built-in.o
                0x0000000000211318                SdhciSysDataStore
 .text.SdhciBootErase
                0x0000000000211328        0x8 board/rockchip/common/built-in.o
                0x0000000000211328                SdhciBootErase
 .text.SecureBootCheck
                0x0000000000211330       0x58 board/rockchip/common/built-in.o
                0x0000000000211330                SecureBootCheck
 .text.SecureBootUnlock
                0x0000000000211388       0x54 board/rockchip/common/built-in.o
                0x0000000000211388                SecureBootUnlock
 .text.SecureBootUnlockCheck
                0x00000000002113dc       0x10 board/rockchip/common/built-in.o
                0x00000000002113dc                SecureBootUnlockCheck
 .text.SecureBootLockLoader
                0x00000000002113ec        0x4 board/rockchip/common/built-in.o
                0x00000000002113ec                SecureBootLockLoader
 .text.SecureBootSetSysData2Kernel
                0x00000000002113f0       0x98 board/rockchip/common/built-in.o
                0x00000000002113f0                SecureBootSetSysData2Kernel
 .text.SecureBootImageCheck
                0x0000000000211488       0x18 board/rockchip/common/built-in.o
                0x0000000000211488                SecureBootImageCheck
 .text.SecureBootSecureState2Kernel
                0x00000000002114a0       0x30 board/rockchip/common/built-in.o
                0x00000000002114a0                SecureBootSecureState2Kernel
 .text.SecureNSModeVerifyLoader
                0x00000000002114d0       0x80 board/rockchip/common/built-in.o
 .text.SecureNSModeSignCheck
                0x0000000000211550       0x5c board/rockchip/common/built-in.o
 .text.SecureModeVerifyLoader
                0x00000000002115ac        0x4 board/rockchip/common/built-in.o
                0x00000000002115ac                SecureModeVerifyLoader
 .text.SecureModeVerifyUbootImage
                0x00000000002115b0      0x148 board/rockchip/common/built-in.o
                0x00000000002115b0                SecureModeVerifyUbootImage
 .text.SecureModeVerifyBootImage
                0x00000000002116f8      0x1e8 board/rockchip/common/built-in.o
                0x00000000002116f8                SecureModeVerifyBootImage
 .text.SecureModeBootImageCheck
                0x00000000002118e0       0xa0 board/rockchip/common/built-in.o
                0x00000000002118e0                SecureModeBootImageCheck
 .text.SecureModeRSAKeyCheck
                0x0000000000211980       0x2c board/rockchip/common/built-in.o
                0x0000000000211980                SecureModeRSAKeyCheck
 .text.SecureModeLockLoader
                0x00000000002119ac       0x38 board/rockchip/common/built-in.o
                0x00000000002119ac                SecureModeLockLoader
 .text.SecureModeInit
                0x00000000002119e4      0x218 board/rockchip/common/built-in.o
                0x00000000002119e4                SecureModeInit
 .text.FW_ReIntForUpdate
                0x0000000000211bfc       0x40 board/rockchip/common/built-in.o
                0x0000000000211bfc                FW_ReIntForUpdate
 .text.FW_SorageLowFormatEn
                0x0000000000211c3c        0xc board/rockchip/common/built-in.o
                0x0000000000211c3c                FW_SorageLowFormatEn
 .text.FW_SorageLowFormat
                0x0000000000211c48       0x5c board/rockchip/common/built-in.o
                0x0000000000211c48                FW_SorageLowFormat
 .text.FW_StorageGetValid
                0x0000000000211ca4       0x10 board/rockchip/common/built-in.o
                0x0000000000211ca4                FW_StorageGetValid
 .text.FW_GetCurEraseBlock
                0x0000000000211cb4       0x28 board/rockchip/common/built-in.o
                0x0000000000211cb4                FW_GetCurEraseBlock
 .text.FW_GetTotleBlk
                0x0000000000211cdc       0x28 board/rockchip/common/built-in.o
                0x0000000000211cdc                FW_GetTotleBlk
 .text.StorageReadPba
                0x0000000000211d04       0x3c board/rockchip/common/built-in.o
                0x0000000000211d04                StorageReadPba
 .text.StorageWritePba
                0x0000000000211d40       0x3c board/rockchip/common/built-in.o
                0x0000000000211d40                StorageWritePba
 .text.StorageReadLba
                0x0000000000211d7c       0x3c board/rockchip/common/built-in.o
                0x0000000000211d7c                StorageReadLba
 .text.StorageWriteLba
                0x0000000000211db8       0x40 board/rockchip/common/built-in.o
                0x0000000000211db8                StorageWriteLba
 .text.StorageGetCapacity
                0x0000000000211df8       0x2c board/rockchip/common/built-in.o
                0x0000000000211df8                StorageGetCapacity
 .text.StorageSysDataLoad
                0x0000000000211e24       0x54 board/rockchip/common/built-in.o
                0x0000000000211e24                StorageSysDataLoad
 .text.StorageSysDataStore
                0x0000000000211e78       0x38 board/rockchip/common/built-in.o
                0x0000000000211e78                StorageSysDataStore
 .text.StorageUbootSysDataLoad
                0x0000000000211eb0        0x8 board/rockchip/common/built-in.o
                0x0000000000211eb0                StorageUbootSysDataLoad
 .text.StorageUbootSysDataStore
                0x0000000000211eb8        0x8 board/rockchip/common/built-in.o
                0x0000000000211eb8                StorageUbootSysDataStore
 .text.StorageVendorSysDataLoad
                0x0000000000211ec0       0x70 board/rockchip/common/built-in.o
                0x0000000000211ec0                StorageVendorSysDataLoad
 .text.StorageVendorSysDataStore
                0x0000000000211f30       0x6c board/rockchip/common/built-in.o
                0x0000000000211f30                StorageVendorSysDataStore
 .text.StorageReadFlashInfo
                0x0000000000211f9c       0x30 board/rockchip/common/built-in.o
                0x0000000000211f9c                StorageReadFlashInfo
 .text.StorageEraseBlock
                0x0000000000211fcc       0x48 board/rockchip/common/built-in.o
                0x0000000000211fcc                StorageEraseBlock
 .text.StorageGetBootMedia
                0x0000000000212014       0x10 board/rockchip/common/built-in.o
                0x0000000000212014                StorageGetBootMedia
 .text.StorageGetSDFwOffset
                0x0000000000212024       0x24 board/rockchip/common/built-in.o
                0x0000000000212024                StorageGetSDFwOffset
 .text.StorageGetSDSysOffset
                0x0000000000212048       0x24 board/rockchip/common/built-in.o
                0x0000000000212048                StorageGetSDSysOffset
 .text.StorageReadId
                0x000000000021206c       0x34 board/rockchip/common/built-in.o
                0x000000000021206c                StorageReadId
 .text.StorageSDCardUpdateMode
                0x00000000002120a0       0x34 board/rockchip/common/built-in.o
                0x00000000002120a0                StorageSDCardUpdateMode
 .text.vendor_storage_init
                0x00000000002120d4      0x174 board/rockchip/common/built-in.o
                0x00000000002120d4                vendor_storage_init
 .text.StorageInit
                0x0000000000212248       0xa4 board/rockchip/common/built-in.o
                0x0000000000212248                StorageInit
 .text.vendor_storage_read
                0x00000000002122ec       0x80 board/rockchip/common/built-in.o
                0x00000000002122ec                vendor_storage_read
 .text.vendor_storage_write
                0x000000000021236c      0x1a8 board/rockchip/common/built-in.o
                0x000000000021236c                vendor_storage_write
 .text.rkclk_set_apll_high
                0x0000000000212514        0x4 board/rockchip/rk33xx/built-in.o
                0x0000000000212514                rkclk_set_apll_high
 .text.board_lmb_reserve
                0x0000000000212518       0x50 board/rockchip/rk33xx/built-in.o
                0x0000000000212518                board_lmb_reserve
 .text.board_storage_init
                0x0000000000212568       0x48 board/rockchip/rk33xx/built-in.o
                0x0000000000212568                board_storage_init
 .text.board_init
                0x00000000002125b0       0x24 board/rockchip/rk33xx/built-in.o
                0x00000000002125b0                board_init
 .text.checkboard
                0x00000000002125d4       0x2c board/rockchip/rk33xx/built-in.o
                0x00000000002125d4                checkboard
 .text.arch_early_init_r
                0x0000000000212600       0x1c board/rockchip/rk33xx/built-in.o
                0x0000000000212600                arch_early_init_r
 .text.board_late_init
                0x000000000021261c      0x170 board/rockchip/rk33xx/built-in.o
                0x000000000021261c                board_late_init
 .text.ft_board_setup
                0x000000000021278c       0x58 board/rockchip/rk33xx/built-in.o
                0x000000000021278c                ft_board_setup
 .text.show_boot_progress
                0x00000000002127e4        0x4 common/built-in.o
                0x00000000002127e4                show_boot_progress
 .text.main_loop
                0x00000000002127e8       0x40 common/built-in.o
                0x00000000002127e8                main_loop
 .text.find_cmd_tbl
                0x0000000000212828       0xc0 common/built-in.o
                0x0000000000212828                find_cmd_tbl
 .text.find_cmd
                0x00000000002128e8       0x24 common/built-in.o
                0x00000000002128e8                find_cmd
 .text.cmd_usage
                0x000000000021290c       0x68 common/built-in.o
                0x000000000021290c                cmd_usage
 .text._do_help
                0x0000000000212974      0x1a0 common/built-in.o
                0x0000000000212974                _do_help
 .text.cmd_process
                0x0000000000212b14       0xe0 common/built-in.o
                0x0000000000212b14                cmd_process
 .text.dummy    0x0000000000212bf4        0x4 common/built-in.o
 .text.get_version
                0x0000000000212bf8        0x8 common/built-in.o
                0x0000000000212bf8                get_version
 .text.jumptable_init
                0x0000000000212c00      0x1a0 common/built-in.o
                0x0000000000212c00                jumptable_init
 .text.b_reset  0x0000000000212da0       0x18 common/built-in.o
 .text.static_get
                0x0000000000212db8       0x1c common/built-in.o
 .text.static_peek
                0x0000000000212dd4        0xc common/built-in.o
 .text.file_peek
                0x0000000000212de0        0xc common/built-in.o
 .text.syntax_err
                0x0000000000212dec        0xc common/built-in.o
 .text.free_pipe_list
                0x0000000000212df8       0xf8 common/built-in.o
 .text.xmalloc  0x0000000000212ef0       0x28 common/built-in.o
 .text.xrealloc
                0x0000000000212f18       0x28 common/built-in.o
 .text.done_command
                0x0000000000212f40       0x94 common/built-in.o
 .text.done_pipe
                0x0000000000212fd4       0x70 common/built-in.o
 .text.do_showvar
                0x0000000000213044      0x12c common/built-in.o
 .text.file_get
                0x0000000000213170      0x1fc common/built-in.o
 .text.b_addchr
                0x000000000021336c       0x90 common/built-in.o
 .text.b_addqchr
                0x00000000002133fc       0x58 common/built-in.o
 .text.done_word
                0x0000000000213454      0x2c4 common/built-in.o
 .text.get_local_var
                0x0000000000213718       0x90 common/built-in.o
                0x0000000000213718                get_local_var
 .text.set_local_var
                0x00000000002137a8      0x1b8 common/built-in.o
                0x00000000002137a8                set_local_var
 .text.insert_var_value_sub
                0x0000000000213960      0x2bc common/built-in.o
 .text.parse_string_outer
                0x0000000000213c1c       0xf4 common/built-in.o
                0x0000000000213c1c                parse_string_outer
 .text.run_list_real
                0x0000000000213d10      0x7d4 common/built-in.o
 .text.parse_stream_outer
                0x00000000002144e4      0x734 common/built-in.o
 .text.parse_file_outer
                0x0000000000214c18       0x44 common/built-in.o
                0x0000000000214c18                parse_file_outer
 .text.u_boot_hush_start
                0x0000000000214c5c       0x5c common/built-in.o
                0x0000000000214c5c                u_boot_hush_start
 .text.run_command
                0x0000000000214cb8        0x8 common/built-in.o
                0x0000000000214cb8                run_command
 .text.run_command_list
                0x0000000000214cc0       0x7c common/built-in.o
                0x0000000000214cc0                run_command_list
 .text.cli_loop
                0x0000000000214d3c       0x10 common/built-in.o
                0x0000000000214d3c                cli_loop
 .text.cli_init
                0x0000000000214d4c        0x4 common/built-in.o
                0x0000000000214d4c                cli_init
 .text.delete_char.part.0
                0x0000000000214d50       0xfc common/built-in.o
 .text.cli_readline_into_buffer
                0x0000000000214e4c      0x1f0 common/built-in.o
                0x0000000000214e4c                cli_readline_into_buffer
 .text.cli_readline
                0x000000000021503c       0x14 common/built-in.o
                0x000000000021503c                cli_readline
 .text.bootdelay_process
                0x0000000000215050       0x58 common/built-in.o
                0x0000000000215050                bootdelay_process
 .text.autoboot_command
                0x00000000002150a8       0xec common/built-in.o
                0x00000000002150a8                autoboot_command
 .text.display_text_info
                0x0000000000215194        0x8 common/built-in.o
 .text.setup_mon_len
                0x000000000021519c       0x20 common/built-in.o
 .text.setup_fdt
                0x00000000002151bc        0x8 common/built-in.o
 .text.reserve_round_4k
                0x00000000002151c4       0x14 common/built-in.o
 .text.reserve_mmu
                0x00000000002151d8       0x34 common/built-in.o
 .text.reserve_lcd
                0x000000000021520c       0x1c common/built-in.o
 .text.reserve_trace
                0x0000000000215228        0x8 common/built-in.o
 .text.reserve_global_buffers
                0x0000000000215230       0x50 common/built-in.o
 .text.reserve_uboot
                0x0000000000215280       0x2c common/built-in.o
 .text.reserve_malloc
                0x00000000002152ac       0x18 common/built-in.o
 .text.setup_machine
                0x00000000002152c4        0x8 common/built-in.o
 .text.reserve_global_data
                0x00000000002152cc       0x1c common/built-in.o
 .text.reserve_fdt
                0x00000000002152e8       0x48 common/built-in.o
 .text.display_new_sp
                0x0000000000215330        0x8 common/built-in.o
 .text.initf_malloc
                0x0000000000215338        0x8 common/built-in.o
 .text.initf_dm
                0x0000000000215340        0x8 common/built-in.o
 .text.setup_reloc
                0x0000000000215348       0x30 common/built-in.o
 .text.reloc_fdt
                0x0000000000215378       0x34 common/built-in.o
 .text.announce_dram_init
                0x00000000002153ac       0x20 common/built-in.o
 .text.init_baud_rate
                0x00000000002153cc       0x3c common/built-in.o
 .text.mark_bootstage
                0x0000000000215408       0x1c common/built-in.o
 .text.reserve_board
                0x0000000000215424       0x3c common/built-in.o
 .text.board_add_ram_info
                0x0000000000215460        0x4 common/built-in.o
                0x0000000000215460                board_add_ram_info
 .text.show_dram_config
                0x0000000000215464       0x38 common/built-in.o
 .text.setup_dram_config
                0x000000000021549c       0x18 common/built-in.o
 .text.board_get_usable_ram_top
                0x00000000002154b4        0x8 common/built-in.o
                0x00000000002154b4                board_get_usable_ram_top
 .text.setup_dest_addr
                0x00000000002154bc       0x48 common/built-in.o
 .text.reserve_stacks
                0x0000000000215504       0x1c common/built-in.o
 .text.board_init_f
                0x0000000000215520       0x4c common/built-in.o
                0x0000000000215520                board_init_f
 .text.bootstage_relocate
                0x000000000021556c        0x8 common/built-in.o
 .text.initr_trace
                0x0000000000215574        0x8 common/built-in.o
 .text.initr_reloc_global_data
                0x000000000021557c       0x24 common/built-in.o
 .text.initr_barrier
                0x00000000002155a0        0x8 common/built-in.o
 .text.power_init_board
                0x00000000002155a8        0x8 common/built-in.o
                0x00000000002155a8                power_init_board
 .text.initr_announce
                0x00000000002155b0        0x8 common/built-in.o
 .text.run_main_loop
                0x00000000002155b8       0x10 common/built-in.o
 .text.initr_enable_interrupts
                0x00000000002155c8       0x18 common/built-in.o
 .text.initr_jumptable
                0x00000000002155e0       0x18 common/built-in.o
 .text.initr_env
                0x00000000002155f8       0x3c common/built-in.o
 .text.initr_rk_storage
                0x0000000000215634       0x18 common/built-in.o
 .text.initr_serial
                0x000000000021564c       0x18 common/built-in.o
 .text.initr_malloc
                0x0000000000215664       0x2c common/built-in.o
 .text.initr_caches
                0x0000000000215690       0x18 common/built-in.o
 .text.initr_reloc
                0x00000000002156a8       0x28 common/built-in.o
 .text.cpu_secondary_init_r
                0x00000000002156d0        0x4 common/built-in.o
                0x00000000002156d0                cpu_secondary_init_r
 .text.initr_secondary_cpu
                0x00000000002156d4       0x18 common/built-in.o
 .text.board_init_r
                0x00000000002156ec       0x18 common/built-in.o
                0x00000000002156ec                board_init_r
 .text.show_board_info
                0x0000000000215704        0x4 common/built-in.o
                0x0000000000215704                show_board_info
 .text.do_go_exec
                0x0000000000215708       0x20 common/built-in.o
                0x0000000000215708                do_go_exec
 .text.do_go    0x0000000000215728       0x84 common/built-in.o
                0x0000000000215728                do_go
 .text.do_bootm
                0x00000000002157ac      0x118 common/built-in.o
                0x00000000002157ac                do_bootm
 .text.bootm_find_ramdisk_fdt
                0x00000000002158c4       0xb8 common/built-in.o
                0x00000000002158c4                bootm_find_ramdisk_fdt
 .text.do_bootm_states
                0x000000000021597c      0x6f0 common/built-in.o
                0x000000000021597c                do_bootm_states
 .text.do_bootm_standalone
                0x000000000021606c       0x74 common/built-in.o
 .text.arch_preboot_os
                0x00000000002160e0        0x4 common/built-in.o
                0x00000000002160e0                arch_preboot_os
 .text.boot_selected_os
                0x00000000002160e4       0x78 common/built-in.o
                0x00000000002160e4                boot_selected_os
 .text.bootm_os_get_boot_func
                0x000000000021615c       0x10 common/built-in.o
                0x000000000021615c                bootm_os_get_boot_func
 .text.do_help  0x000000000021616c       0x3c common/built-in.o
 .text.do_version
                0x00000000002161a8       0x48 common/built-in.o
 .text.env_attr_walk
                0x00000000002161f0      0x128 common/built-in.o
                0x00000000002161f0                env_attr_walk
 .text.env_attr_lookup
                0x0000000000216318      0x1a8 common/built-in.o
                0x0000000000216318                env_attr_lookup
 .text.clear_callback
                0x00000000002164c0        0xc common/built-in.o
 .text.on_callbacks
                0x00000000002164cc       0x58 common/built-in.o
 .text.set_callback
                0x0000000000216524       0xe0 common/built-in.o
 .text.env_callback_init
                0x0000000000216604      0x104 common/built-in.o
                0x0000000000216604                env_callback_init
 .text.clear_flags
                0x0000000000216708        0xc common/built-in.o
 .text.on_flags
                0x0000000000216714       0x58 common/built-in.o
 .text.env_flags_parse_vartype
                0x000000000021676c       0x64 common/built-in.o
                0x000000000021676c                env_flags_parse_vartype
 .text.env_flags_parse_varaccess
                0x00000000002167d0       0x6c common/built-in.o
                0x00000000002167d0                env_flags_parse_varaccess
 .text.set_flags
                0x000000000021683c       0xac common/built-in.o
 .text.env_flags_init
                0x00000000002168e8       0xc8 common/built-in.o
                0x00000000002168e8                env_flags_init
 .text.env_flags_validate
                0x00000000002169b0      0x254 common/built-in.o
                0x00000000002169b0                env_flags_validate
 .text.env_init
                0x0000000000216c04       0x1c common/built-in.o
                0x0000000000216c04                env_init
 .text.saveenv  0x0000000000216c20       0xec common/built-in.o
                0x0000000000216c20                saveenv
 .text.env_relocate_spec
                0x0000000000216d0c       0xcc common/built-in.o
                0x0000000000216d0c                env_relocate_spec
 .text.do_bmp   0x0000000000216dd8       0x68 common/built-in.o
 .text.do_bmp_info
                0x0000000000216e40      0x108 common/built-in.o
 .text.bmp_display
                0x0000000000216f48       0x40 common/built-in.o
                0x0000000000216f48                bmp_display
 .text.do_bmp_display
                0x0000000000216f88       0xc0 common/built-in.o
 .text.do_exit  0x0000000000217048       0x34 common/built-in.o
 .text.fdt_valid
                0x000000000021707c       0xcc common/built-in.o
 .text.is_printable_string.part.1
                0x0000000000217148       0x84 common/built-in.o
 .text.print_data
                0x00000000002171cc      0x1ec common/built-in.o
 .text.set_working_fdt_addr
                0x00000000002173b8       0x18 common/built-in.o
                0x00000000002173b8                set_working_fdt_addr
 .text.do_fdt   0x00000000002173d0      0xea8 common/built-in.o
 .text.get_cells_len
                0x0000000000218278       0x44 common/built-in.o
 .text.fdt_pack_reg
                0x00000000002182bc       0xcc common/built-in.o
 .text.fdt_find_or_add_subnode.constprop.6
                0x0000000000218388       0x80 common/built-in.o
 .text.fdt_getprop_u32_default_node
                0x0000000000218408       0x54 common/built-in.o
                0x0000000000218408                fdt_getprop_u32_default_node
 .text.fdt_find_and_setprop
                0x000000000021845c       0x94 common/built-in.o
                0x000000000021845c                fdt_find_and_setprop
 .text.fdt_initrd
                0x00000000002184f0      0x1d0 common/built-in.o
                0x00000000002184f0                fdt_initrd
 .text.fdt_chosen
                0x00000000002186c0      0x12c common/built-in.o
                0x00000000002186c0                fdt_chosen
 .text.do_fixup_by_path
                0x00000000002187ec       0x4c common/built-in.o
                0x00000000002187ec                do_fixup_by_path
 .text.do_fixup_by_path_u32
                0x0000000000218838       0x28 common/built-in.o
                0x0000000000218838                do_fixup_by_path_u32
 .text.fdt_fixup_memory_banks
                0x0000000000218860      0x15c common/built-in.o
                0x0000000000218860                fdt_fixup_memory_banks
 .text.fdt_fixup_memory
                0x00000000002189bc       0x28 common/built-in.o
                0x00000000002189bc                fdt_fixup_memory
 .text.fdt_update_reserved_memory
                0x00000000002189e4       0xa0 common/built-in.o
                0x00000000002189e4                fdt_update_reserved_memory
 .text.fdt_fixup_ethernet
                0x0000000000218a84      0x180 common/built-in.o
                0x0000000000218a84                fdt_fixup_ethernet
 .text.fdt_shrink_to_minimum
                0x0000000000218c04       0xc8 common/built-in.o
                0x0000000000218c04                fdt_shrink_to_minimum
 .text.fbt_dwc3_rx_handler
                0x0000000000218ccc       0x30 common/built-in.o
                0x0000000000218ccc                fbt_dwc3_rx_handler
 .text.fbt_dwc3_tx_handler
                0x0000000000218cfc       0x30 common/built-in.o
                0x0000000000218cfc                fbt_dwc3_tx_handler
 .text.getvar_version
                0x0000000000218d2c        0xc common/built-in.o
 .text.getvar_version_baseband
                0x0000000000218d38        0xc common/built-in.o
 .text.getvar_version_bootloader
                0x0000000000218d44        0xc common/built-in.o
 .text.getvar_unlocked
                0x0000000000218d50       0x24 common/built-in.o
 .text.getvar_secure
                0x0000000000218d74       0x24 common/built-in.o
 .text.getvar_product
                0x0000000000218d98        0xc common/built-in.o
 .text.getvar_serialno
                0x0000000000218da4        0xc common/built-in.o
 .text.str2wide
                0x0000000000218db0       0x98 common/built-in.o
 .text.getvar_checksum
                0x0000000000218e48      0x158 common/built-in.o
 .text.getvar_partition_offset
                0x0000000000218fa0       0x60 common/built-in.o
 .text.getvar_partition_size
                0x0000000000219000       0x60 common/built-in.o
 .text.getvar_partition_type
                0x0000000000219060       0x84 common/built-in.o
 .text.fbt_handle_erase
                0x00000000002190e4       0xd8 common/built-in.o
 .text.fbt_write_bulk_ep
                0x00000000002191bc       0x1c common/built-in.o
                0x00000000002191bc                fbt_write_bulk_ep
 .text.fbt_handle_response
                0x00000000002191d8       0x94 common/built-in.o
 .text.fbt_send_raw_info
                0x000000000021926c       0xf8 common/built-in.o
 .text.fbt_handle_reboot
                0x0000000000219364       0xb8 common/built-in.o
 .text.fbt_read_bulk_ep
                0x000000000021941c       0x20 common/built-in.o
                0x000000000021941c                fbt_read_bulk_ep
 .text.fbt_event_handler_for_dwc3
                0x000000000021943c       0x5c common/built-in.o
                0x000000000021943c                fbt_event_handler_for_dwc3
 .text.fbt_init_dwc3_udc_instance
                0x0000000000219498      0x1c4 common/built-in.o
                0x0000000000219498                fbt_init_dwc3_udc_instance
 .text.do_fastboot
                0x000000000021965c      0xa6c common/built-in.o
 .text.fbt_fastboot_init
                0x000000000021a0c8      0x148 common/built-in.o
                0x000000000021a0c8                fbt_fastboot_init
 .text.do_bootrk
                0x000000000021a210      0x904 common/built-in.o
                0x000000000021a210                do_bootrk
 .text.dwc3_rx_handler
                0x000000000021ab14       0x28 common/built-in.o
                0x000000000021ab14                dwc3_rx_handler
 .text.dwc3_tx_handler
                0x000000000021ab3c       0x28 common/built-in.o
                0x000000000021ab3c                dwc3_tx_handler
 .text.rkusb_write_bulk_ep
                0x000000000021ab64       0x18 common/built-in.o
                0x000000000021ab64                rkusb_write_bulk_ep
 .text.rkusb_read_bulk_ep
                0x000000000021ab7c       0x1c common/built-in.o
                0x000000000021ab7c                rkusb_read_bulk_ep
 .text.rkusb_event_handler_for_dwc3
                0x000000000021ab98       0xe0 common/built-in.o
                0x000000000021ab98                rkusb_event_handler_for_dwc3
 .text.rkusb_send_csw
                0x000000000021ac78       0xac common/built-in.o
 .text.init_dwc3_udc_instance
                0x000000000021ad24      0x1e0 common/built-in.o
                0x000000000021ad24                init_dwc3_udc_instance
 .text.do_rockusb_cmd
                0x000000000021af04      0x4a8 common/built-in.o
                0x000000000021af04                do_rockusb_cmd
 .text.rkusb_handle_datarx
                0x000000000021b3ac      0x204 common/built-in.o
                0x000000000021b3ac                rkusb_handle_datarx
 .text.rkusb_handle_datatx
                0x000000000021b5b0      0x258 common/built-in.o
                0x000000000021b5b0                rkusb_handle_datatx
 .text.do_rockusb
                0x000000000021b808      0x224 common/built-in.o
                0x000000000021b808                do_rockusb
 .text.get_entry_ram
                0x000000000021ba2c      0x180 common/built-in.o
 .text.get_content_ram
                0x000000000021bbac       0x94 common/built-in.o
                0x000000000021bbac                get_content_ram
 .text.get_content
                0x000000000021bc40      0x268 common/built-in.o
                0x000000000021bc40                get_content
 .text.free_content
                0x000000000021bea8       0x38 common/built-in.o
                0x000000000021bea8                free_content
 .text.load_content_data
                0x000000000021bee0       0x34 common/built-in.o
                0x000000000021bee0                load_content_data
 .text.load_content
                0x000000000021bf14       0x90 common/built-in.o
                0x000000000021bf14                load_content
 .text.get_bmp_header
                0x000000000021bfa4       0xc4 common/built-in.o
                0x000000000021bfa4                get_bmp_header
 .text.load_bmp_content
                0x000000000021c068       0xbc common/built-in.o
                0x000000000021c068                load_bmp_content
 .text._show_resource_image
                0x000000000021c124      0x164 common/built-in.o
                0x000000000021c124                _show_resource_image
 .text.show_resource_image
                0x000000000021c288       0x14 common/built-in.o
                0x000000000021c288                show_resource_image
 .text.snip     0x000000000021c29c       0x78 common/built-in.o
 .text.edid_check_info
                0x000000000021c314       0x5c common/built-in.o
                0x000000000021c314                edid_check_info
 .text.edid_get_timing
                0x000000000021c370      0x1d0 common/built-in.o
                0x000000000021c370                edid_get_timing
 .text.edid_print_info
                0x000000000021c540      0x620 common/built-in.o
                0x000000000021c540                edid_print_info
 .text.lcd_get_size
                0x000000000021cb60       0x2c common/built-in.o
                0x000000000021cb60                lcd_get_size
 .text.lcd_sync
                0x000000000021cb8c       0x40 common/built-in.o
                0x000000000021cb8c                lcd_sync
 .text.lcd_get_buffer
                0x000000000021cbcc       0x30 common/built-in.o
                0x000000000021cbcc                lcd_get_buffer
 .text.lcd_enable_logo
                0x000000000021cbfc        0xc common/built-in.o
                0x000000000021cbfc                lcd_enable_logo
 .text.rk_bitmap_from_resource
                0x000000000021cc08       0x28 common/built-in.o
                0x000000000021cc08                rk_bitmap_from_resource
 .text.bitmap_plot
                0x000000000021cc30      0x118 common/built-in.o
                0x000000000021cc30                bitmap_plot
 .text.lcd_clear
                0x000000000021cd48       0xa8 common/built-in.o
                0x000000000021cd48                lcd_clear
 .text.drv_lcd_init
                0x000000000021cdf0       0x9c common/built-in.o
                0x000000000021cdf0                drv_lcd_init
 .text.do_lcd_clear
                0x000000000021ce8c       0x18 common/built-in.o
 .text.lcd_display_bitmap
                0x000000000021cea4      0x6b0 common/built-in.o
                0x000000000021cea4                lcd_display_bitmap
 .text.lcd_display_bitmap_center
                0x000000000021d554       0xa0 common/built-in.o
                0x000000000021d554                lcd_display_bitmap_center
 .text.do_env_delete
                0x000000000021d5f4       0xb8 common/built-in.o
 .text.do_env_save
                0x000000000021d6ac       0x30 common/built-in.o
                0x000000000021d6ac                do_env_save
 .text.do_env   0x000000000021d6dc       0x78 common/built-in.o
 .text.env_print
                0x000000000021d754       0xd0 common/built-in.o
 .text.do_env_print
                0x000000000021d824       0xe4 common/built-in.o
 .text.do_env_import
                0x000000000021d908      0x270 common/built-in.o
 .text.do_env_default
                0x000000000021db78       0x94 common/built-in.o
 .text._do_env_set.isra.1
                0x000000000021dc0c      0x1d8 common/built-in.o
 .text.do_env_set
                0x000000000021dde4       0x1c common/built-in.o
 .text.setenv   0x000000000021de00       0x54 common/built-in.o
                0x000000000021de00                setenv
 .text.setenv_ulong
                0x000000000021de54       0x2c common/built-in.o
                0x000000000021de54                setenv_ulong
 .text.setenv_hex
                0x000000000021de80       0x3c common/built-in.o
                0x000000000021de80                setenv_hex
 .text.do_env_export
                0x000000000021debc      0x250 common/built-in.o
 .text.envmatch
                0x000000000021e10c       0x84 common/built-in.o
                0x000000000021e10c                envmatch
 .text.getenv_f
                0x000000000021e190       0xec common/built-in.o
                0x000000000021e190                getenv_f
 .text.getenv   0x000000000021e27c       0x84 common/built-in.o
                0x000000000021e27c                getenv
 .text.getenv_hex
                0x000000000021e300       0x48 common/built-in.o
                0x000000000021e300                getenv_hex
 .text.getenv_ulong
                0x000000000021e348       0x40 common/built-in.o
                0x000000000021e348                getenv_ulong
 .text.env_get_char_spec
                0x000000000021e388        0xc common/built-in.o
                0x000000000021e388                env_get_char_spec
 .text.env_get_addr
                0x000000000021e394       0x24 common/built-in.o
                0x000000000021e394                env_get_addr
 .text.env_get_char_memory
                0x000000000021e3b8       0x18 common/built-in.o
                0x000000000021e3b8                env_get_char_memory
 .text.env_get_char
                0x000000000021e3d0       0x28 common/built-in.o
                0x000000000021e3d0                env_get_char
 .text.getenv_yesno
                0x000000000021e3f8       0x4c common/built-in.o
                0x000000000021e3f8                getenv_yesno
 .text.getenv_default
                0x000000000021e444       0x3c common/built-in.o
                0x000000000021e444                getenv_default
 .text.set_default_env
                0x000000000021e480       0xc0 common/built-in.o
                0x000000000021e480                set_default_env
 .text.set_default_vars
                0x000000000021e540       0x2c common/built-in.o
                0x000000000021e540                set_default_vars
 .text.env_relocate
                0x000000000021e56c       0x30 common/built-in.o
                0x000000000021e56c                env_relocate
 .text.console_setfile
                0x000000000021e59c       0xc0 common/built-in.o
 .text.serial_printf
                0x000000000021e65c       0x90 common/built-in.o
                0x000000000021e65c                serial_printf
 .text.puts     0x000000000021e6ec       0x40 common/built-in.o
                0x000000000021e6ec                puts
 .text.printf   0x000000000021e72c       0x9c common/built-in.o
                0x000000000021e72c                printf
 .text.putc     0x000000000021e7c8       0x44 common/built-in.o
                0x000000000021e7c8                putc
 .text.fgetc    0x000000000021e80c       0x34 common/built-in.o
                0x000000000021e80c                fgetc
 .text.getc     0x000000000021e840       0x20 common/built-in.o
                0x000000000021e840                getc
 .text.ftstc    0x000000000021e860       0x34 common/built-in.o
                0x000000000021e860                ftstc
 .text.tstc     0x000000000021e894       0x20 common/built-in.o
                0x000000000021e894                tstc
 .text.vprintf  0x000000000021e8b4       0x54 common/built-in.o
                0x000000000021e8b4                vprintf
 .text.ctrlc    0x000000000021e908       0x58 common/built-in.o
                0x000000000021e908                ctrlc
 .text.had_ctrlc
                0x000000000021e960        0xc common/built-in.o
                0x000000000021e960                had_ctrlc
 .text.clear_ctrlc
                0x000000000021e96c        0xc common/built-in.o
                0x000000000021e96c                clear_ctrlc
 .text.search_device
                0x000000000021e978       0x38 common/built-in.o
                0x000000000021e978                search_device
 .text.console_assign
                0x000000000021e9b0       0x60 common/built-in.o
                0x000000000021e9b0                console_assign
 .text.on_console
                0x000000000021ea10       0xc4 common/built-in.o
 .text.console_init_f
                0x000000000021ead4       0x10 common/built-in.o
                0x000000000021ead4                console_init_f
 .text.console_init_r
                0x000000000021eae4      0x180 common/built-in.o
                0x000000000021eae4                console_init_r
 .text.sbrk     0x000000000021ec64       0x74 common/built-in.o
                0x000000000021ec64                sbrk
 .text.mem_malloc_init
                0x000000000021ecd8       0x28 common/built-in.o
                0x000000000021ecd8                mem_malloc_init
 .text.malloc_trim
                0x000000000021ed00       0xd4 common/built-in.o
                0x000000000021ed00                malloc_trim
 .text.free     0x000000000021edd4      0x248 common/built-in.o
                0x000000000021edd4                free
 .text.malloc   0x000000000021f01c      0x698 common/built-in.o
                0x000000000021f01c                malloc
 .text.calloc   0x000000000021f6b4       0xd8 common/built-in.o
                0x000000000021f6b4                calloc
 .text.realloc  0x000000000021f78c      0x510 common/built-in.o
                0x000000000021f78c                realloc
 .text.memalign
                0x000000000021fc9c      0x12c common/built-in.o
                0x000000000021fc9c                memalign
 .text.on_loadaddr
                0x000000000021fdc8       0x38 common/built-in.o
 .text.image_check_hcrc
                0x000000000021fe00       0x50 common/built-in.o
                0x000000000021fe00                image_check_hcrc
 .text.image_check_dcrc
                0x000000000021fe50       0x44 common/built-in.o
                0x000000000021fe50                image_check_dcrc
 .text.image_multi_count
                0x000000000021fe94       0x20 common/built-in.o
                0x000000000021fe94                image_multi_count
 .text.image_multi_getimg
                0x000000000021feb4       0xa0 common/built-in.o
                0x000000000021feb4                image_multi_getimg
 .text.getenv_bootm_low
                0x000000000021ff54       0x30 common/built-in.o
                0x000000000021ff54                getenv_bootm_low
 .text.getenv_bootm_size
                0x000000000021ff84       0x64 common/built-in.o
                0x000000000021ff84                getenv_bootm_size
 .text.getenv_bootm_mapsize
                0x000000000021ffe8       0x30 common/built-in.o
                0x000000000021ffe8                getenv_bootm_mapsize
 .text.memmove_wd
                0x0000000000220018       0x10 common/built-in.o
                0x0000000000220018                memmove_wd
 .text.genimg_print_size
                0x0000000000220028       0x38 common/built-in.o
                0x0000000000220028                genimg_print_size
 .text.get_table_entry_name
                0x0000000000220060       0x28 common/built-in.o
                0x0000000000220060                get_table_entry_name
 .text.genimg_get_os_name
                0x0000000000220088       0x18 common/built-in.o
                0x0000000000220088                genimg_get_os_name
 .text.genimg_get_arch_name
                0x00000000002200a0       0x18 common/built-in.o
                0x00000000002200a0                genimg_get_arch_name
 .text.genimg_get_type_name
                0x00000000002200b8       0x18 common/built-in.o
                0x00000000002200b8                genimg_get_type_name
 .text.genimg_get_comp_name
                0x00000000002200d0       0x18 common/built-in.o
                0x00000000002200d0                genimg_get_comp_name
 .text.image_print_contents
                0x00000000002200e8      0x1a0 common/built-in.o
                0x00000000002200e8                image_print_contents
 .text.genimg_get_kernel_addr_fit
                0x0000000000220288       0x1c common/built-in.o
                0x0000000000220288                genimg_get_kernel_addr_fit
 .text.genimg_get_format
                0x00000000002202a4       0x40 common/built-in.o
                0x00000000002202a4                genimg_get_format
 .text.genimg_get_image
                0x00000000002202e4        0x4 common/built-in.o
                0x00000000002202e4                genimg_get_image
 .text.genimg_has_config
                0x00000000002202e8        0x8 common/built-in.o
                0x00000000002202e8                genimg_has_config
 .text.boot_get_ramdisk
                0x00000000002202f0      0x234 common/built-in.o
                0x00000000002202f0                boot_get_ramdisk
 .text.boot_ramdisk_high
                0x0000000000220524      0x138 common/built-in.o
                0x0000000000220524                boot_ramdisk_high
 .text.image_setup_linux
                0x000000000022065c       0x80 common/built-in.o
                0x000000000022065c                image_setup_linux
 .text.fdt_error
                0x00000000002206dc       0x38 common/built-in.o
 .text.boot_fdt_add_mem_rsv_regions
                0x0000000000220714       0x9c common/built-in.o
                0x0000000000220714                boot_fdt_add_mem_rsv_regions
 .text.boot_relocate_fdt
                0x00000000002207b0      0x1a4 common/built-in.o
                0x00000000002207b0                boot_relocate_fdt
 .text.boot_get_fdt
                0x0000000000220954      0x278 common/built-in.o
                0x0000000000220954                boot_get_fdt
 .text.ft_verify_fdt
                0x0000000000220bcc        0x8 common/built-in.o
                0x0000000000220bcc                ft_verify_fdt
 .text.image_setup_libfdt
                0x0000000000220bd4       0xf4 common/built-in.o
                0x0000000000220bd4                image_setup_libfdt
 .text.get_ram_size
                0x0000000000220cc8       0xe8 common/built-in.o
                0x0000000000220cc8                get_ram_size
 .text.get_effective_memsize
                0x0000000000220db0        0x8 common/built-in.o
                0x0000000000220db0                get_effective_memsize
 .text.stdio_serial_tstc
                0x0000000000220db8        0x4 common/built-in.o
 .text.stdio_serial_getc
                0x0000000000220dbc        0x4 common/built-in.o
 .text.stdio_serial_puts
                0x0000000000220dc0        0x8 common/built-in.o
 .text.stdio_serial_putc
                0x0000000000220dc8        0x8 common/built-in.o
 .text.stdio_get_by_name
                0x0000000000220dd0       0x68 common/built-in.o
                0x0000000000220dd0                stdio_get_by_name
 .text.stdio_clone
                0x0000000000220e38       0x50 common/built-in.o
                0x0000000000220e38                stdio_clone
 .text.stdio_register_dev
                0x0000000000220e88       0x5c common/built-in.o
                0x0000000000220e88                stdio_register_dev
 .text.stdio_register
                0x0000000000220ee4        0x8 common/built-in.o
                0x0000000000220ee4                stdio_register
 .text.stdio_init_tables
                0x0000000000220eec       0x1c common/built-in.o
                0x0000000000220eec                stdio_init_tables
 .text.stdio_add_devices
                0x0000000000220f08       0x78 common/built-in.o
                0x0000000000220f08                stdio_add_devices
 .text.get_panel_node.isra.1
                0x0000000000220f80      0x11c drivers/built-in.o
 .text.display_init
                0x000000000022109c      0x54c drivers/built-in.o
 .text.connector_pclist_parse_dt
                0x00000000002215e8      0x1d8 drivers/built-in.o
                0x00000000002215e8                connector_pclist_parse_dt
 .text.connector_panel_power_prepare
                0x00000000002217c0       0x88 drivers/built-in.o
                0x00000000002217c0                connector_panel_power_prepare
 .text.display_logo
                0x0000000000221848      0x23c drivers/built-in.o
 .text.connector_panel_power_unprepare
                0x0000000000221a84       0x4c drivers/built-in.o