storage.c:234:6:FW_ReIntForUpdate	32	static
storage.c:245:6:FW_SorageLowFormatEn	0	static
storage.c:250:6:FW_SorageLowFormat	32	static
storage.c:264:8:FW_StorageGetValid	0	static
storage.c:275:8:FW_GetCurEraseBlock	16	static
storage.c:293:8:FW_GetTotleBlk	16	static
storage.c:305:5:StorageReadPba	16	static
storage.c:317:5:StorageWritePba	16	static
storage.c:329:5:StorageReadLba	16	static
storage.c:341:5:StorageWriteLba	16	static
storage.c:353:8:StorageGetCapacity	16	static
storage.c:365:8:StorageSysDataLoad	32	static
storage.c:378:8:StorageSysDataStore	16	static
storage.c:392:8:StorageUbootSysDataLoad	0	static
storage.c:397:8:StorageUbootSysDataStore	0	static
storage.c:402:8:StorageVendorSysDataLoad	64	static
storage.c:421:8:StorageVendorSysDataStore	64	static
storage.c:437:5:StorageReadFlashInfo	16	static
storage.c:450:5:StorageEraseBlock	16	static
storage.c:462:8:StorageGetBootMedia	0	static
storage.c:467:8:StorageGetSDFwOffset	0	static
storage.c:481:8:StorageGetSDSysOffset	0	static
storage.c:495:5:StorageReadId	16	static
storage.c:509:6:StorageSDCardUpdateMode	16	static
storage.c:517:6:StorageSDCardBootMode	16	static
storage.c:589:5:vendor_storage_init	96	static
storage.c:211:7:StorageInit	32	static
storage.c:629:5:vendor_storage_read	32	static
storage.c:646:5:vendor_storage_write	48	static
