fdtdec.c:503:20:get_prop_check_min_len	64	static
fdtdec.c:90:13:fdtdec_get_compatible	0	static
fdtdec.c:97:12:fdtdec_get_addr_size	48	static
fdtdec.c:125:12:fdtdec_get_addr	0	static
fdtdec.c:132:10:fdtdec_get_reg	16	static
fdtdec.c:169:10:fdtdec_get_uint64	48	static
fdtdec.c:182:5:fdtdec_get_is_enabled	16	static
fdtdec.c:199:20:fdtdec_lookup	48	static
fdtdec.c:211:5:fdtdec_next_compatible	0	static
fdtdec.c:217:5:fdtdec_next_compatible_subnode	64	static
fdtdec.c:232:5:fdtdec_next_alias	96	static
fdtdec.c:263:5:fdtdec_add_aliases_for_id	128	dynamic
fdtdec.c:254:5:fdtdec_find_aliases_for_id	64	static
fdtdec.c:377:5:fdtdec_get_alias_seq	112	static
fdtdec.c:419:5:fdtdec_get_alias_node	64	static
fdtdec.c:434:5:fdtdec_get_chosen_node	64	static
fdtdec.c:466:5:fdtdec_prepare_fdt	16	static
fdtdec.c:449:5:fdtdec_check_fdt	16	static
fdtdec.c:478:5:fdtdec_lookup_phandle	32	static
fdtdec.c:520:5:fdtdec_get_int_array	48	static
fdtdec.c:536:5:fdtdec_get_int_array_count	64	static
fdtdec.c:556:12:fdtdec_locate_array	32	static
fdtdec.c:567:5:fdtdec_get_bool	32	static
fdtdec.c:591:5:fdtdec_decode_gpios	96	static
fdtdec.c:669:5:fdtdec_decode_gpio	16	static
fdtdec.c:681:5:fdtdec_get_gpio	32	static
fdtdec.c:692:5:fdtdec_set_gpio	0	static
fdtdec.c:701:5:fdtdec_setup_gpio	16	static
fdtdec.c:715:5:fdtdec_get_byte_array	48	static
fdtdec.c:727:11:fdtdec_locate_byte_array	32	static
fdtdec.c:739:5:fdtdec_get_config_int	48	static
fdtdec.c:751:5:fdtdec_get_config_bool	48	static
fdtdec.c:765:7:fdtdec_get_config_string	64	static
fdtdec.c:783:5:fdtdec_decode_region	64	static
fdtdec.c:814:5:fdtdec_read_fmap_entry	64	static
fdtdec.c:837:5:fdtdec_get_number	0	static
fdtdec.c:847:5:fdt_get_resource	112	static
fdtdec.c:881:5:fdt_get_named_resource	64	static
fdtdec.c:894:5:fdtdec_pci_get_bdf	48	static
fdtdec.c:908:5:fdtdec_decode_memory_region	160	static
