rk32_mipi_dsi.c:299:12:rk32_dsi_set_bits	16	static
rk32_mipi_dsi.c:1177:12:rk32_mipi_dsi_is_enable	16	static
rk32_mipi_dsi.c:1204:12:rk32_mipi_dsi_enable_hs_clk	16	static
rk32_mipi_dsi.c:1195:12:rk32_mipi_dsi_enable_command_mode	16	static
rk32_mipi_dsi.c:1186:12:rk32_mipi_dsi_enable_video_mode	16	static
rk32_mipi_dsi.c:1432:12:rk32_mipi_dsi_read_dcs_packet	32	static
rk32_mipi_dsi.c:343:12:rk32_dwc_phy_test_wr.constprop	32	static
rk32_mipi_dsi.c:1499:12:rk32_mipi_dsi_get_id	0	static
rk32_mipi_dsi.c:1212:12:rk32_mipi_dsi_is_active	0	static
rk32_mipi_dsi.c:881:12:rk32_mipi_dsi_host_power_up	48	static
rk32_mipi_dsi.c:1291:12:rk32_mipi_dsi_send_packet	64	static
rk32_mipi_dsi.c:206:5:rk32_mipi_dsi_clk_enable	0	static
rk32_mipi_dsi.c:361:12:rk32_phy_power_up	32	static
rk32_mipi_dsi.c:1078:12:rk_mipi_dsi_init	96	static
rk32_mipi_dsi.c:1475:12:rk32_mipi_dsi_power_up	32	static
rk32_mipi_dsi.c:228:5:rk32_mipi_dsi_clk_disable	0	static
rk32_mipi_dsi.c:1484:12:rk32_mipi_dsi_power_down	32	static
rk32_mipi_dsi.c:1800:5:rk32_dsi_sync	16	static
rk32_mipi_dsi.c:1840:5:rk32_dsi_refresh	96	static
rk32_mipi_dsi.c:1900:5:rk32_dsi_disable	16	static
rk32_mipi_dsi.c:1913:5:rk32_dsi_enable	32	static
rk32_mipi_dsi.c:2058:5:rk_dsi_host_parse_dt	96	static
rk32_mipi_dsi.c:2130:5:rk32_mipi_enable	96	static
