hw_SDController.c:456:14:_ReadRemainData	16	static
hw_SDController.c:525:13:_SDCISTHandle	80	static
hw_SDController.c:86:14:_ControlClock	64	static
hw_SDController.c:196:14:_ChangeFreq	80	static
hw_SDController.c:284:14:_WaitCardBusy	48	static
hw_SDController.c:71:6:eMMC_SetDataHigh	16	static
hw_SDController.c:660:6:_SDC0IST	0	static
hw_SDController.c:673:6:_SDC1IST	0	static
hw_SDController.c:686:6:_SDC2IST	0	static
hw_SDController.c:794:8:SDC_IsCardIdValid	0	static
hw_SDController.c:812:8:SDC_IsCardPresence	0	static
hw_SDController.c:827:8:SDC_IsCardWriteProtected	0	static
hw_SDController.c:842:8:SDC_GetHostBusWidth	0	static
hw_SDController.c:863:7:SDC_SetHostBusWidth	32	static
hw_SDController.c:887:5:eMMC_Switch_ToMaskRom	16	static
hw_SDController.c:911:7:SDC_ResetController	64	static
hw_SDController.c:700:6:SDC_Init	48	static
hw_SDController.c:1005:7:SDC_UpdateCardFreq	32	static
hw_SDController.c:1028:7:SDC_ControlClock	32	static
hw_SDController.c:1058:7:SDC_ControlPower	32	static
hw_SDController.c:1076:7:SDC_SetDDRTuning	0	static
hw_SDController.c:1095:7:SDC_SetDDRMode	0	static
hw_SDController.c:1122:7:SDC_WaitCardBusy	0	static
hw_SDController.c:1270:7:SDC_BusRequest	160	static
