dwc3_rk_udc.c:132:12:dwc3_gadget_ep0_enable	0	static
dwc3_rk_udc.c:138:12:dwc3_gadget_ep0_disable	0	static
dwc3_rk_udc.c:1044:12:dwc3_gadget_get_frame	0	static
dwc3_rk_udc.c:1185:12:dwc3_gadget_set_selfpowered	0	static
dwc3_rk_udc.c:2097:13:dwc3_event_buffers_cleanup	0	static
dwc3_rk_udc.c:159:13:dwc3_gadget_ep_free_request	0	static
dwc3_rk_udc.c:1522:13:dwc3_gadget_free_endpoints	48	static
dwc3_rk_udc.c:143:28:dwc3_gadget_ep_alloc_request	32	static
dwc3_rk_udc.c:1900:13:dwc3_free_scratch_buffers	0	static
dwc3_rk_udc.c:1252:12:dwc3_gadget_pullup	48	static
dwc3_rk_udc.c:747:13:dwc3_prepare_trbs	32	static
dwc3_rk_udc.c:1430:12:dwc3_gadget_init_hw_endpoints	96	static
dwc3_rk_udc.c:64:5:usb_gadget_map_request	0	static
dwc3_rk_udc.c:76:6:usb_gadget_unmap_request	0	static
dwc3_rk_udc.c:86:6:usb_gadget_giveback_request	16	static
dwc3_rk_udc.c:98:6:usb_gadget_set_state	0	static
dwc3_rk_udc.c:167:5:dwc3_send_gadget_ep_cmd	48	static
dwc3_rk_udc.c:812:12:__dwc3_gadget_kick_transfer	80	static
dwc3_rk_udc.c:198:13:dwc3_stop_active_transfer.constprop	64	static
dwc3_rk_udc.c:1009:12:dwc3_gadget_ep_queue	48	static
dwc3_rk_udc.c:543:12:__dwc3_gadget_ep_enable.constprop	80	static
dwc3_rk_udc.c:599:12:dwc3_gadget_ep_enable	48	static
dwc3_rk_udc.c:241:6:dwc3_gadget_giveback	64	static
dwc3_rk_udc.c:489:13:dwc3_remove_requests	32	static
dwc3_rk_udc.c:281:12:dwc3_gadget_ep_dequeue	48	static
dwc3_rk_udc.c:2758:13:dwc3_endpoint_transfer_complete	80	static
dwc3_rk_udc.c:326:5:__dwc3_gadget_ep_set_halt	64	static
dwc3_rk_udc.c:511:12:__dwc3_gadget_ep_disable	32	static
dwc3_rk_udc.c:1381:12:dwc3_gadget_stop	32	static
dwc3_rk_udc.c:1290:12:dwc3_gadget_start	64	static
dwc3_rk_udc.c:644:12:dwc3_gadget_ep_disable	32	static
dwc3_rk_udc.c:368:12:dwc3_gadget_ep_set_wedge	0	static
dwc3_rk_udc.c:994:12:dwc3_gadget_ep_set_halt	0	static
dwc3_rk_udc.c:1053:5:dwc3_gadget_set_link_state	48	static
dwc3_rk_udc.c:1105:12:dwc3_gadget_wakeup	48	static
dwc3_rk_udc.c:1549:5:dwc3_gadget_init	48	static
dwc3_rk_udc.c:1810:5:dwc3_send_gadget_generic_command	32	static
dwc3_rk_udc.c:2133:6:dwc3_gadget_exit	32	static
dwc3_rk_udc.c:2151:6:dwc3_uboot_exit	32	static
dwc3_rk_udc.c:2165:5:dwc3_uboot_init	80	static
dwc3_rk_udc.c:3053:6:udc_disconnect	0	static
dwc3_rk_udc.c:3058:5:rk_dwc3_connect	32	static
dwc3_rk_udc.c:3087:6:rk_dwc3_disconnect	0	static
dwc3_rk_udc.c:3094:6:rk_dwc3_startup	48	static
dwc3_rk_udc.c:3140:5:rockusb_clear_feature	48	static
dwc3_rk_udc.c:3165:5:RK_Dwc3ReadBulkEndpoint	32	static
dwc3_rk_udc.c:3186:5:RK_Dwc3WriteBulkEndpoint	48	static
dwc3_rk_udc.c:3207:10:GetVbus	0	static
dwc3_rk_udc.c:3220:6:ClearVbus	0	static
dwc3_rk_udc.c:2283:13:dwc3_gadget_disconnect_interrupt	32	static
dwc3_rk_udc.c:2359:13:dwc3_gadget_reset_interrupt	64	static
dwc3_rk_udc.c:3031:6:dwc3_gadget_uboot_handle_interrupt	128	static
dwc3_rk_udc.c:3048:6:dwc3_uboot_handle_interrupt	0	static
