board_f.c:146:12:display_text_info	0	static
board_f.c:266:12:setup_mon_len	0	static
board_f.c:281:12:arch_cpu_init	0	static
board_f.c:341:12:setup_fdt	0	static
board_f.c:435:12:reserve_round_4k	0	static
board_f.c:443:12:reserve_mmu	0	static
board_f.c:460:12:reserve_lcd	0	static
board_f.c:482:12:reserve_trace	0	static
board_f.c:495:12:reserve_global_buffers	0	static
board_f.c:538:12:reserve_uboot	0	static
board_f.c:561:12:reserve_malloc	0	static
board_f.c:583:12:setup_machine	0	static
board_f.c:591:12:reserve_global_data	0	static
board_f.c:600:12:reserve_fdt	0	static
board_f.c:637:12:display_new_sp	0	static
board_f.c:815:12:initf_malloc	0	static
board_f.c:826:12:initf_dm	0	static
board_f.c:751:12:setup_reloc	16	static
board_f.c:741:12:reloc_fdt	16	static
board_f.c:174:12:announce_dram_init	16	static
board_f.c:140:12:init_baud_rate	32	static
board_f.c:808:12:mark_bootstage	16	static
board_f.c:570:12:reserve_board	16	static
board_f.c:88:13:coloured_LED_init	0	static
board_f.c:89:13:red_led_on	0	static
board_f.c:90:13:red_led_off	0	static
board_f.c:91:13:green_led_on	0	static
board_f.c:92:13:green_led_off	0	static
board_f.c:93:13:yellow_led_on	0	static
board_f.c:94:13:yellow_led_off	0	static
board_f.c:95:13:blue_led_on	0	static
board_f.c:96:13:blue_led_off	0	static
board_f.c:135:13:board_add_ram_info	0	static
board_f.c:199:12:show_dram_config	16	static
board_f.c:226:13:dram_init_banksize	32	static
board_f.c:733:12:setup_dram_config	16	static
board_f.c:364:14:board_get_usable_ram_top	0	static
board_f.c:369:12:setup_dest_addr	32	static
board_f.c:619:5:arch_reserve_stacks	0	static
board_f.c:624:12:reserve_stacks	0	static
board_f.c:1036:6:board_init_f	464	static
