cmd_fastboot.c:345:6:fbt_dwc3_rx_handler	0	static
cmd_fastboot.c:356:6:fbt_dwc3_tx_handler	0	static
cmd_fastboot.c:818:20:getvar_version	0	static
cmd_fastboot.c:824:20:getvar_version_baseband	0	static
cmd_fastboot.c:829:20:getvar_version_bootloader	0	static
cmd_fastboot.c:834:20:getvar_unlocked	0	static
cmd_fastboot.c:839:20:getvar_secure	0	static
cmd_fastboot.c:845:20:getvar_product	0	static
cmd_fastboot.c:850:20:getvar_serialno	0	static
cmd_fastboot.c:394:13:str2wide	48	static
cmd_fastboot.c:876:20:getvar_checksum	96	static
cmd_fastboot.c:959:20:getvar_partition_offset	32	static
cmd_fastboot.c:977:20:getvar_partition_size	32	static
cmd_fastboot.c:855:20:getvar_partition_type	48	static
cmd_fastboot.c:749:12:fbt_handle_erase	64	static
cmd_fastboot.c:304:5:fbt_write_bulk_ep	0	static
cmd_fastboot.c:1838:13:fbt_handle_response	64	static
cmd_fastboot.c:1109:12:fbt_send_raw_info	64	static
cmd_fastboot.c:1086:13:fbt_handle_reboot	32	static
cmd_fastboot.c:312:5:fbt_read_bulk_ep	0	static
cmd_fastboot.c:320:6:fbt_event_handler_for_dwc3	0	static
cmd_fastboot.c:367:6:fbt_init_dwc3_udc_instance	64	static
cmd_fastboot.c:1848:12:do_fastboot	432	static
cmd_fastboot.c:696:6:fbt_fastboot_init	64	static
cmd_fastboot.c:1957:5:fbt_log	64	static
cmd_fastboot.c:1980:5:fbt_send_info	32	static
